Archive member included to satisfy reference by file (symbol)

C:/ST/STM32CubeIDE_1.19.0/STM32CubeIDE/plugins/com.st.stm32cube.ide.mcu.externaltools.gnu-tools-for-stm32.13.3.rel1.win32_1.0.0.202411081344/tools/bin/../lib/gcc/arm-none-eabi/13.3.1/../../../../arm-none-eabi/lib/thumb/v6-m/nofp\libc_nano.a(libc_a-exit.o)
                              C:/ST/STM32CubeIDE_1.19.0/STM32CubeIDE/plugins/com.st.stm32cube.ide.mcu.externaltools.gnu-tools-for-stm32.13.3.rel1.win32_1.0.0.202411081344/tools/bin/../lib/gcc/arm-none-eabi/13.3.1/../../../../arm-none-eabi/lib/thumb/v6-m/nofp/crt0.o (exit)
C:/ST/STM32CubeIDE_1.19.0/STM32CubeIDE/plugins/com.st.stm32cube.ide.mcu.externaltools.gnu-tools-for-stm32.13.3.rel1.win32_1.0.0.202411081344/tools/bin/../lib/gcc/arm-none-eabi/13.3.1/../../../../arm-none-eabi/lib/thumb/v6-m/nofp\libc_nano.a(libc_a-findfp.o)
                              C:/ST/STM32CubeIDE_1.19.0/STM32CubeIDE/plugins/com.st.stm32cube.ide.mcu.externaltools.gnu-tools-for-stm32.13.3.rel1.win32_1.0.0.202411081344/tools/bin/../lib/gcc/arm-none-eabi/13.3.1/../../../../arm-none-eabi/lib/thumb/v6-m/nofp\libc_nano.a(libc_a-exit.o) (__stdio_exit_handler)
C:/ST/STM32CubeIDE_1.19.0/STM32CubeIDE/plugins/com.st.stm32cube.ide.mcu.externaltools.gnu-tools-for-stm32.13.3.rel1.win32_1.0.0.202411081344/tools/bin/../lib/gcc/arm-none-eabi/13.3.1/../../../../arm-none-eabi/lib/thumb/v6-m/nofp\libc_nano.a(libc_a-fwalk.o)
                              C:/ST/STM32CubeIDE_1.19.0/STM32CubeIDE/plugins/com.st.stm32cube.ide.mcu.externaltools.gnu-tools-for-stm32.13.3.rel1.win32_1.0.0.202411081344/tools/bin/../lib/gcc/arm-none-eabi/13.3.1/../../../../arm-none-eabi/lib/thumb/v6-m/nofp\libc_nano.a(libc_a-findfp.o) (_fwalk_sglue)
C:/ST/STM32CubeIDE_1.19.0/STM32CubeIDE/plugins/com.st.stm32cube.ide.mcu.externaltools.gnu-tools-for-stm32.13.3.rel1.win32_1.0.0.202411081344/tools/bin/../lib/gcc/arm-none-eabi/13.3.1/../../../../arm-none-eabi/lib/thumb/v6-m/nofp\libc_nano.a(libc_a-stdio.o)
                              C:/ST/STM32CubeIDE_1.19.0/STM32CubeIDE/plugins/com.st.stm32cube.ide.mcu.externaltools.gnu-tools-for-stm32.13.3.rel1.win32_1.0.0.202411081344/tools/bin/../lib/gcc/arm-none-eabi/13.3.1/../../../../arm-none-eabi/lib/thumb/v6-m/nofp\libc_nano.a(libc_a-findfp.o) (__sread)
C:/ST/STM32CubeIDE_1.19.0/STM32CubeIDE/plugins/com.st.stm32cube.ide.mcu.externaltools.gnu-tools-for-stm32.13.3.rel1.win32_1.0.0.202411081344/tools/bin/../lib/gcc/arm-none-eabi/13.3.1/../../../../arm-none-eabi/lib/thumb/v6-m/nofp\libc_nano.a(libc_a-memset.o)
                              C:/ST/STM32CubeIDE_1.19.0/STM32CubeIDE/plugins/com.st.stm32cube.ide.mcu.externaltools.gnu-tools-for-stm32.13.3.rel1.win32_1.0.0.202411081344/tools/bin/../lib/gcc/arm-none-eabi/13.3.1/../../../../arm-none-eabi/lib/thumb/v6-m/nofp/crt0.o (memset)
C:/ST/STM32CubeIDE_1.19.0/STM32CubeIDE/plugins/com.st.stm32cube.ide.mcu.externaltools.gnu-tools-for-stm32.13.3.rel1.win32_1.0.0.202411081344/tools/bin/../lib/gcc/arm-none-eabi/13.3.1/../../../../arm-none-eabi/lib/thumb/v6-m/nofp\libc_nano.a(libc_a-closer.o)
                              C:/ST/STM32CubeIDE_1.19.0/STM32CubeIDE/plugins/com.st.stm32cube.ide.mcu.externaltools.gnu-tools-for-stm32.13.3.rel1.win32_1.0.0.202411081344/tools/bin/../lib/gcc/arm-none-eabi/13.3.1/../../../../arm-none-eabi/lib/thumb/v6-m/nofp\libc_nano.a(libc_a-stdio.o) (_close_r)
C:/ST/STM32CubeIDE_1.19.0/STM32CubeIDE/plugins/com.st.stm32cube.ide.mcu.externaltools.gnu-tools-for-stm32.13.3.rel1.win32_1.0.0.202411081344/tools/bin/../lib/gcc/arm-none-eabi/13.3.1/../../../../arm-none-eabi/lib/thumb/v6-m/nofp\libc_nano.a(libc_a-reent.o)
                              C:/ST/STM32CubeIDE_1.19.0/STM32CubeIDE/plugins/com.st.stm32cube.ide.mcu.externaltools.gnu-tools-for-stm32.13.3.rel1.win32_1.0.0.202411081344/tools/bin/../lib/gcc/arm-none-eabi/13.3.1/../../../../arm-none-eabi/lib/thumb/v6-m/nofp\libc_nano.a(libc_a-closer.o) (errno)
C:/ST/STM32CubeIDE_1.19.0/STM32CubeIDE/plugins/com.st.stm32cube.ide.mcu.externaltools.gnu-tools-for-stm32.13.3.rel1.win32_1.0.0.202411081344/tools/bin/../lib/gcc/arm-none-eabi/13.3.1/../../../../arm-none-eabi/lib/thumb/v6-m/nofp\libc_nano.a(libc_a-impure.o)
                              C:/ST/STM32CubeIDE_1.19.0/STM32CubeIDE/plugins/com.st.stm32cube.ide.mcu.externaltools.gnu-tools-for-stm32.13.3.rel1.win32_1.0.0.202411081344/tools/bin/../lib/gcc/arm-none-eabi/13.3.1/../../../../arm-none-eabi/lib/thumb/v6-m/nofp\libc_nano.a(libc_a-reent.o) (_impure_ptr)
C:/ST/STM32CubeIDE_1.19.0/STM32CubeIDE/plugins/com.st.stm32cube.ide.mcu.externaltools.gnu-tools-for-stm32.13.3.rel1.win32_1.0.0.202411081344/tools/bin/../lib/gcc/arm-none-eabi/13.3.1/../../../../arm-none-eabi/lib/thumb/v6-m/nofp\libc_nano.a(libc_a-lseekr.o)
[...]
Memory Configuration

Name             Origin             Length             Attributes
RAM              0x20000000         0x00001000         xrw
FLASH            0x08000000         0x00008000         xr
*default*        0x00000000         0xffffffff

Linker script and memory map

LOAD C:/ST/STM32CubeIDE_1.19.0/STM32CubeIDE/plugins/com.st.stm32cube.ide.mcu.externaltools.gnu-tools-for-stm32.13.3.rel1.win32_1.0.0.202411081344/tools/bin/../lib/gcc/arm-none-eabi/13.3.1/thumb/v6-m/nofp/crti.o
LOAD C:/ST/STM32CubeIDE_1.19.0/STM32CubeIDE/plugins/com.st.stm32cube.ide.mcu.externaltools.gnu-tools-for-stm32.13.3.rel1.win32_1.0.0.202411081344/tools/bin/../lib/gcc/arm-none-eabi/13.3.1/thumb/v6-m/nofp/crtbegin.o
LOAD C:/ST/STM32CubeIDE_1.19.0/STM32CubeIDE/plugins/com.st.stm32cube.ide.mcu.externaltools.gnu-tools-for-stm32.13.3.rel1.win32_1.0.0.202411081344/tools/bin/../lib/gcc/arm-none-eabi/13.3.1/../../../../arm-none-eabi/lib/thumb/v6-m/nofp/crt0.o
LOAD ./Core/Src/app_logic.o
LOAD C:\Users\embedded\AppData\Local\Temp\ccUVX5RE.ltrans0.ltrans.o
LOAD C:\Users\embedded\AppData\Local\Temp\ccZXT0jg.debug.temp.o
LOAD C:\Users\embedded\AppData\Local\Temp\ccoGvCpq.debug.temp.o
LOAD C:\Users\embedded\AppData\Local\Temp\ccFSICYz.debug.temp.o
LOAD C:\Users\embedded\AppData\Local\Temp\ccjCNiYB.debug.temp.o
LOAD C:\Users\embedded\AppData\Local\Temp\cczTrFmD.debug.temp.o
LOAD C:\Users\embedded\AppData\Local\Temp\ccjqw1XE.debug.temp.o
LOAD C:\Users\embedded\AppData\Local\Temp\cc1Bkk7F.debug.temp.o
LOAD C:\Users\embedded\AppData\Local\Temp\ccHKZGeG.debug.temp.o
LOAD C:\Users\embedded\AppData\Local\Temp\ccNiTrAK.debug.temp.o
LOAD C:\Users\embedded\AppData\Local\Temp\ccpL30kO.debug.temp.o
LOAD C:\Users\embedded\AppData\Local\Temp\ccpsFfqR.debug.temp.o
LOAD C:\Users\embedded\AppData\Local\Temp\cc37NCMU.debug.temp.o
LOAD C:\Users\embedded\AppData\Local\Temp\cc3W3ntX.debug.temp.o
LOAD C:\Users\embedded\AppData\Local\Temp\ccJF9Et4.debug.temp.o
LOAD C:\Users\embedded\AppData\Local\Temp\ccfznira.debug.temp.o
LOAD C:\Users\embedded\AppData\Local\Temp\ccrEaYPg.debug.temp.o
LOAD C:\Users\embedded\AppData\Local\Temp\cchEQE5m.debug.temp.o
LOAD C:\Users\embedded\AppData\Local\Temp\cch7qsTs.debug.temp.o
LOAD C:\Users\embedded\AppData\Local\Temp\ccTVKIEx.debug.temp.o
LOAD C:\Users\embedded\AppData\Local\Temp\ccvAPREG.debug.temp.o
LOAD C:\Users\embedded\AppData\Local\Temp\ccf3H2WP.debug.temp.o
LOAD C:\Users\embedded\AppData\Local\Temp\cc9cM9gY.debug.temp.o
LOAD C:\Users\embedded\AppData\Local\Temp\cchYlF95.debug.temp.o
LOAD C:\Users\embedded\AppData\Local\Temp\cc7Jofae.debug.temp.o
LOAD C:\Users\embedded\AppData\Local\Temp\ccTDqUIl.debug.temp.o
LOAD C:\Users\embedded\AppData\Local\Temp\cc7V5Cix.debug.temp.o
LOAD C:\Users\embedded\AppData\Local\Temp\ccbZLEUH.debug.temp.o
LOAD C:\Users\embedded\AppData\Local\Temp\cctDX44R.debug.temp.o
LOAD C:\Users\embedded\AppData\Local\Temp\ccxqt7r2.debug.temp.o
LOAD C:\Users\embedded\AppData\Local\Temp\ccBpdIic.debug.temp.o
LOAD C:\Users\embedded\AppData\Local\Temp\ccHx31Np.debug.temp.o
LOAD C:\Users\embedded\AppData\Local\Temp\ccjAaaIC.debug.temp.o
LOAD C:\Users\embedded\AppData\Local\Temp\cc78spaP.debug.temp.o
LOAD C:\Users\embedded\AppData\Local\Temp\ccR7LPT1.debug.temp.o
LOAD C:\Users\embedded\AppData\Local\Temp\ccHvuDbe.debug.temp.o
LOAD C:\Users\embedded\AppData\Local\Temp\cchxJz7t.debug.temp.o
LOAD C:\Users\embedded\AppData\Local\Temp\ccloFMnJ.debug.temp.o
LOAD C:\Users\embedded\AppData\Local\Temp\ccTK5OgY.debug.temp.o
LOAD C:\Users\embedded\AppData\Local\Temp\ccTnpZtc.debug.temp.o
LOAD C:\Users\embedded\AppData\Local\Temp\ccf65oUq.debug.temp.o
LOAD C:\Users\embedded\AppData\Local\Temp\ccZc3JDJ.debug.temp.o
LOAD C:\Users\embedded\AppData\Local\Temp\ccfehTL1.debug.temp.o
LOAD C:\Users\embedded\AppData\Local\Temp\ccnZahNi.debug.temp.o
LOAD ./Core/Src/battery.o
LOAD ./Core/Src/ble_jdy29.o
LOAD ./Core/Src/ble_protocol.o
LOAD ./Core/Src/bma253.o
LOAD ./Core/Src/bringup_test.o
LOAD ./Core/Src/buzzer.o
LOAD ./Core/Src/data_storage.o
LOAD ./Core/Src/device_state.o
LOAD ./Core/Src/ee_store.o
LOAD ./Core/Src/hx711.o
LOAD ./Core/Src/main.o
LOAD ./Core/Src/ntc_temp.o
LOAD ./Core/Src/rtc_manager.o
LOAD ./Core/Src/rtc_pcf8563.o
LOAD ./Core/Src/sensors.o
LOAD ./Core/Src/stm32f0xx_hal_msp.o
LOAD ./Core/Src/stm32f0xx_it.o
LOAD ./Core/Src/syscalls.o
LOAD ./Core/Src/sysmem.o
LOAD ./Core/Src/system_stm32f0xx.o
LOAD ./Core/Src/tds_sensor.o
LOAD ./Core/Src/ws2812b.o
LOAD ./Core/Startup/startup_stm32f030k6tx.o
LOAD ./Drivers/STM32F0xx_HAL_Driver/Src/stm32f0xx_hal.o
LOAD ./Drivers/STM32F0xx_HAL_Driver/Src/stm32f0xx_hal_adc.o
LOAD ./Drivers/STM32F0xx_HAL_Driver/Src/stm32f0xx_hal_adc_ex.o
LOAD ./Drivers/STM32F0xx_HAL_Driver/Src/stm32f0xx_hal_cortex.o
LOAD ./Drivers/STM32F0xx_HAL_Driver/Src/stm32f0xx_hal_dma.o
LOAD ./Drivers/STM32F0xx_HAL_Driver/Src/stm32f0xx_hal_exti.o
LOAD ./Drivers/STM32F0xx_HAL_Driver/Src/stm32f0xx_hal_flash.o
LOAD ./Drivers/STM32F0xx_HAL_Driver/Src/stm32f0xx_hal_flash_ex.o
LOAD ./Drivers/STM32F0xx_HAL_Driver/Src/stm32f0xx_hal_gpio.o
LOAD ./Drivers/STM32F0xx_HAL_Driver/Src/stm32f0xx_hal_i2c.o
LOAD ./Drivers/STM32F0xx_HAL_Driver/Src/stm32f0xx_hal_i2c_ex.o
LOAD ./Drivers/STM32F0xx_HAL_Driver/Src/stm32f0xx_hal_iwdg.o
LOAD ./Drivers/STM32F0xx_HAL_Driver/Src/stm32f0xx_hal_pwr.o
LOAD ./Drivers/STM32F0xx_HAL_Driver/Src/stm32f0xx_hal_pwr_ex.o
LOAD ./Drivers/STM32F0xx_HAL_Driver/Src/stm32f0xx_hal_rcc.o
LOAD ./Drivers/STM32F0xx_HAL_Driver/Src/stm32f0xx_hal_rcc_ex.o
LOAD ./Drivers/STM32F0xx_HAL_Driver/Src/stm32f0xx_hal_tim.o
LOAD ./Drivers/STM32F0xx_HAL_Driver/Src/stm32f0xx_hal_tim_ex.o
LOAD ./Drivers/STM32F0xx_HAL_Driver/Src/stm32f0xx_hal_uart.o
LOAD ./Drivers/STM32F0xx_HAL_Driver/Src/stm32f0xx_hal_uart_ex.o
START GROUP
LOAD C:/ST/STM32CubeIDE_1.19.0/STM32CubeIDE/plugins/com.st.stm32cube.ide.mcu.externaltools.gnu-tools-for-stm32.13.3.rel1.win32_1.0.0.202411081344/tools/bin/../lib/gcc/arm-none-eabi/13.3.1/../../../../arm-none-eabi/lib/thumb/v6-m/nofp\libc_nano.a
LOAD C:/ST/STM32CubeIDE_1.19.0/STM32CubeIDE/plugins/com.st.stm32cube.ide.mcu.externaltools.gnu-tools-for-stm32.13.3.rel1.win32_1.0.0.202411081344/tools/bin/../lib/gcc/arm-none-eabi/13.3.1/../../../../arm-none-eabi/lib/thumb/v6-m/nofp\libm.a
END GROUP
START GROUP
LOAD C:/ST/STM32CubeIDE_1.19.0/STM32CubeIDE/plugins/com.st.stm32cube.ide.mcu.externaltools.gnu-tools-for-stm32.13.3.rel1.win32_1.0.0.202411081344/tools/bin/../lib/gcc/arm-none-eabi/13.3.1/thumb/v6-m/nofp\libgcc.a
LOAD C:/ST/STM32CubeIDE_1.19.0/STM32CubeIDE/plugins/com.st.stm32cube.ide.mcu.externaltools.gnu-tools-for-stm32.13.3.rel1.win32_1.0.0.202411081344/tools/bin/../lib/gcc/arm-none-eabi/13.3.1/../../../../arm-none-eabi/lib/thumb/v6-m/nofp\libc_nano.a
END GROUP
START GROUP
LOAD C:/ST/STM32CubeIDE_1.19.0/STM32CubeIDE/plugins/com.st.stm32cube.ide.mcu.externaltools.gnu-tools-for-stm32.13.3.rel1.win32_1.0.0.202411081344/tools/bin/../lib/gcc/arm-none-eabi/13.3.1/thumb/v6-m/nofp\libgcc.a
LOAD C:/ST/STM32CubeIDE_1.19.0/STM32CubeIDE/plugins/com.st.stm32cube.ide.mcu.externaltools.gnu-tools-for-stm32.13.3.rel1.win32_1.0.0.202411081344/tools/bin/../lib/gcc/arm-none-eabi/13.3.1/../../../../arm-none-eabi/lib/thumb/v6-m/nofp\libc_nano.a
LOAD C:/ST/STM32CubeIDE_1.19.0/STM32CubeIDE/plugins/com.st.stm32cube.ide.mcu.externaltools.gnu-tools-for-stm32.13.3.rel1.win32_1.0.0.202411081344/tools/bin/../lib/gcc/arm-none-eabi/13.3.1/../../../../arm-none-eabi/lib/thumb/v6-m/nofp\libnosys.a
END GROUP
START GROUP
LOAD C:/ST/STM32CubeIDE_1.19.0/STM32CubeIDE/plugins/com.st.stm32cube.ide.mcu.externaltools.gnu-tools-for-stm32.13.3.rel1.win32_1.0.0.202411081344/tools/bin/../lib/gcc/arm-none-eabi/13.3.1/thumb/v6-m/nofp\libgcc.a
LOAD C:/ST/STM32CubeIDE_1.19.0/STM32CubeIDE/plugins/com.st.stm32cube.ide.mcu.externaltools.gnu-tools-for-stm32.13.3.rel1.win32_1.0.0.202411081344/tools/bin/../lib/gcc/arm-none-eabi/13.3.1/../../../../arm-none-eabi/lib/thumb/v6-m/nofp\libc_nano.a
LOAD C:/ST/STM32CubeIDE_1.19.0/STM32CubeIDE/plugins/com.st.stm32cube.ide.mcu.externaltools.gnu-tools-for-stm32.13.3.rel1.win32_1.0.0.202411081344/tools/bin/../lib/gcc/arm-none-eabi/13.3.1/../../../../arm-none-eabi/lib/thumb/v6-m/nofp\libnosys.a
END GROUP
LOAD C:/ST/STM32CubeIDE_1.19.0/STM32CubeIDE/plugins/com.st.stm32cube.ide.mcu.externaltools.gnu-tools-for-stm32.13.3.rel1.win32_1.0.0.202411081344/tools/bin/../lib/gcc/arm-none-eabi/13.3.1/thumb/v6-m/nofp/crtend.o
LOAD C:/ST/STM32CubeIDE_1.19.0/STM32CubeIDE/plugins/com.st.stm32cube.ide.mcu.externaltools.gnu-tools-for-stm32.13.3.rel1.win32_1.0.0.202411081344/tools/bin/../lib/gcc/arm-none-eabi/13.3.1/thumb/v6-m/nofp/crtn.o
                0x20001000                        _estack = (ORIGIN (RAM) + LENGTH (RAM))
                0x00000200                        _Min_Heap_Size = 0x200
                0x00000400                        _Min_Stack_Size = 0x400

.isr_vector     0x08000000       0xc0
                0x08000000                        . = ALIGN (0x4)
 *(.isr_vector)
 .isr_vector    0x08000000       0xc0 ./Core/Startup/startup_stm32f030k6tx.o
                0x08000000                g_pfnVectors
                0x080000c0                        . = ALIGN (0x4)

.text           0x080000c0     0x6c70
                0x080000c0                        . = ALIGN (0x4)
 *(.text)
 .text          0x080000c0       0x48 C:/ST/STM32CubeIDE_1.19.0/STM32CubeIDE/plugins/com.st.stm32cube.ide.mcu.externaltools.gnu-tools-for-stm32.13.3.rel1.win32_1.0.0.202411081344/tools/bin/../lib/gcc/arm-none-eabi/13.3.1/thumb/v6-m/nofp/crtbegin.o
 .text          0x08000108     0x59e8 C:\Users\embedded\AppData\Local\Temp\ccUVX5RE.ltrans0.ltrans.o
                0x080055b0                NMI_Handler
                0x080055b2                HardFault_Handler
                0x080055b4                SVC_Handler
                0x080055b6                PendSV_Handler
                0x080055b8                SysTick_Handler
                0x080055c8                EXTI0_1_IRQHandler
                0x080055dc                EXTI4_15_IRQHandler
                0x08005608                DMA1_Channel2_3_IRQHandler
                0x080056cc                ADC1_IRQHandler
                0x080057a0                USART1_IRQHandler
                0x08005a60                _exit
                0x08005a6c                _read
                0x08005a86                _write
                0x08005aa0                _close
                0x08005aa6                _lseek
                0x08005aaa                _sbrk
                0x08005aec                SystemInit
 .text          0x08005af0       0x14 C:/ST/STM32CubeIDE_1.19.0/STM32CubeIDE/plugins/com.st.stm32cube.ide.mcu.externaltools.gnu-tools-for-stm32.13.3.rel1.win32_1.0.0.202411081344/tools/bin/../lib/gcc/arm-none-eabi/13.3.1/../../../../arm-none-eabi/lib/thumb/v6-m/nofp\libc_nano.a(libc_a-strcmp.o)
                0x08005af0                strcmp
 .text          0x08005b04        0xe C:/ST/STM32CubeIDE_1.19.0/STM32CubeIDE/plugins/com.st.stm32cube.ide.mcu.externaltools.gnu-tools-for-stm32.13.3.rel1.win32_1.0.0.202411081344/tools/bin/../lib/gcc/arm-none-eabi/13.3.1/../../../../arm-none-eabi/lib/thumb/v6-m/nofp\libc_nano.a(libc_a-strlen.o)
                0x08005b04                strlen
 *fill*         0x08005b12        0x2 
 .text          0x08005b14       0x14 C:/ST/STM32CubeIDE_1.19.0/STM32CubeIDE/plugins/com.st.stm32cube.ide.mcu.externaltools.gnu-tools-for-stm32.13.3.rel1.win32_1.0.0.202411081344/tools/bin/../lib/gcc/arm-none-eabi/13.3.1/thumb/v6-m/nofp\libgcc.a(_thumb1_case_uqi.o)
                0x08005b14                __gnu_thumb1_case_uqi
 .text          0x08005b28       0x14 C:/ST/STM32CubeIDE_1.19.0/STM32CubeIDE/plugins/com.st.stm32cube.ide.mcu.externaltools.gnu-tools-for-stm32.13.3.rel1.win32_1.0.0.202411081344/tools/bin/../lib/gcc/arm-none-eabi/13.3.1/thumb/v6-m/nofp\libgcc.a(_thumb1_case_uhi.o)
                0x08005b28                __gnu_thumb1_case_uhi
 .text          0x08005b3c      0x114 C:/ST/STM32CubeIDE_1.19.0/STM32CubeIDE/plugins/com.st.stm32cube.ide.mcu.externaltools.gnu-tools-for-stm32.13.3.rel1.win32_1.0.0.202411081344/tools/bin/../lib/gcc/arm-none-eabi/13.3.1/thumb/v6-m/nofp\libgcc.a(_udivsi3.o)
                0x08005b3c                __aeabi_uidiv
                0x08005b3c                __udivsi3
                0x08005c48                __aeabi_uidivmod
 .text          0x08005c50      0x1d4 C:/ST/STM32CubeIDE_1.19.0/STM32CubeIDE/plugins/com.st.stm32cube.ide.mcu.externaltools.gnu-tools-for-stm32.13.3.rel1.win32_1.0.0.202411081344/tools/bin/../lib/gcc/arm-none-eabi/13.3.1/thumb/v6-m/nofp\libgcc.a(_divsi3.o)
                0x08005c50                __divsi3
                0x08005c50                __aeabi_idiv
                0x08005e1c                __aeabi_idivmod
 .text          0x08005e24        0x4 C:/ST/STM32CubeIDE_1.19.0/STM32CubeIDE/plugins/com.st.stm32cube.ide.mcu.externaltools.gnu-tools-for-stm32.13.3.rel1.win32_1.0.0.202411081344/tools/bin/../lib/gcc/arm-none-eabi/13.3.1/thumb/v6-m/nofp\libgcc.a(_dvmd_tls.o)
                0x08005e24                __aeabi_idiv0
                0x08005e24                __aeabi_ldiv0
 .text          0x08005e28       0x48 C:/ST/STM32CubeIDE_1.19.0/STM32CubeIDE/plugins/com.st.stm32cube.ide.mcu.externaltools.gnu-tools-for-stm32.13.3.rel1.win32_1.0.0.202411081344/tools/bin/../lib/gcc/arm-none-eabi/13.3.1/thumb/v6-m/nofp\libgcc.a(_aeabi_ldivmod.o)
                0x08005e28                __aeabi_ldivmod
 .text          0x08005e70       0x5c C:/ST/STM32CubeIDE_1.19.0/STM32CubeIDE/plugins/com.st.stm32cube.ide.mcu.externaltools.gnu-tools-for-stm32.13.3.rel1.win32_1.0.0.202411081344/tools/bin/../lib/gcc/arm-none-eabi/13.3.1/thumb/v6-m/nofp\libgcc.a(_muldi3.o)
                0x08005e70                __muldi3
                0x08005e70                __aeabi_lmul
 .text          0x08005ecc       0x3c C:/ST/STM32CubeIDE_1.19.0/STM32CubeIDE/plugins/com.st.stm32cube.ide.mcu.externaltools.gnu-tools-for-stm32.13.3.rel1.win32_1.0.0.202411081344/tools/bin/../lib/gcc/arm-none-eabi/13.3.1/thumb/v6-m/nofp\libgcc.a(bpabi.o)
                0x08005ecc                __gnu_ldivmod_helper
 .text          0x08005f08       0x18 C:/ST/STM32CubeIDE_1.19.0/STM32CubeIDE/plugins/com.st.stm32cube.ide.mcu.externaltools.gnu-tools-for-stm32.13.3.rel1.win32_1.0.0.202411081344/tools/bin/../lib/gcc/arm-none-eabi/13.3.1/thumb/v6-m/nofp\libgcc.a(_clzdi2.o)
                0x08005f08                __clzdi2
 .text          0x08005f20      0x1d8 C:/ST/STM32CubeIDE_1.19.0/STM32CubeIDE/plugins/com.st.stm32cube.ide.mcu.externaltools.gnu-tools-for-stm32.13.3.rel1.win32_1.0.0.202411081344/tools/bin/../lib/gcc/arm-none-eabi/13.3.1/thumb/v6-m/nofp\libgcc.a(_divdi3.o)
                0x08005f20                __divdi3
 .text          0x080060f8       0x3c C:/ST/STM32CubeIDE_1.19.0/STM32CubeIDE/plugins/com.st.stm32cube.ide.mcu.externaltools.gnu-tools-for-stm32.13.3.rel1.win32_1.0.0.202411081344/tools/bin/../lib/gcc/arm-none-eabi/13.3.1/thumb/v6-m/nofp\libgcc.a(_clzsi2.o)
                0x080060f8                __clzsi2
 *(.text*)
 .text.startup  0x08006134      0xaf4 C:\Users\embedded\AppData\Local\Temp\ccUVX5RE.ltrans0.ltrans.o
                0x08006134                main
 .text.Reset_Handler
                0x08006c28       0x50 ./Core/Startup/startup_stm32f030k6tx.o
                0x08006c28                Reset_Handler
 .text.Default_Handler
                0x08006c78        0x2 ./Core/Startup/startup_stm32f030k6tx.o
                0x08006c78                TIM1_CC_IRQHandler
                0x08006c78                I2C1_IRQHandler
                0x08006c78                SPI1_IRQHandler
                0x08006c78                EXTI2_3_IRQHandler
                0x08006c78                TIM17_IRQHandler
                0x08006c78                RTC_IRQHandler
                0x08006c78                TIM16_IRQHandler
                0x08006c78                TIM3_IRQHandler
                0x08006c78                RCC_IRQHandler
                0x08006c78                DMA1_Channel1_IRQHandler
                0x08006c78                Default_Handler
                0x08006c78                TIM14_IRQHandler
                0x08006c78                DMA1_Channel4_5_IRQHandler
                0x08006c78                WWDG_IRQHandler
                0x08006c78                FLASH_IRQHandler
                0x08006c78                TIM1_BRK_UP_TRG_COM_IRQHandler
 .text.memset   0x08006c7a       0x10 C:/ST/STM32CubeIDE_1.19.0/STM32CubeIDE/plugins/com.st.stm32cube.ide.mcu.externaltools.gnu-tools-for-stm32.13.3.rel1.win32_1.0.0.202411081344/tools/bin/../lib/gcc/arm-none-eabi/13.3.1/../../../../arm-none-eabi/lib/thumb/v6-m/nofp\libc_nano.a(libc_a-memset.o)
                0x08006c7a                memset
 *fill*         0x08006c8a        0x2 
 .text.__errno  0x08006c8c        0xc C:/ST/STM32CubeIDE_1.19.0/STM32CubeIDE/plugins/com.st.stm32cube.ide.mcu.externaltools.gnu-tools-for-stm32.13.3.rel1.win32_1.0.0.202411081344/tools/bin/../lib/gcc/arm-none-eabi/13.3.1/../../../../arm-none-eabi/lib/thumb/v6-m/nofp\libc_nano.a(libc_a-errno.o)
                0x08006c8c                __errno
 .text.__libc_init_array
                0x08006c98       0x48 C:/ST/STM32CubeIDE_1.19.0/STM32CubeIDE/plugins/com.st.stm32cube.ide.mcu.externaltools.gnu-tools-for-stm32.13.3.rel1.win32_1.0.0.202411081344/tools/bin/../lib/gcc/arm-none-eabi/13.3.1/../../../../arm-none-eabi/lib/thumb/v6-m/nofp\libc_nano.a(libc_a-init.o)
                0x08006c98                __libc_init_array
 .text.memmove  0x08006ce0       0x24 C:/ST/STM32CubeIDE_1.19.0/STM32CubeIDE/plugins/com.st.stm32cube.ide.mcu.externaltools.gnu-tools-for-stm32.13.3.rel1.win32_1.0.0.202411081344/tools/bin/../lib/gcc/arm-none-eabi/13.3.1/../../../../arm-none-eabi/lib/thumb/v6-m/nofp\libc_nano.a(libc_a-memmove.o)
                0x08006ce0                memmove
 .text.memcpy   0x08006d04       0x12 C:/ST/STM32CubeIDE_1.19.0/STM32CubeIDE/plugins/com.st.stm32cube.ide.mcu.externaltools.gnu-tools-for-stm32.13.3.rel1.win32_1.0.0.202411081344/tools/bin/../lib/gcc/arm-none-eabi/13.3.1/../../../../arm-none-eabi/lib/thumb/v6-m/nofp\libc_nano.a(libc_a-memcpy-stub.o)
                0x08006d04                memcpy
 *(.glue_7)
 .glue_7        0x08006d16        0x0 linker stubs
 *(.glue_7t)
 .glue_7t       0x08006d16        0x0 linker stubs
 *(.eh_frame)
 *fill*         0x08006d16        0x2 
 .eh_frame      0x08006d18        0x0 C:/ST/STM32CubeIDE_1.19.0/STM32CubeIDE/plugins/com.st.stm32cube.ide.mcu.externaltools.gnu-tools-for-stm32.13.3.rel1.win32_1.0.0.202411081344/tools/bin/../lib/gcc/arm-none-eabi/13.3.1/thumb/v6-m/nofp/crtbegin.o
 *(.init)
 .init          0x08006d18        0x4 C:/ST/STM32CubeIDE_1.19.0/STM32CubeIDE/plugins/com.st.stm32cube.ide.mcu.externaltools.gnu-tools-for-stm32.13.3.rel1.win32_1.0.0.202411081344/tools/bin/../lib/gcc/arm-none-eabi/13.3.1/thumb/v6-m/nofp/crti.o
                0x08006d18                _init
 .init          0x08006d1c        0x8 C:/ST/STM32CubeIDE_1.19.0/STM32CubeIDE/plugins/com.st.stm32cube.ide.mcu.externaltools.gnu-tools-for-stm32.13.3.rel1.win32_1.0.0.202411081344/tools/bin/../lib/gcc/arm-none-eabi/13.3.1/thumb/v6-m/nofp/crtn.o
 *(.fini)
 .fini          0x08006d24        0x4 C:/ST/STM32CubeIDE_1.19.0/STM32CubeIDE/plugins/com.st.stm32cube.ide.mcu.externaltools.gnu-tools-for-stm32.13.3.rel1.win32_1.0.0.202411081344/tools/bin/../lib/gcc/arm-none-eabi/13.3.1/thumb/v6-m/nofp/crti.o
                0x08006d24                _fini
 .fini          0x08006d28        0x8 C:/ST/STM32CubeIDE_1.19.0/STM32CubeIDE/plugins/com.st.stm32cube.ide.mcu.externaltools.gnu-tools-for-stm32.13.3.rel1.win32_1.0.0.202411081344/tools/bin/../lib/gcc/arm-none-eabi/13.3.1/thumb/v6-m/nofp/crtn.o
                0x08006d30                        . = ALIGN (0x4)
                0x08006d30                        _etext = .

.vfp11_veneer   0x08006d30        0x0
 .vfp11_veneer  0x08006d30        0x0 linker stubs

.v4_bx          0x08006d30        0x0
 .v4_bx         0x08006d30        0x0 linker stubs

.iplt           0x08006d30        0x0
 .iplt          0x08006d30        0x0 C:/ST/STM32CubeIDE_1.19.0/STM32CubeIDE/plugins/com.st.stm32cube.ide.mcu.externaltools.gnu-tools-for-stm32.13.3.rel1.win32_1.0.0.202411081344/tools/bin/../lib/gcc/arm-none-eabi/13.3.1/thumb/v6-m/nofp/crtbegin.o

.rodata         0x08006d30      0x504
                0x08006d30                        . = ALIGN (0x4)
 *(.rodata)
 .rodata        0x08006d30      0x1be C:\Users\embedded\AppData\Local\Temp\ccUVX5RE.ltrans0.ltrans.o
 *(.rodata*)
 .rodata.str1.1
                0x08006eee      0x343 C:\Users\embedded\AppData\Local\Temp\ccUVX5RE.ltrans0.ltrans.o
                                0x361 (size before relaxing)
                0x08007234                        . = ALIGN (0x4)
 *fill*         0x08007231        0x3 

.ARM.extab      0x08007234        0x0
                0x08007234                        . = ALIGN (0x4)
 *(.ARM.extab* .gnu.linkonce.armextab.*)
                0x08007234                        . = ALIGN (0x4)

.ARM            0x08007234        0x8
                0x08007234                        . = ALIGN (0x4)
                0x08007234                        __exidx_start = .
 *(.ARM.exidx*)
 .ARM.exidx     0x08007234        0x8 C:/ST/STM32CubeIDE_1.19.0/STM32CubeIDE/plugins/com.st.stm32cube.ide.mcu.externaltools.gnu-tools-for-stm32.13.3.rel1.win32_1.0.0.202411081344/tools/bin/../lib/gcc/arm-none-eabi/13.3.1/thumb/v6-m/nofp\libgcc.a(_divdi3.o)
                0x0800723c                        __exidx_end = .
                0x0800723c                        . = ALIGN (0x4)

.preinit_array  0x0800723c        0x0
                0x0800723c                        . = ALIGN (0x4)
                0x0800723c                        PROVIDE (__preinit_array_start = .)
 *(.preinit_array*)
                0x0800723c                        PROVIDE (__preinit_array_end = .)
                0x0800723c                        . = ALIGN (0x4)

.init_array     0x0800723c        0x4
                0x0800723c                        . = ALIGN (0x4)
                0x0800723c                        PROVIDE (__init_array_start = .)
 *(SORT_BY_NAME(.init_array.*))
 *(.init_array*)
 .init_array    0x0800723c        0x4 C:/ST/STM32CubeIDE_1.19.0/STM32CubeIDE/plugins/com.st.stm32cube.ide.mcu.externaltools.gnu-tools-for-stm32.13.3.rel1.win32_1.0.0.202411081344/tools/bin/../lib/gcc/arm-none-eabi/13.3.1/thumb/v6-m/nofp/crtbegin.o
                0x08007240                        PROVIDE (__init_array_end = .)
                0x08007240                        . = ALIGN (0x4)

.fini_array     0x08007240        0x4
                0x08007240                        . = ALIGN (0x4)
                [!provide]                        PROVIDE (__fini_array_start = .)
 *(SORT_BY_NAME(.fini_array.*))
 *(.fini_array*)
 .fini_array    0x08007240        0x4 C:/ST/STM32CubeIDE_1.19.0/STM32CubeIDE/plugins/com.st.stm32cube.ide.mcu.externaltools.gnu-tools-for-stm32.13.3.rel1.win32_1.0.0.202411081344/tools/bin/../lib/gcc/arm-none-eabi/13.3.1/thumb/v6-m/nofp/crtbegin.o
                [!provide]                        PROVIDE (__fini_array_end = .)
                0x08007244                        . = ALIGN (0x4)
                0x08007244                        _sidata = LOADADDR (.data)

.rel.dyn        0x08007244        0x0
 .rel.iplt      0x08007244        0x0 C:/ST/STM32CubeIDE_1.19.0/STM32CubeIDE/plugins/com.st.stm32cube.ide.mcu.externaltools.gnu-tools-for-stm32.13.3.rel1.win32_1.0.0.202411081344/tools/bin/../lib/gcc/arm-none-eabi/13.3.1/thumb/v6-m/nofp/crtbegin.o

.data           0x20000000       0x60 load address 0x08007244
                0x20000000                        . = ALIGN (0x4)
                0x20000000                        _sdata = .
 *(.data)
 .data          0x20000000        0xe C:\Users\embedded\AppData\Local\Temp\ccUVX5RE.ltrans0.ltrans.o
 *(.data*)
 *fill*         0x2000000e        0x2 
 .data._impure_ptr
                0x20000010        0x4 C:/ST/STM32CubeIDE_1.19.0/STM32CubeIDE/plugins/com.st.stm32cube.ide.mcu.externaltools.gnu-tools-for-stm32.13.3.rel1.win32_1.0.0.202411081344/tools/bin/../lib/gcc/arm-none-eabi/13.3.1/../../../../arm-none-eabi/lib/thumb/v6-m/nofp\libc_nano.a(libc_a-impure.o)
                0x20000010                _impure_ptr
 .data._impure_data
                0x20000014       0x4c C:/ST/STM32CubeIDE_1.19.0/STM32CubeIDE/plugins/com.st.stm32cube.ide.mcu.externaltools.gnu-tools-for-stm32.13.3.rel1.win32_1.0.0.202411081344/tools/bin/../lib/gcc/arm-none-eabi/13.3.1/../../../../arm-none-eabi/lib/thumb/v6-m/nofp\libc_nano.a(libc_a-impure.o)
                0x20000014                _impure_data
 *(.RamFunc)
 *(.RamFunc*)
                0x20000060                        . = ALIGN (0x4)
                0x20000060                        _edata = .

.igot.plt       0x20000060        0x0 load address 0x080072a4
 .igot.plt      0x20000060        0x0 C:/ST/STM32CubeIDE_1.19.0/STM32CubeIDE/plugins/com.st.stm32cube.ide.mcu.externaltools.gnu-tools-for-stm32.13.3.rel1.win32_1.0.0.202411081344/tools/bin/../lib/gcc/arm-none-eabi/13.3.1/thumb/v6-m/nofp/crtbegin.o
                0x20000060                        . = ALIGN (0x4)

.bss            0x20000060      0x7d0 load address 0x080072a4
                0x20000060                        _sbss = .
                0x20000060                        __bss_start__ = _sbss
 *(.bss)
 .bss           0x20000060       0x1c C:/ST/STM32CubeIDE_1.19.0/STM32CubeIDE/plugins/com.st.stm32cube.ide.mcu.externaltools.gnu-tools-for-stm32.13.3.rel1.win32_1.0.0.202411081344/tools/bin/../lib/gcc/arm-none-eabi/13.3.1/thumb/v6-m/nofp/crtbegin.o
 *fill*         0x2000007c        0x4 
 .bss           0x20000080      0x678 C:\Users\embedded\AppData\Local\Temp\ccUVX5RE.ltrans0.ltrans.o
 *(.bss*)
 .bss.__sf      0x200006f8      0x138 C:/ST/STM32CubeIDE_1.19.0/STM32CubeIDE/plugins/com.st.stm32cube.ide.mcu.externaltools.gnu-tools-for-stm32.13.3.rel1.win32_1.0.0.202411081344/tools/bin/../lib/gcc/arm-none-eabi/13.3.1/../../../../arm-none-eabi/lib/thumb/v6-m/nofp\libc_nano.a(libc_a-findfp.o)
                0x200006f8                __sf
 *(COMMON)
                0x20000830                        . = ALIGN (0x4)
                0x20000830                        _ebss = .
                0x20000830                        __bss_end__ = _ebss

._user_heap_stack
                0x20000830      0x600 load address 0x080072a4
                0x20000830                        . = ALIGN (0x8)
                [!provide]                        PROVIDE (end = .)
                0x20000830                        PROVIDE (_end = .)
                0x20000a30                        . = (. + _Min_Heap_Size)
 *fill*         0x20000830      0x200 
                0x20000e30                        . = (. + _Min_Stack_Size)
 *fill*         0x20000a30      0x400 
                0x20000e30                        . = ALIGN (0x8)

/DISCARD/
 libc.a(*)
 libm.a(*)
 libgcc.a(*)

.ARM.attributes
                0x00000000       0x28
 *(.ARM.attributes)
 .ARM.attributes
                0x00000000       0x1e C:/ST/STM32CubeIDE_1.19.0/STM32CubeIDE/plugins/com.st.stm32cube.ide.mcu.externaltools.gnu-tools-for-stm32.13.3.rel1.win32_1.0.0.202411081344/tools/bin/../lib/gcc/arm-none-eabi/13.3.1/thumb/v6-m/nofp/crti.o
 .ARM.attributes
                0x0000001e       0x2c C:/ST/STM32CubeIDE_1.19.0/STM32CubeIDE/plugins/com.st.stm32cube.ide.mcu.externaltools.gnu-tools-for-stm32.13.3.rel1.win32_1.0.0.202411081344/tools/bin/../lib/gcc/arm-none-eabi/13.3.1/thumb/v6-m/nofp/crtbegin.o
 .ARM.attributes
                0x0000004a       0x2a C:\Users\embedded\AppData\Local\Temp\ccUVX5RE.ltrans0.ltrans.o
 .ARM.attributes
                0x00000074       0x21 ./Core/Startup/startup_stm32f030k6tx.o
 .ARM.attributes
                0x00000095       0x2c C:/ST/STM32CubeIDE_1.19.0/STM32CubeIDE/plugins/com.st.stm32cube.ide.mcu.externaltools.gnu-tools-for-stm32.13.3.rel1.win32_1.0.0.202411081344/tools/bin/../lib/gcc/arm-none-eabi/13.3.1/../../../../arm-none-eabi/lib/thumb/v6-m/nofp\libc_nano.a(libc_a-findfp.o)
 .ARM.attributes
                0x000000c1       0x2c C:/ST/STM32CubeIDE_1.19.0/STM32CubeIDE/plugins/com.st.stm32cube.ide.mcu.externaltools.gnu-tools-for-stm32.13.3.rel1.win32_1.0.0.202411081344/tools/bin/../lib/gcc/arm-none-eabi/13.3.1/../../../../arm-none-eabi/lib/thumb/v6-m/nofp\libc_nano.a(libc_a-memset.o)
 .ARM.attributes
                0x000000ed       0x2c C:/ST/STM32CubeIDE_1.19.0/STM32CubeIDE/plugins/com.st.stm32cube.ide.mcu.externaltools.gnu-tools-for-stm32.13.3.rel1.win32_1.0.0.202411081344/tools/bin/../lib/gcc/arm-none-eabi/13.3.1/../../../../arm-none-eabi/lib/thumb/v6-m/nofp\libc_nano.a(libc_a-impure.o)
 .ARM.attributes
                0x00000119       0x2c C:/ST/STM32CubeIDE_1.19.0/STM32CubeIDE/plugins/com.st.stm32cube.ide.mcu.externaltools.gnu-tools-for-stm32.13.3.rel1.win32_1.0.0.202411081344/tools/bin/../lib/gcc/arm-none-eabi/13.3.1/../../../../arm-none-eabi/lib/thumb/v6-m/nofp\libc_nano.a(libc_a-errno.o)
 .ARM.attributes
                0x00000145       0x2c C:/ST/STM32CubeIDE_1.19.0/STM32CubeIDE/plugins/com.st.stm32cube.ide.mcu.externaltools.gnu-tools-for-stm32.13.3.rel1.win32_1.0.0.202411081344/tools/bin/../lib/gcc/arm-none-eabi/13.3.1/../../../../arm-none-eabi/lib/thumb/v6-m/nofp\libc_nano.a(libc_a-init.o)
 .ARM.attributes
                0x00000171       0x2c C:/ST/STM32CubeIDE_1.19.0/STM32CubeIDE/plugins/com.st.stm32cube.ide.mcu.externaltools.gnu-tools-for-stm32.13.3.rel1.win32_1.0.0.202411081344/tools/bin/../lib/gcc/arm-none-eabi/13.3.1/../../../../arm-none-eabi/lib/thumb/v6-m/nofp\libc_nano.a(libc_a-memmove.o)
 .ARM.attributes
                0x0000019d       0x1c C:/ST/STM32CubeIDE_1.19.0/STM32CubeIDE/plugins/com.st.stm32cube.ide.mcu.externaltools.gnu-tools-for-stm32.13.3.rel1.win32_1.0.0.202411081344/tools/bin/../lib/gcc/arm-none-eabi/13.3.1/../../../../arm-none-eabi/lib/thumb/v6-m/nofp\libc_nano.a(libc_a-strcmp.o)
 .ARM.attributes
                0x000001b9       0x2c C:/ST/STM32CubeIDE_1.19.0/STM32CubeIDE/plugins/com.st.stm32cube.ide.mcu.externaltools.gnu-tools-for-stm32.13.3.rel1.win32_1.0.0.202411081344/tools/bin/../lib/gcc/arm-none-eabi/13.3.1/../../../../arm-none-eabi/lib/thumb/v6-m/nofp\libc_nano.a(libc_a-memcpy-stub.o)
 .ARM.attributes
                0x000001e5       0x1c C:/ST/STM32CubeIDE_1.19.0/STM32CubeIDE/plugins/com.st.stm32cube.ide.mcu.externaltools.gnu-tools-for-stm32.13.3.rel1.win32_1.0.0.202411081344/tools/bin/../lib/gcc/arm-none-eabi/13.3.1/../../../../arm-none-eabi/lib/thumb/v6-m/nofp\libc_nano.a(libc_a-strlen.o)
 .ARM.attributes
                0x00000201       0x1e C:/ST/STM32CubeIDE_1.19.0/STM32CubeIDE/plugins/com.st.stm32cube.ide.mcu.externaltools.gnu-tools-for-stm32.13.3.rel1.win32_1.0.0.202411081344/tools/bin/../lib/gcc/arm-none-eabi/13.3.1/thumb/v6-m/nofp\libgcc.a(_thumb1_case_uqi.o)
 .ARM.attributes
                0x0000021f       0x1e C:/ST/STM32CubeIDE_1.19.0/STM32CubeIDE/plugins/com.st.stm32cube.ide.mcu.externaltools.gnu-tools-for-stm32.13.3.rel1.win32_1.0.0.202411081344/tools/bin/../lib/gcc/arm-none-eabi/13.3.1/thumb/v6-m/nofp\libgcc.a(_thumb1_case_uhi.o)
 .ARM.attributes
                0x0000023d       0x1e C:/ST/STM32CubeIDE_1.19.0/STM32CubeIDE/plugins/com.st.stm32cube.ide.mcu.externaltools.gnu-tools-for-stm32.13.3.rel1.win32_1.0.0.202411081344/tools/bin/../lib/gcc/arm-none-eabi/13.3.1/thumb/v6-m/nofp\libgcc.a(_udivsi3.o)
 .ARM.attributes
                0x0000025b       0x1e C:/ST/STM32CubeIDE_1.19.0/STM32CubeIDE/plugins/com.st.stm32cube.ide.mcu.externaltools.gnu-tools-for-stm32.13.3.rel1.win32_1.0.0.202411081344/tools/bin/../lib/gcc/arm-none-eabi/13.3.1/thumb/v6-m/nofp\libgcc.a(_divsi3.o)
 .ARM.attributes
                0x00000279       0x1e C:/ST/STM32CubeIDE_1.19.0/STM32CubeIDE/plugins/com.st.stm32cube.ide.mcu.externaltools.gnu-tools-for-stm32.13.3.rel1.win32_1.0.0.202411081344/tools/bin/../lib/gcc/arm-none-eabi/13.3.1/thumb/v6-m/nofp\libgcc.a(_dvmd_tls.o)
 .ARM.attributes
                0x00000297       0x1e C:/ST/STM32CubeIDE_1.19.0/STM32CubeIDE/plugins/com.st.stm32cube.ide.mcu.externaltools.gnu-tools-for-stm32.13.3.rel1.win32_1.0.0.202411081344/tools/bin/../lib/gcc/arm-none-eabi/13.3.1/thumb/v6-m/nofp\libgcc.a(_aeabi_ldivmod.o)
 .ARM.attributes
                0x000002b5       0x2c C:/ST/STM32CubeIDE_1.19.0/STM32CubeIDE/plugins/com.st.stm32cube.ide.mcu.externaltools.gnu-tools-for-stm32.13.3.rel1.win32_1.0.0.202411081344/tools/bin/../lib/gcc/arm-none-eabi/13.3.1/thumb/v6-m/nofp\libgcc.a(_muldi3.o)
 .ARM.attributes
                0x000002e1       0x2c C:/ST/STM32CubeIDE_1.19.0/STM32CubeIDE/plugins/com.st.stm32cube.ide.mcu.externaltools.gnu-tools-for-stm32.13.3.rel1.win32_1.0.0.202411081344/tools/bin/../lib/gcc/arm-none-eabi/13.3.1/thumb/v6-m/nofp\libgcc.a(bpabi.o)
 .ARM.attributes
                0x0000030d       0x1e C:/ST/STM32CubeIDE_1.19.0/STM32CubeIDE/plugins/com.st.stm32cube.ide.mcu.externaltools.gnu-tools-for-stm32.13.3.rel1.win32_1.0.0.202411081344/tools/bin/../lib/gcc/arm-none-eabi/13.3.1/thumb/v6-m/nofp\libgcc.a(_clzdi2.o)
 .ARM.attributes
                0x0000032b       0x2c C:/ST/STM32CubeIDE_1.19.0/STM32CubeIDE/plugins/com.st.stm32cube.ide.mcu.externaltools.gnu-tools-for-stm32.13.3.rel1.win32_1.0.0.202411081344/tools/bin/../lib/gcc/arm-none-eabi/13.3.1/thumb/v6-m/nofp\libgcc.a(_divdi3.o)
 .ARM.attributes
                0x00000357       0x1e C:/ST/STM32CubeIDE_1.19.0/STM32CubeIDE/plugins/com.st.stm32cube.ide.mcu.externaltools.gnu-tools-for-stm32.13.3.rel1.win32_1.0.0.202411081344/tools/bin/../lib/gcc/arm-none-eabi/13.3.1/thumb/v6-m/nofp\libgcc.a(_clzsi2.o)
 .ARM.attributes
                0x00000375       0x1e C:/ST/STM32CubeIDE_1.19.0/STM32CubeIDE/plugins/com.st.stm32cube.ide.mcu.externaltools.gnu-tools-for-stm32.13.3.rel1.win32_1.0.0.202411081344/tools/bin/../lib/gcc/arm-none-eabi/13.3.1/thumb/v6-m/nofp/crtn.o
OUTPUT(water_bottle_1.elf elf32-littlearm)
LOAD linker stubs
LOAD C:/ST/STM32CubeIDE_1.19.0/STM32CubeIDE/plugins/com.st.stm32cube.ide.mcu.externaltools.gnu-tools-for-stm32.13.3.rel1.win32_1.0.0.202411081344/tools/bin/../lib/gcc/arm-none-eabi/13.3.1/../../../../arm-none-eabi/lib/thumb/v6-m/nofp\libc.a
LOAD C:/ST/STM32CubeIDE_1.19.0/STM32CubeIDE/plugins/com.st.stm32cube.ide.mcu.externaltools.gnu-tools-for-stm32.13.3.rel1.win32_1.0.0.202411081344/tools/bin/../lib/gcc/arm-none-eabi/13.3.1/../../../../arm-none-eabi/lib/thumb/v6-m/nofp\libm.a
LOAD C:/ST/STM32CubeIDE_1.19.0/STM32CubeIDE/plugins/com.st.stm32cube.ide.mcu.externaltools.gnu-tools-for-stm32.13.3.rel1.win32_1.0.0.202411081344/tools/bin/../lib/gcc/arm-none-eabi/13.3.1/thumb/v6-m/nofp\libgcc.a

.debug_info     0x00000000    0x23a19
 .debug_info    0x00000000     0xbfb5 C:\Users\embedded\AppData\Local\Temp\ccUVX5RE.ltrans0.ltrans.o
 .debug_info    0x0000bfb5     0x31d6 C:\Users\embedded\AppData\Local\Temp\ccZXT0jg.debug.temp.o
                0x0000bfb5                app_logic.c.e7243473
 .debug_info    0x0000f18b      0x9b2 C:\Users\embedded\AppData\Local\Temp\ccoGvCpq.debug.temp.o
                0x0000f18b                battery.c.a9ea9126
 .debug_info    0x0000fb3d      0xae1 C:\Users\embedded\AppData\Local\Temp\ccFSICYz.debug.temp.o
                0x0000fb3d                ble_jdy29.c.5ba46ed9
 .debug_info    0x0001061e      0x56c C:\Users\embedded\AppData\Local\Temp\ccjCNiYB.debug.temp.o
                0x0001061e                ble_protocol.c.0cc232f6
 .debug_info    0x00010b8a      0x8b1 C:\Users\embedded\AppData\Local\Temp\cc1Bkk7F.debug.temp.o
                0x00010b8a                buzzer.c.1eeec5d7
 .debug_info    0x0001143b      0x862 C:\Users\embedded\AppData\Local\Temp\ccHKZGeG.debug.temp.o
                0x0001143b                data_storage.c.9663f641
 .debug_info    0x00011c9d      0x465 C:\Users\embedded\AppData\Local\Temp\ccNiTrAK.debug.temp.o
                0x00011c9d                device_state.c.f392b79b
 .debug_info    0x00012102      0x9a6 C:\Users\embedded\AppData\Local\Temp\ccpL30kO.debug.temp.o
                0x00012102                ee_store.c.c90ec4be
 .debug_info    0x00012aa8      0x51c C:\Users\embedded\AppData\Local\Temp\ccpsFfqR.debug.temp.o
                0x00012aa8                hx711.c.5f45e7bf
 .debug_info    0x00012fc4     0x1901 C:\Users\embedded\AppData\Local\Temp\cc37NCMU.debug.temp.o
                0x00012fc4                main.c.2d50299b
 .debug_info    0x000148c5      0x78c C:\Users\embedded\AppData\Local\Temp\cc3W3ntX.debug.temp.o
                0x000148c5                ntc_temp.c.ef95e600
 .debug_info    0x00015051      0xa93 C:\Users\embedded\AppData\Local\Temp\ccJF9Et4.debug.temp.o
                0x00015051                rtc_manager.c.37242cd6
 .debug_info    0x00015ae4     0x1364 C:\Users\embedded\AppData\Local\Temp\cchEQE5m.debug.temp.o
                0x00015ae4                stm32f0xx_hal_msp.c.67fc09cb
 .debug_info    0x00016e48      0x8f6 C:\Users\embedded\AppData\Local\Temp\cch7qsTs.debug.temp.o
                0x00016e48                stm32f0xx_it.c.c36017c2
 .debug_info    0x0001773e      0x584 C:\Users\embedded\AppData\Local\Temp\ccTVKIEx.debug.temp.o
                0x0001773e                syscalls.c.2219a6e3
 .debug_info    0x00017cc2      0x144 C:\Users\embedded\AppData\Local\Temp\ccvAPREG.debug.temp.o
                0x00017cc2                sysmem.c.069f431d
 .debug_info    0x00017e06      0x208 C:\Users\embedded\AppData\Local\Temp\ccf3H2WP.debug.temp.o
                0x00017e06                system_stm32f0xx.c.5c0fa355
 .debug_info    0x0001800e      0x872 C:\Users\embedded\AppData\Local\Temp\cc9cM9gY.debug.temp.o
                0x0001800e                tds_sensor.c.404fb827
 .debug_info    0x00018880      0xb34 C:\Users\embedded\AppData\Local\Temp\cchYlF95.debug.temp.o
                0x00018880                ws2812b.c.1268e935
 .debug_info    0x000193b4      0x53d C:\Users\embedded\AppData\Local\Temp\cc7Jofae.debug.temp.o
                0x000193b4                stm32f0xx_hal.c.09a0d9da
 .debug_info    0x000198f1      0xaa8 C:\Users\embedded\AppData\Local\Temp\ccTDqUIl.debug.temp.o
                0x000198f1                stm32f0xx_hal_adc.c.dfbf60be
 .debug_info    0x0001a399      0x559 C:\Users\embedded\AppData\Local\Temp\cc7V5Cix.debug.temp.o
                0x0001a399                stm32f0xx_hal_adc_ex.c.b38eb596
 .debug_info    0x0001a8f2      0x51a C:\Users\embedded\AppData\Local\Temp\ccbZLEUH.debug.temp.o
                0x0001a8f2                stm32f0xx_hal_cortex.c.c69d2d14
 .debug_info    0x0001ae0c      0x5fa C:\Users\embedded\AppData\Local\Temp\cctDX44R.debug.temp.o
                0x0001ae0c                stm32f0xx_hal_dma.c.af7f9fda
 .debug_info    0x0001b406      0x425 C:\Users\embedded\AppData\Local\Temp\ccBpdIic.debug.temp.o
                0x0001b406                stm32f0xx_hal_flash.c.757f0756
 .debug_info    0x0001b82b      0x5c0 C:\Users\embedded\AppData\Local\Temp\ccHx31Np.debug.temp.o
                0x0001b82b                stm32f0xx_hal_flash_ex.c.a6061fff
 .debug_info    0x0001bdeb      0x51c C:\Users\embedded\AppData\Local\Temp\ccjAaaIC.debug.temp.o
                0x0001bdeb                stm32f0xx_hal_gpio.c.6d9a0353
 .debug_info    0x0001c307     0x1a0b C:\Users\embedded\AppData\Local\Temp\cc78spaP.debug.temp.o
                0x0001c307                stm32f0xx_hal_i2c.c.260d24ed
 .debug_info    0x0001dd12      0x786 C:\Users\embedded\AppData\Local\Temp\ccR7LPT1.debug.temp.o
                0x0001dd12                stm32f0xx_hal_i2c_ex.c.96a9afa6
 .debug_info    0x0001e498      0x74a C:\Users\embedded\AppData\Local\Temp\ccTK5OgY.debug.temp.o
                0x0001e498                stm32f0xx_hal_rcc.c.2e469fc3
 .debug_info    0x0001ebe2      0x30c C:\Users\embedded\AppData\Local\Temp\ccTnpZtc.debug.temp.o
                0x0001ebe2                stm32f0xx_hal_rcc_ex.c.97affc97
 .debug_info    0x0001eeee     0x20db C:\Users\embedded\AppData\Local\Temp\ccf65oUq.debug.temp.o
                0x0001eeee                stm32f0xx_hal_tim.c.521c9eb5
 .debug_info    0x00020fc9     0x1177 C:\Users\embedded\AppData\Local\Temp\ccZc3JDJ.debug.temp.o
                0x00020fc9                stm32f0xx_hal_tim_ex.c.29c6ad0f
 .debug_info    0x00022140     0x18a9 C:\Users\embedded\AppData\Local\Temp\ccfehTL1.debug.temp.o
                0x00022140                stm32f0xx_hal_uart.c.ad3272ca
 .debug_info    0x000239e9       0x30 ./Core/Startup/startup_stm32f030k6tx.o

.debug_abbrev   0x00000000     0x3e85
 .debug_abbrev  0x00000000      0x336 C:\Users\embedded\AppData\Local\Temp\ccUVX5RE.ltrans0.ltrans.o
 .debug_abbrev  0x00000336      0x2f6 C:\Users\embedded\AppData\Local\Temp\ccZXT0jg.debug.temp.o
 .debug_abbrev  0x0000062c      0x18d C:\Users\embedded\AppData\Local\Temp\ccoGvCpq.debug.temp.o
 .debug_abbrev  0x000007b9      0x1f6 C:\Users\embedded\AppData\Local\Temp\ccFSICYz.debug.temp.o
 .debug_abbrev  0x000009af      0x117 C:\Users\embedded\AppData\Local\Temp\ccjCNiYB.debug.temp.o
 .debug_abbrev  0x00000ac6      0x1fe C:\Users\embedded\AppData\Local\Temp\cc1Bkk7F.debug.temp.o
 .debug_abbrev  0x00000cc4      0x1c0 C:\Users\embedded\AppData\Local\Temp\ccHKZGeG.debug.temp.o
 .debug_abbrev  0x00000e84      0x19b C:\Users\embedded\AppData\Local\Temp\ccNiTrAK.debug.temp.o
 .debug_abbrev  0x0000101f      0x219 C:\Users\embedded\AppData\Local\Temp\ccpL30kO.debug.temp.o
 .debug_abbrev  0x00001238      0x1d6 C:\Users\embedded\AppData\Local\Temp\ccpsFfqR.debug.temp.o
 .debug_abbrev  0x0000140e      0x2ac C:\Users\embedded\AppData\Local\Temp\cc37NCMU.debug.temp.o
 .debug_abbrev  0x000016ba      0x17b C:\Users\embedded\AppData\Local\Temp\cc3W3ntX.debug.temp.o
 .debug_abbrev  0x00001835      0x1fb C:\Users\embedded\AppData\Local\Temp\ccJF9Et4.debug.temp.o
 .debug_abbrev  0x00001a30      0x23d C:\Users\embedded\AppData\Local\Temp\cchEQE5m.debug.temp.o
 .debug_abbrev  0x00001c6d      0x170 C:\Users\embedded\AppData\Local\Temp\cch7qsTs.debug.temp.o
 .debug_abbrev  0x00001ddd      0x152 C:\Users\embedded\AppData\Local\Temp\ccTVKIEx.debug.temp.o
 .debug_abbrev  0x00001f2f       0xac C:\Users\embedded\AppData\Local\Temp\ccvAPREG.debug.temp.o
 .debug_abbrev  0x00001fdb      0x102 C:\Users\embedded\AppData\Local\Temp\ccf3H2WP.debug.temp.o
 .debug_abbrev  0x000020dd      0x173 C:\Users\embedded\AppData\Local\Temp\cc9cM9gY.debug.temp.o
 .debug_abbrev  0x00002250      0x280 C:\Users\embedded\AppData\Local\Temp\cchYlF95.debug.temp.o
 .debug_abbrev  0x000024d0      0x207 C:\Users\embedded\AppData\Local\Temp\cc7Jofae.debug.temp.o
 .debug_abbrev  0x000026d7      0x1a5 C:\Users\embedded\AppData\Local\Temp\ccTDqUIl.debug.temp.o
 .debug_abbrev  0x0000287c      0x128 C:\Users\embedded\AppData\Local\Temp\cc7V5Cix.debug.temp.o
 .debug_abbrev  0x000029a4      0x1d9 C:\Users\embedded\AppData\Local\Temp\ccbZLEUH.debug.temp.o
 .debug_abbrev  0x00002b7d      0x185 C:\Users\embedded\AppData\Local\Temp\cctDX44R.debug.temp.o
 .debug_abbrev  0x00002d02      0x196 C:\Users\embedded\AppData\Local\Temp\ccBpdIic.debug.temp.o
 .debug_abbrev  0x00002e98      0x183 C:\Users\embedded\AppData\Local\Temp\ccHx31Np.debug.temp.o
 .debug_abbrev  0x0000301b      0x181 C:\Users\embedded\AppData\Local\Temp\ccjAaaIC.debug.temp.o
 .debug_abbrev  0x0000319c      0x1e6 C:\Users\embedded\AppData\Local\Temp\cc78spaP.debug.temp.o
 .debug_abbrev  0x00003382      0x1ac C:\Users\embedded\AppData\Local\Temp\ccR7LPT1.debug.temp.o
 .debug_abbrev  0x0000352e      0x208 C:\Users\embedded\AppData\Local\Temp\ccTK5OgY.debug.temp.o
 .debug_abbrev  0x00003736      0x147 C:\Users\embedded\AppData\Local\Temp\ccTnpZtc.debug.temp.o
 .debug_abbrev  0x0000387d      0x203 C:\Users\embedded\AppData\Local\Temp\ccf65oUq.debug.temp.o
 .debug_abbrev  0x00003a80      0x213 C:\Users\embedded\AppData\Local\Temp\ccZc3JDJ.debug.temp.o
 .debug_abbrev  0x00003c93      0x1ce C:\Users\embedded\AppData\Local\Temp\ccfehTL1.debug.temp.o
 .debug_abbrev  0x00003e61       0x24 ./Core/Startup/startup_stm32f030k6tx.o

.debug_loclists
                0x00000000     0x7b7e
 .debug_loclists
                0x00000000     0x7b7e C:\Users\embedded\AppData\Local\Temp\ccUVX5RE.ltrans0.ltrans.o

.debug_aranges  0x00000000       0x50
 .debug_aranges
                0x00000000       0x28 C:\Users\embedded\AppData\Local\Temp\ccUVX5RE.ltrans0.ltrans.o
 .debug_aranges
                0x00000028       0x28 ./Core/Startup/startup_stm32f030k6tx.o

.debug_rnglists
                0x00000000     0x12b2
 .debug_rnglists
                0x00000000     0x1299 C:\Users\embedded\AppData\Local\Temp\ccUVX5RE.ltrans0.ltrans.o
 .debug_rnglists
                0x00001299       0x19 ./Core/Startup/startup_stm32f030k6tx.o

.debug_line     0x00000000     0xc822
 .debug_line    0x00000000     0x9def C:\Users\embedded\AppData\Local\Temp\ccUVX5RE.ltrans0.ltrans.o
 .debug_line    0x00009def      0x1b1 C:\Users\embedded\AppData\Local\Temp\ccZXT0jg.debug.temp.o
 .debug_line    0x00009fa0      0x12b C:\Users\embedded\AppData\Local\Temp\ccoGvCpq.debug.temp.o
 .debug_line    0x0000a0cb      0x17a C:\Users\embedded\AppData\Local\Temp\ccFSICYz.debug.temp.o
 .debug_line    0x0000a245      0x175 C:\Users\embedded\AppData\Local\Temp\ccjCNiYB.debug.temp.o
 .debug_line    0x0000a3ba      0x126 C:\Users\embedded\AppData\Local\Temp\cc1Bkk7F.debug.temp.o
 .debug_line    0x0000a4e0      0x175 C:\Users\embedded\AppData\Local\Temp\ccHKZGeG.debug.temp.o
 .debug_line    0x0000a655      0x17a C:\Users\embedded\AppData\Local\Temp\ccNiTrAK.debug.temp.o
 .debug_line    0x0000a7cf      0x170 C:\Users\embedded\AppData\Local\Temp\ccpL30kO.debug.temp.o
 .debug_line    0x0000a93f      0x12b C:\Users\embedded\AppData\Local\Temp\ccpsFfqR.debug.temp.o
 .debug_line    0x0000aa6a      0x1b6 C:\Users\embedded\AppData\Local\Temp\cc37NCMU.debug.temp.o
 .debug_line    0x0000ac20      0x126 C:\Users\embedded\AppData\Local\Temp\cc3W3ntX.debug.temp.o
 .debug_line    0x0000ad46      0x170 C:\Users\embedded\AppData\Local\Temp\ccJF9Et4.debug.temp.o
 .debug_line    0x0000aeb6      0x126 C:\Users\embedded\AppData\Local\Temp\cchEQE5m.debug.temp.o
 .debug_line    0x0000afdc      0x12b C:\Users\embedded\AppData\Local\Temp\cch7qsTs.debug.temp.o
 .debug_line    0x0000b107      0x134 C:\Users\embedded\AppData\Local\Temp\ccTVKIEx.debug.temp.o
 .debug_line    0x0000b23b       0xb2 C:\Users\embedded\AppData\Local\Temp\ccvAPREG.debug.temp.o
 .debug_line    0x0000b2ed      0x121 C:\Users\embedded\AppData\Local\Temp\ccf3H2WP.debug.temp.o
 .debug_line    0x0000b40e      0x12b C:\Users\embedded\AppData\Local\Temp\cc9cM9gY.debug.temp.o
 .debug_line    0x0000b539      0x17f C:\Users\embedded\AppData\Local\Temp\cchYlF95.debug.temp.o
 .debug_line    0x0000b6b8      0x121 C:\Users\embedded\AppData\Local\Temp\cc7Jofae.debug.temp.o
 .debug_line    0x0000b7d9      0x121 C:\Users\embedded\AppData\Local\Temp\ccTDqUIl.debug.temp.o
 .debug_line    0x0000b8fa      0x121 C:\Users\embedded\AppData\Local\Temp\cc7V5Cix.debug.temp.o
 .debug_line    0x0000ba1b      0x121 C:\Users\embedded\AppData\Local\Temp\ccbZLEUH.debug.temp.o
 .debug_line    0x0000bb3c      0x121 C:\Users\embedded\AppData\Local\Temp\cctDX44R.debug.temp.o
 .debug_line    0x0000bc5d      0x121 C:\Users\embedded\AppData\Local\Temp\ccBpdIic.debug.temp.o
 .debug_line    0x0000bd7e      0x121 C:\Users\embedded\AppData\Local\Temp\ccHx31Np.debug.temp.o
 .debug_line    0x0000be9f      0x121 C:\Users\embedded\AppData\Local\Temp\ccjAaaIC.debug.temp.o
 .debug_line    0x0000bfc0      0x121 C:\Users\embedded\AppData\Local\Temp\cc78spaP.debug.temp.o
 .debug_line    0x0000c0e1      0x121 C:\Users\embedded\AppData\Local\Temp\ccR7LPT1.debug.temp.o
 .debug_line    0x0000c202      0x121 C:\Users\embedded\AppData\Local\Temp\ccTK5OgY.debug.temp.o
 .debug_line    0x0000c323      0x121 C:\Users\embedded\AppData\Local\Temp\ccTnpZtc.debug.temp.o
 .debug_line    0x0000c444      0x121 C:\Users\embedded\AppData\Local\Temp\ccf65oUq.debug.temp.o
 .debug_line    0x0000c565      0x121 C:\Users\embedded\AppData\Local\Temp\ccZc3JDJ.debug.temp.o
 .debug_line    0x0000c686      0x121 C:\Users\embedded\AppData\Local\Temp\ccfehTL1.debug.temp.o
 .debug_line    0x0000c7a7       0x7b ./Core/Startup/startup_stm32f030k6tx.o

.debug_str      0x00000000    0x6d4a6
 .debug_str     0x00000000      0x1b7 C:\Users\embedded\AppData\Local\Temp\ccUVX5RE.ltrans0.ltrans.o
 .debug_str     0x00000000    0x65eaa C:\Users\embedded\AppData\Local\Temp\ccZXT0jg.debug.temp.o
 .debug_str     0x00000000    0x6027e C:\Users\embedded\AppData\Local\Temp\ccoGvCpq.debug.temp.o
 .debug_str     0x00000000    0x638f1 C:\Users\embedded\AppData\Local\Temp\ccFSICYz.debug.temp.o
 .debug_str     0x00000000    0x631ea C:\Users\embedded\AppData\Local\Temp\ccjCNiYB.debug.temp.o
 .debug_str     0x00000000    0x600ec C:\Users\embedded\AppData\Local\Temp\cc1Bkk7F.debug.temp.o
 .debug_str     0x00000000    0x633cd C:\Users\embedded\AppData\Local\Temp\ccHKZGeG.debug.temp.o
 .debug_str     0x00000000    0x6329a C:\Users\embedded\AppData\Local\Temp\ccNiTrAK.debug.temp.o
 .debug_str     0x00000000    0x6320d C:\Users\embedded\AppData\Local\Temp\ccpL30kO.debug.temp.o
 .debug_str     0x00000000    0x6000b C:\Users\embedded\AppData\Local\Temp\ccpsFfqR.debug.temp.o
 .debug_str     0x00000000    0x65034 C:\Users\embedded\AppData\Local\Temp\cc37NCMU.debug.temp.o
 .debug_str     0x00000000    0x5febe C:\Users\embedded\AppData\Local\Temp\cc3W3ntX.debug.temp.o
 .debug_str     0x00000000    0x63289 C:\Users\embedded\AppData\Local\Temp\ccJF9Et4.debug.temp.o
 .debug_str     0x00000000    0x60a7d C:\Users\embedded\AppData\Local\Temp\cchEQE5m.debug.temp.o
 .debug_str     0x00000000    0x602a8 C:\Users\embedded\AppData\Local\Temp\cch7qsTs.debug.temp.o
 .debug_str     0x00000000     0x98d7 C:\Users\embedded\AppData\Local\Temp\ccTVKIEx.debug.temp.o
 .debug_str     0x00000000     0x7675 C:\Users\embedded\AppData\Local\Temp\ccvAPREG.debug.temp.o
 .debug_str     0x00000000    0x5f977 C:\Users\embedded\AppData\Local\Temp\ccf3H2WP.debug.temp.o
 .debug_str     0x00000000    0x601aa C:\Users\embedded\AppData\Local\Temp\cc9cM9gY.debug.temp.o
 .debug_str     0x00000000    0x636ba C:\Users\embedded\AppData\Local\Temp\cchYlF95.debug.temp.o
 .debug_str     0x00000000    0x5fed6 C:\Users\embedded\AppData\Local\Temp\cc7Jofae.debug.temp.o
 .debug_str     0x00000000    0x60084 C:\Users\embedded\AppData\Local\Temp\ccTDqUIl.debug.temp.o
 .debug_str     0x00000000    0x5fcfe C:\Users\embedded\AppData\Local\Temp\cc7V5Cix.debug.temp.o
 .debug_str     0x00000000    0x5fcc7 C:\Users\embedded\AppData\Local\Temp\ccbZLEUH.debug.temp.o
 .debug_str     0x00000000    0x5fd1d C:\Users\embedded\AppData\Local\Temp\cctDX44R.debug.temp.o
 .debug_str     0x00000000    0x5fc22 C:\Users\embedded\AppData\Local\Temp\ccBpdIic.debug.temp.o
 .debug_str     0x00000000    0x5fd74 C:\Users\embedded\AppData\Local\Temp\ccHx31Np.debug.temp.o
 .debug_str     0x00000000    0x5fb18 C:\Users\embedded\AppData\Local\Temp\ccjAaaIC.debug.temp.o
 .debug_str     0x00000000    0x60cd5 C:\Users\embedded\AppData\Local\Temp\cc78spaP.debug.temp.o
 .debug_str     0x00000000    0x5fea6 C:\Users\embedded\AppData\Local\Temp\ccR7LPT1.debug.temp.o
 .debug_str     0x00000000    0x5fdb3 C:\Users\embedded\AppData\Local\Temp\ccTK5OgY.debug.temp.o
 .debug_str     0x00000000    0x5fac0 C:\Users\embedded\AppData\Local\Temp\ccTnpZtc.debug.temp.o
 .debug_str     0x00000000    0x60d8d C:\Users\embedded\AppData\Local\Temp\ccf65oUq.debug.temp.o
 .debug_str     0x00000000    0x60599 C:\Users\embedded\AppData\Local\Temp\ccZc3JDJ.debug.temp.o
 .debug_str     0x00000000    0x60690 C:\Users\embedded\AppData\Local\Temp\ccfehTL1.debug.temp.o
 .debug_str     0x00000000    0x6d4a6 ./Core/Startup/startup_stm32f030k6tx.o
                                 0x66 (size before relaxing)

.comment        0x00000000       0x43
 .comment       0x00000000       0x43 C:\Users\embedded\AppData\Local\Temp\ccUVX5RE.ltrans0.ltrans.o
                                 0x44 (size before relaxing)

.debug_frame    0x00000000      0xeec
 .debug_frame   0x00000000      0xbf0 C:\Users\embedded\AppData\Local\Temp\ccUVX5RE.ltrans0.ltrans.o
 .debug_frame   0x00000bf0      0x138 C:/ST/STM32CubeIDE_1.19.0/STM32CubeIDE/plugins/com.st.stm32cube.ide.mcu.externaltools.gnu-tools-for-stm32.13.3.rel1.win32_1.0.0.202411081344/tools/bin/../lib/gcc/arm-none-eabi/13.3.1/../../../../arm-none-eabi/lib/thumb/v6-m/nofp\libc_nano.a(libc_a-findfp.o)
 .debug_frame   0x00000d28       0x20 C:/ST/STM32CubeIDE_1.19.0/STM32CubeIDE/plugins/com.st.stm32cube.ide.mcu.externaltools.gnu-tools-for-stm32.13.3.rel1.win32_1.0.0.202411081344/tools/bin/../lib/gcc/arm-none-eabi/13.3.1/../../../../arm-none-eabi/lib/thumb/v6-m/nofp\libc_nano.a(libc_a-memset.o)
 .debug_frame   0x00000d48       0x20 C:/ST/STM32CubeIDE_1.19.0/STM32CubeIDE/plugins/com.st.stm32cube.ide.mcu.externaltools.gnu-tools-for-stm32.13.3.rel1.win32_1.0.0.202411081344/tools/bin/../lib/gcc/arm-none-eabi/13.3.1/../../../../arm-none-eabi/lib/thumb/v6-m/nofp\libc_nano.a(libc_a-errno.o)
 .debug_frame   0x00000d68       0x2c C:/ST/STM32CubeIDE_1.19.0/STM32CubeIDE/plugins/com.st.stm32cube.ide.mcu.externaltools.gnu-tools-for-stm32.13.3.rel1.win32_1.0.0.202411081344/tools/bin/../lib/gcc/arm-none-eabi/13.3.1/../../../../arm-none-eabi/lib/thumb/v6-m/nofp\libc_nano.a(libc_a-init.o)
 .debug_frame   0x00000d94       0x28 C:/ST/STM32CubeIDE_1.19.0/STM32CubeIDE/plugins/com.st.stm32cube.ide.mcu.externaltools.gnu-tools-for-stm32.13.3.rel1.win32_1.0.0.202411081344/tools/bin/../lib/gcc/arm-none-eabi/13.3.1/../../../../arm-none-eabi/lib/thumb/v6-m/nofp\libc_nano.a(libc_a-memmove.o)
 .debug_frame   0x00000dbc       0x20 C:/ST/STM32CubeIDE_1.19.0/STM32CubeIDE/plugins/com.st.stm32cube.ide.mcu.externaltools.gnu-tools-for-stm32.13.3.rel1.win32_1.0.0.202411081344/tools/bin/../lib/gcc/arm-none-eabi/13.3.1/../../../../arm-none-eabi/lib/thumb/v6-m/nofp\libc_nano.a(libc_a-strcmp.o)
 .debug_frame   0x00000ddc       0x28 C:/ST/STM32CubeIDE_1.19.0/STM32CubeIDE/plugins/com.st.stm32cube.ide.mcu.externaltools.gnu-tools-for-stm32.13.3.rel1.win32_1.0.0.202411081344/tools/bin/../lib/gcc/arm-none-eabi/13.3.1/../../../../arm-none-eabi/lib/thumb/v6-m/nofp\libc_nano.a(libc_a-memcpy-stub.o)
 .debug_frame   0x00000e04       0x20 C:/ST/STM32CubeIDE_1.19.0/STM32CubeIDE/plugins/com.st.stm32cube.ide.mcu.externaltools.gnu-tools-for-stm32.13.3.rel1.win32_1.0.0.202411081344/tools/bin/../lib/gcc/arm-none-eabi/13.3.1/thumb/v6-m/nofp\libgcc.a(_udivsi3.o)
 .debug_frame   0x00000e24       0x20 C:/ST/STM32CubeIDE_1.19.0/STM32CubeIDE/plugins/com.st.stm32cube.ide.mcu.externaltools.gnu-tools-for-stm32.13.3.rel1.win32_1.0.0.202411081344/tools/bin/../lib/gcc/arm-none-eabi/13.3.1/thumb/v6-m/nofp\libgcc.a(_divsi3.o)
 .debug_frame   0x00000e44       0x34 C:/ST/STM32CubeIDE_1.19.0/STM32CubeIDE/plugins/com.st.stm32cube.ide.mcu.externaltools.gnu-tools-for-stm32.13.3.rel1.win32_1.0.0.202411081344/tools/bin/../lib/gcc/arm-none-eabi/13.3.1/thumb/v6-m/nofp\libgcc.a(_muldi3.o)
 .debug_frame   0x00000e78       0x38 C:/ST/STM32CubeIDE_1.19.0/STM32CubeIDE/plugins/com.st.stm32cube.ide.mcu.externaltools.gnu-tools-for-stm32.13.3.rel1.win32_1.0.0.202411081344/tools/bin/../lib/gcc/arm-none-eabi/13.3.1/thumb/v6-m/nofp\libgcc.a(bpabi.o)
 .debug_frame   0x00000eb0       0x3c C:/ST/STM32CubeIDE_1.19.0/STM32CubeIDE/plugins/com.st.stm32cube.ide.mcu.externaltools.gnu-tools-for-stm32.13.3.rel1.win32_1.0.0.202411081344/tools/bin/../lib/gcc/arm-none-eabi/13.3.1/thumb/v6-m/nofp\libgcc.a(_divdi3.o)

.debug_macro    0x00000000    0x14cfe
 .debug_macro   0x00000000      0x372 C:\Users\embedded\AppData\Local\Temp\ccZXT0jg.debug.temp.o
 .debug_macro   0x00000372      0xab4 C:\Users\embedded\AppData\Local\Temp\ccZXT0jg.debug.temp.o
 .debug_macro   0x00000e26      0x139 C:\Users\embedded\AppData\Local\Temp\ccZXT0jg.debug.temp.o
 .debug_macro   0x00000f5f       0x2e C:\Users\embedded\AppData\Local\Temp\ccZXT0jg.debug.temp.o
 .debug_macro   0x00000f8d       0x22 C:\Users\embedded\AppData\Local\Temp\ccZXT0jg.debug.temp.o
 .debug_macro   0x00000faf       0x22 C:\Users\embedded\AppData\Local\Temp\ccZXT0jg.debug.temp.o
 .debug_macro   0x00000fd1       0x8e C:\Users\embedded\AppData\Local\Temp\ccZXT0jg.debug.temp.o
 .debug_macro   0x0000105f       0x51 C:\Users\embedded\AppData\Local\Temp\ccZXT0jg.debug.temp.o
 .debug_macro   0x000010b0      0x103 C:\Users\embedded\AppData\Local\Temp\ccZXT0jg.debug.temp.o
 .debug_macro   0x000011b3       0x6a C:\Users\embedded\AppData\Local\Temp\ccZXT0jg.debug.temp.o
 .debug_macro   0x0000121d      0x1df C:\Users\embedded\AppData\Local\Temp\ccZXT0jg.debug.temp.o
 .debug_macro   0x000013fc       0x1c C:\Users\embedded\AppData\Local\Temp\ccZXT0jg.debug.temp.o
 .debug_macro   0x00001418       0x22 C:\Users\embedded\AppData\Local\Temp\ccZXT0jg.debug.temp.o
 .debug_macro   0x0000143a       0xaf C:\Users\embedded\AppData\Local\Temp\ccZXT0jg.debug.temp.o
 .debug_macro   0x000014e9      0x391 C:\Users\embedded\AppData\Local\Temp\ccZXT0jg.debug.temp.o
 .debug_macro   0x0000187a     0x6e6e C:\Users\embedded\AppData\Local\Temp\ccZXT0jg.debug.temp.o
 .debug_macro   0x000086e8       0x66 C:\Users\embedded\AppData\Local\Temp\ccZXT0jg.debug.temp.o
 .debug_macro   0x0000874e     0x34da C:\Users\embedded\AppData\Local\Temp\ccZXT0jg.debug.temp.o
 .debug_macro   0x0000bc28      0x190 C:\Users\embedded\AppData\Local\Temp\ccZXT0jg.debug.temp.o
 .debug_macro   0x0000bdb8       0x55 C:\Users\embedded\AppData\Local\Temp\ccZXT0jg.debug.temp.o
 .debug_macro   0x0000be0d      0x924 C:\Users\embedded\AppData\Local\Temp\ccZXT0jg.debug.temp.o
 .debug_macro   0x0000c731       0xe5 C:\Users\embedded\AppData\Local\Temp\ccZXT0jg.debug.temp.o
 .debug_macro   0x0000c816      0x1ae C:\Users\embedded\AppData\Local\Temp\ccZXT0jg.debug.temp.o
 .debug_macro   0x0000c9c4       0xb3 C:\Users\embedded\AppData\Local\Temp\ccZXT0jg.debug.temp.o
 .debug_macro   0x0000ca77      0x1a0 C:\Users\embedded\AppData\Local\Temp\ccZXT0jg.debug.temp.o
 .debug_macro   0x0000cc17      0x1ed C:\Users\embedded\AppData\Local\Temp\ccZXT0jg.debug.temp.o
 .debug_macro   0x0000ce04       0x34 C:\Users\embedded\AppData\Local\Temp\ccZXT0jg.debug.temp.o
 .debug_macro   0x0000ce38       0x43 C:\Users\embedded\AppData\Local\Temp\ccZXT0jg.debug.temp.o
 .debug_macro   0x0000ce7b       0x28 C:\Users\embedded\AppData\Local\Temp\ccZXT0jg.debug.temp.o
 .debug_macro   0x0000cea3      0x33d C:\Users\embedded\AppData\Local\Temp\ccZXT0jg.debug.temp.o
 .debug_macro   0x0000d1e0       0xbc C:\Users\embedded\AppData\Local\Temp\ccZXT0jg.debug.temp.o
 .debug_macro   0x0000d29c       0xb0 C:\Users\embedded\AppData\Local\Temp\ccZXT0jg.debug.temp.o
 .debug_macro   0x0000d34c      0x15a C:\Users\embedded\AppData\Local\Temp\ccZXT0jg.debug.temp.o
 .debug_macro   0x0000d4a6      0x22c C:\Users\embedded\AppData\Local\Temp\ccZXT0jg.debug.temp.o
 .debug_macro   0x0000d6d2       0x61 C:\Users\embedded\AppData\Local\Temp\ccZXT0jg.debug.temp.o
 .debug_macro   0x0000d733       0xa5 C:\Users\embedded\AppData\Local\Temp\ccZXT0jg.debug.temp.o
 .debug_macro   0x0000d7d8       0x4c C:\Users\embedded\AppData\Local\Temp\ccZXT0jg.debug.temp.o
 .debug_macro   0x0000d824       0x2b C:\Users\embedded\AppData\Local\Temp\ccZXT0jg.debug.temp.o
 .debug_macro   0x0000d84f      0x8f4 C:\Users\embedded\AppData\Local\Temp\ccZXT0jg.debug.temp.o
 .debug_macro   0x0000e143       0x28 C:\Users\embedded\AppData\Local\Temp\ccZXT0jg.debug.temp.o
 .debug_macro   0x0000e16b      0x56d C:\Users\embedded\AppData\Local\Temp\ccZXT0jg.debug.temp.o
 .debug_macro   0x0000e6d8       0x3e C:\Users\embedded\AppData\Local\Temp\ccZXT0jg.debug.temp.o
 .debug_macro   0x0000e716       0xf1 C:\Users\embedded\AppData\Local\Temp\ccZXT0jg.debug.temp.o
 .debug_macro   0x0000e807      0x112 C:\Users\embedded\AppData\Local\Temp\ccZXT0jg.debug.temp.o
 .debug_macro   0x0000e919       0x64 C:\Users\embedded\AppData\Local\Temp\ccZXT0jg.debug.temp.o
 .debug_macro   0x0000e97d       0xc4 C:\Users\embedded\AppData\Local\Temp\ccZXT0jg.debug.temp.o
 .debug_macro   0x0000ea41       0x64 C:\Users\embedded\AppData\Local\Temp\ccZXT0jg.debug.temp.o
 .debug_macro   0x0000eaa5       0x3a C:\Users\embedded\AppData\Local\Temp\ccZXT0jg.debug.temp.o
 .debug_macro   0x0000eadf       0x16 C:\Users\embedded\AppData\Local\Temp\ccZXT0jg.debug.temp.o
 .debug_macro   0x0000eaf5       0x28 C:\Users\embedded\AppData\Local\Temp\ccZXT0jg.debug.temp.o
 .debug_macro   0x0000eb1d       0x2e C:\Users\embedded\AppData\Local\Temp\ccZXT0jg.debug.temp.o
 .debug_macro   0x0000eb4b       0x1c C:\Users\embedded\AppData\Local\Temp\ccZXT0jg.debug.temp.o
 .debug_macro   0x0000eb67       0x61 C:\Users\embedded\AppData\Local\Temp\ccZXT0jg.debug.temp.o
 .debug_macro   0x0000ebc8       0x24 C:\Users\embedded\AppData\Local\Temp\ccZXT0jg.debug.temp.o
 .debug_macro   0x0000ebec       0x43 C:\Users\embedded\AppData\Local\Temp\ccZXT0jg.debug.temp.o
 .debug_macro   0x0000ec2f       0x34 C:\Users\embedded\AppData\Local\Temp\ccZXT0jg.debug.temp.o
 .debug_macro   0x0000ec63      0x370 C:\Users\embedded\AppData\Local\Temp\ccZXT0jg.debug.temp.o
 .debug_macro   0x0000efd3       0x16 C:\Users\embedded\AppData\Local\Temp\ccZXT0jg.debug.temp.o
 .debug_macro   0x0000efe9       0x4a C:\Users\embedded\AppData\Local\Temp\ccZXT0jg.debug.temp.o
 .debug_macro   0x0000f033       0x34 C:\Users\embedded\AppData\Local\Temp\ccZXT0jg.debug.temp.o
 .debug_macro   0x0000f067       0x10 C:\Users\embedded\AppData\Local\Temp\ccZXT0jg.debug.temp.o
 .debug_macro   0x0000f077       0x58 C:\Users\embedded\AppData\Local\Temp\ccZXT0jg.debug.temp.o
 .debug_macro   0x0000f0cf       0x8e C:\Users\embedded\AppData\Local\Temp\ccZXT0jg.debug.temp.o
 .debug_macro   0x0000f15d       0x1c C:\Users\embedded\AppData\Local\Temp\ccZXT0jg.debug.temp.o
 .debug_macro   0x0000f179      0x185 C:\Users\embedded\AppData\Local\Temp\ccZXT0jg.debug.temp.o
 .debug_macro   0x0000f2fe       0x10 C:\Users\embedded\AppData\Local\Temp\ccZXT0jg.debug.temp.o
 .debug_macro   0x0000f30e       0x3c C:\Users\embedded\AppData\Local\Temp\ccZXT0jg.debug.temp.o
 .debug_macro   0x0000f34a       0x20 C:\Users\embedded\AppData\Local\Temp\ccZXT0jg.debug.temp.o
 .debug_macro   0x0000f36a       0x2e C:\Users\embedded\AppData\Local\Temp\ccZXT0jg.debug.temp.o
 .debug_macro   0x0000f398       0x16 C:\Users\embedded\AppData\Local\Temp\ccZXT0jg.debug.temp.o
 .debug_macro   0x0000f3ae       0x52 C:\Users\embedded\AppData\Local\Temp\ccZXT0jg.debug.temp.o
 .debug_macro   0x0000f400      0x1ed C:\Users\embedded\AppData\Local\Temp\ccoGvCpq.debug.temp.o
 .debug_macro   0x0000f5ed       0x28 C:\Users\embedded\AppData\Local\Temp\ccoGvCpq.debug.temp.o
 .debug_macro   0x0000f615      0x2c4 C:\Users\embedded\AppData\Local\Temp\ccFSICYz.debug.temp.o
 .debug_macro   0x0000f8d9       0x16 C:\Users\embedded\AppData\Local\Temp\ccFSICYz.debug.temp.o
 .debug_macro   0x0000f8ef      0x2c1 C:\Users\embedded\AppData\Local\Temp\ccjCNiYB.debug.temp.o
 .debug_macro   0x0000fbb0      0x10c C:\Users\embedded\AppData\Local\Temp\ccjCNiYB.debug.temp.o
 .debug_macro   0x0000fcbc      0x1f7 C:\Users\embedded\AppData\Local\Temp\cc1Bkk7F.debug.temp.o
 .debug_macro   0x0000feb3      0x2c1 C:\Users\embedded\AppData\Local\Temp\ccHKZGeG.debug.temp.o
 .debug_macro   0x00010174       0xbe C:\Users\embedded\AppData\Local\Temp\ccHKZGeG.debug.temp.o
 .debug_macro   0x00010232      0x2c6 C:\Users\embedded\AppData\Local\Temp\ccNiTrAK.debug.temp.o
 .debug_macro   0x000104f8      0x2b2 C:\Users\embedded\AppData\Local\Temp\ccpL30kO.debug.temp.o
 .debug_macro   0x000107aa       0x4c C:\Users\embedded\AppData\Local\Temp\ccpL30kO.debug.temp.o
 .debug_macro   0x000107f6      0x209 C:\Users\embedded\AppData\Local\Temp\ccpsFfqR.debug.temp.o
 .debug_macro   0x000109ff       0x34 C:\Users\embedded\AppData\Local\Temp\ccpsFfqR.debug.temp.o
 .debug_macro   0x00010a33      0x351 C:\Users\embedded\AppData\Local\Temp\cc37NCMU.debug.temp.o
 .debug_macro   0x00010d84       0x9a C:\Users\embedded\AppData\Local\Temp\cc37NCMU.debug.temp.o
 .debug_macro   0x00010e1e       0x6a C:\Users\embedded\AppData\Local\Temp\cc37NCMU.debug.temp.o
 .debug_macro   0x00010e88      0x1f0 C:\Users\embedded\AppData\Local\Temp\cc3W3ntX.debug.temp.o
 .debug_macro   0x00011078       0x22 C:\Users\embedded\AppData\Local\Temp\cc3W3ntX.debug.temp.o
 .debug_macro   0x0001109a      0x30c C:\Users\embedded\AppData\Local\Temp\ccJF9Et4.debug.temp.o
 .debug_macro   0x000113a6       0x10 C:\Users\embedded\AppData\Local\Temp\ccJF9Et4.debug.temp.o
 .debug_macro   0x000113b6      0x1e4 C:\Users\embedded\AppData\Local\Temp\cchEQE5m.debug.temp.o
 .debug_macro   0x0001159a      0x1ee C:\Users\embedded\AppData\Local\Temp\cch7qsTs.debug.temp.o
 .debug_macro   0x00011788      0x274 C:\Users\embedded\AppData\Local\Temp\ccTVKIEx.debug.temp.o
 .debug_macro   0x000119fc       0x5b C:\Users\embedded\AppData\Local\Temp\ccTVKIEx.debug.temp.o
 .debug_macro   0x00011a57       0x94 C:\Users\embedded\AppData\Local\Temp\ccTVKIEx.debug.temp.o
 .debug_macro   0x00011aeb       0x57 C:\Users\embedded\AppData\Local\Temp\ccTVKIEx.debug.temp.o
 .debug_macro   0x00011b42       0x10 C:\Users\embedded\AppData\Local\Temp\ccTVKIEx.debug.temp.o
 .debug_macro   0x00011b52       0x10 C:\Users\embedded\AppData\Local\Temp\ccTVKIEx.debug.temp.o
 .debug_macro   0x00011b62       0x10 C:\Users\embedded\AppData\Local\Temp\ccTVKIEx.debug.temp.o
 .debug_macro   0x00011b72       0x10 C:\Users\embedded\AppData\Local\Temp\ccTVKIEx.debug.temp.o
 .debug_macro   0x00011b82       0x1c C:\Users\embedded\AppData\Local\Temp\ccTVKIEx.debug.temp.o
 .debug_macro   0x00011b9e       0x52 C:\Users\embedded\AppData\Local\Temp\ccTVKIEx.debug.temp.o
 .debug_macro   0x00011bf0       0x22 C:\Users\embedded\AppData\Local\Temp\ccTVKIEx.debug.temp.o
 .debug_macro   0x00011c12       0x10 C:\Users\embedded\AppData\Local\Temp\ccTVKIEx.debug.temp.o
 .debug_macro   0x00011c22       0x52 C:\Users\embedded\AppData\Local\Temp\ccTVKIEx.debug.temp.o
 .debug_macro   0x00011c74       0xcf C:\Users\embedded\AppData\Local\Temp\ccTVKIEx.debug.temp.o
 .debug_macro   0x00011d43       0x1c C:\Users\embedded\AppData\Local\Temp\ccTVKIEx.debug.temp.o
 .debug_macro   0x00011d5f       0x3d C:\Users\embedded\AppData\Local\Temp\ccTVKIEx.debug.temp.o
 .debug_macro   0x00011d9c       0x35 C:\Users\embedded\AppData\Local\Temp\ccTVKIEx.debug.temp.o
 .debug_macro   0x00011dd1      0x12c C:\Users\embedded\AppData\Local\Temp\ccTVKIEx.debug.temp.o
 .debug_macro   0x00011efd       0x16 C:\Users\embedded\AppData\Local\Temp\ccTVKIEx.debug.temp.o
 .debug_macro   0x00011f13       0x16 C:\Users\embedded\AppData\Local\Temp\ccTVKIEx.debug.temp.o
 .debug_macro   0x00011f29       0x29 C:\Users\embedded\AppData\Local\Temp\ccTVKIEx.debug.temp.o
 .debug_macro   0x00011f52       0x10 C:\Users\embedded\AppData\Local\Temp\ccTVKIEx.debug.temp.o
 .debug_macro   0x00011f62      0x242 C:\Users\embedded\AppData\Local\Temp\ccTVKIEx.debug.temp.o
 .debug_macro   0x000121a4       0x1c C:\Users\embedded\AppData\Local\Temp\ccTVKIEx.debug.temp.o
 .debug_macro   0x000121c0       0x10 C:\Users\embedded\AppData\Local\Temp\ccTVKIEx.debug.temp.o
 .debug_macro   0x000121d0       0x10 C:\Users\embedded\AppData\Local\Temp\ccTVKIEx.debug.temp.o
 .debug_macro   0x000121e0       0x16 C:\Users\embedded\AppData\Local\Temp\ccTVKIEx.debug.temp.o
 .debug_macro   0x000121f6      0x146 C:\Users\embedded\AppData\Local\Temp\ccTVKIEx.debug.temp.o
 .debug_macro   0x0001233c      0x18a C:\Users\embedded\AppData\Local\Temp\ccTVKIEx.debug.temp.o
 .debug_macro   0x000124c6       0x16 C:\Users\embedded\AppData\Local\Temp\ccTVKIEx.debug.temp.o
 .debug_macro   0x000124dc       0xce C:\Users\embedded\AppData\Local\Temp\ccTVKIEx.debug.temp.o
 .debug_macro   0x000125aa      0x112 C:\Users\embedded\AppData\Local\Temp\ccvAPREG.debug.temp.o
 .debug_macro   0x000126bc      0x23c C:\Users\embedded\AppData\Local\Temp\ccvAPREG.debug.temp.o
 .debug_macro   0x000128f8      0x1d5 C:\Users\embedded\AppData\Local\Temp\ccf3H2WP.debug.temp.o
 .debug_macro   0x00012acd      0x1ed C:\Users\embedded\AppData\Local\Temp\cc9cM9gY.debug.temp.o
 .debug_macro   0x00012cba       0x10 C:\Users\embedded\AppData\Local\Temp\cc9cM9gY.debug.temp.o
 .debug_macro   0x00012cca      0x2f2 C:\Users\embedded\AppData\Local\Temp\cchYlF95.debug.temp.o
 .debug_macro   0x00012fbc       0x5e C:\Users\embedded\AppData\Local\Temp\cchYlF95.debug.temp.o
 .debug_macro   0x0001301a      0x1f9 C:\Users\embedded\AppData\Local\Temp\cc7Jofae.debug.temp.o
 .debug_macro   0x00013213      0x1f9 C:\Users\embedded\AppData\Local\Temp\ccTDqUIl.debug.temp.o
 .debug_macro   0x0001340c      0x1e1 C:\Users\embedded\AppData\Local\Temp\cc7V5Cix.debug.temp.o
 .debug_macro   0x000135ed      0x1d5 C:\Users\embedded\AppData\Local\Temp\ccbZLEUH.debug.temp.o
 .debug_macro   0x000137c2      0x1d5 C:\Users\embedded\AppData\Local\Temp\cctDX44R.debug.temp.o
 .debug_macro   0x00013997      0x1d5 C:\Users\embedded\AppData\Local\Temp\ccBpdIic.debug.temp.o
 .debug_macro   0x00013b6c      0x1e7 C:\Users\embedded\AppData\Local\Temp\ccHx31Np.debug.temp.o
 .debug_macro   0x00013d53      0x1dc C:\Users\embedded\AppData\Local\Temp\ccjAaaIC.debug.temp.o
 .debug_macro   0x00013f2f      0x2a1 C:\Users\embedded\AppData\Local\Temp\cc78spaP.debug.temp.o
 .debug_macro   0x000141d0      0x1d5 C:\Users\embedded\AppData\Local\Temp\ccR7LPT1.debug.temp.o
 .debug_macro   0x000143a5      0x1e7 C:\Users\embedded\AppData\Local\Temp\ccTK5OgY.debug.temp.o
 .debug_macro   0x0001458c      0x1d5 C:\Users\embedded\AppData\Local\Temp\ccTnpZtc.debug.temp.o
 .debug_macro   0x00014761      0x1d6 C:\Users\embedded\AppData\Local\Temp\ccf65oUq.debug.temp.o
 .debug_macro   0x00014937      0x1d5 C:\Users\embedded\AppData\Local\Temp\ccZc3JDJ.debug.temp.o
 .debug_macro   0x00014b0c      0x1f2 C:\Users\embedded\AppData\Local\Temp\ccfehTL1.debug.temp.o

.debug_line_str
                0x00000000      0xec0
 .debug_line_str
                0x00000000      0x8cc C:\Users\embedded\AppData\Local\Temp\ccZXT0jg.debug.temp.o
 .debug_line_str
                0x00000000      0x712 C:\Users\embedded\AppData\Local\Temp\ccoGvCpq.debug.temp.o
 .debug_line_str
                0x00000000      0x84c C:\Users\embedded\AppData\Local\Temp\ccFSICYz.debug.temp.o
 .debug_line_str
                0x00000000      0x84e C:\Users\embedded\AppData\Local\Temp\ccjCNiYB.debug.temp.o
 .debug_line_str
                0x00000000      0x708 C:\Users\embedded\AppData\Local\Temp\cc1Bkk7F.debug.temp.o
 .debug_line_str
                0x00000000      0x846 C:\Users\embedded\AppData\Local\Temp\ccHKZGeG.debug.temp.o
 .debug_line_str
                0x00000000      0x852 C:\Users\embedded\AppData\Local\Temp\ccNiTrAK.debug.temp.o
 .debug_line_str
                0x00000000      0x833 C:\Users\embedded\AppData\Local\Temp\ccpL30kO.debug.temp.o
 .debug_line_str
                0x00000000      0x70c C:\Users\embedded\AppData\Local\Temp\ccpsFfqR.debug.temp.o
 .debug_line_str
                0x00000000      0x8cf C:\Users\embedded\AppData\Local\Temp\cc37NCMU.debug.temp.o
 .debug_line_str
                0x00000000      0x70e C:\Users\embedded\AppData\Local\Temp\cc3W3ntX.debug.temp.o
 .debug_line_str
                0x00000000      0x83c C:\Users\embedded\AppData\Local\Temp\ccJF9Et4.debug.temp.o
 .debug_line_str
                0x00000000      0x71c C:\Users\embedded\AppData\Local\Temp\cchEQE5m.debug.temp.o
 .debug_line_str
                0x00000000      0x721 C:\Users\embedded\AppData\Local\Temp\cch7qsTs.debug.temp.o
 .debug_line_str
                0x00000000      0x5c6 C:\Users\embedded\AppData\Local\Temp\ccTVKIEx.debug.temp.o
 .debug_line_str
                0x00000000      0x506 C:\Users\embedded\AppData\Local\Temp\ccvAPREG.debug.temp.o
 .debug_line_str
                0x00000000      0x713 C:\Users\embedded\AppData\Local\Temp\ccf3H2WP.debug.temp.o
 .debug_line_str
                0x00000000      0x71b C:\Users\embedded\AppData\Local\Temp\cc9cM9gY.debug.temp.o
 .debug_line_str
                0x00000000      0x842 C:\Users\embedded\AppData\Local\Temp\cchYlF95.debug.temp.o
 .debug_line_str
                0x00000000      0x73d C:\Users\embedded\AppData\Local\Temp\cc7Jofae.debug.temp.o
 .debug_line_str
                0x00000000      0x745 C:\Users\embedded\AppData\Local\Temp\ccTDqUIl.debug.temp.o
 .debug_line_str
                0x00000000      0x74b C:\Users\embedded\AppData\Local\Temp\cc7V5Cix.debug.temp.o
 .debug_line_str
                0x00000000      0x74b C:\Users\embedded\AppData\Local\Temp\ccbZLEUH.debug.temp.o
 .debug_line_str
                0x00000000      0x745 C:\Users\embedded\AppData\Local\Temp\cctDX44R.debug.temp.o
 .debug_line_str
                0x00000000      0x749 C:\Users\embedded\AppData\Local\Temp\ccBpdIic.debug.temp.o
 .debug_line_str
                0x00000000      0x74f C:\Users\embedded\AppData\Local\Temp\ccHx31Np.debug.temp.o
 .debug_line_str
                0x00000000      0x747 C:\Users\embedded\AppData\Local\Temp\ccjAaaIC.debug.temp.o
 .debug_line_str
                0x00000000      0x745 C:\Users\embedded\AppData\Local\Temp\cc78spaP.debug.temp.o
 .debug_line_str
                0x00000000      0x74b C:\Users\embedded\AppData\Local\Temp\ccR7LPT1.debug.temp.o
 .debug_line_str
                0x00000000      0x745 C:\Users\embedded\AppData\Local\Temp\ccTK5OgY.debug.temp.o
 .debug_line_str
                0x00000000      0x74b C:\Users\embedded\AppData\Local\Temp\ccTnpZtc.debug.temp.o
 .debug_line_str
                0x00000000      0x745 C:\Users\embedded\AppData\Local\Temp\ccf65oUq.debug.temp.o
 .debug_line_str
                0x00000000      0x74b C:\Users\embedded\AppData\Local\Temp\ccZc3JDJ.debug.temp.o
 .debug_line_str
                0x00000000      0x747 C:\Users\embedded\AppData\Local\Temp\ccfehTL1.debug.temp.o
 .debug_line_str
                0x00000000      0xec0 ./Core/Startup/startup_stm32f030k6tx.o
                                 0x4a (size before relaxing)
