Archive member included to satisfy reference by file (symbol)

C:/ST/STM32CubeIDE_1.19.0/STM32CubeIDE/plugins/com.st.stm32cube.ide.mcu.externaltools.gnu-tools-for-stm32.13.3.rel1.win32_1.0.0.202411081344/tools/bin/../lib/gcc/arm-none-eabi/13.3.1/../../../../arm-none-eabi/lib/thumb/v6-m/nofp\libc_nano.a(libc_a-exit.o)
                              C:/ST/STM32CubeIDE_1.19.0/STM32CubeIDE/plugins/com.st.stm32cube.ide.mcu.externaltools.gnu-tools-for-stm32.13.3.rel1.win32_1.0.0.202411081344/tools/bin/../lib/gcc/arm-none-eabi/13.3.1/../../../../arm-none-eabi/lib/thumb/v6-m/nofp/crt0.o (exit)
C:/ST/STM32CubeIDE_1.19.0/STM32CubeIDE/plugins/com.st.stm32cube.ide.mcu.externaltools.gnu-tools-for-stm32.13.3.rel1.win32_1.0.0.202411081344/tools/bin/../lib/gcc/arm-none-eabi/13.3.1/../../../../arm-none-eabi/lib/thumb/v6-m/nofp\libc_nano.a(libc_a-findfp.o)
                              C:/ST/STM32CubeIDE_1.19.0/STM32CubeIDE/plugins/com.st.stm32cube.ide.mcu.externaltools.gnu-tools-for-stm32.13.3.rel1.win32_1.0.0.202411081344/tools/bin/../lib/gcc/arm-none-eabi/13.3.1/../../../../arm-none-eabi/lib/thumb/v6-m/nofp\libc_nano.a(libc_a-exit.o) (__stdio_exit_handler)
C:/ST/STM32CubeIDE_1.19.0/STM32CubeIDE/plugins/com.st.stm32cube.ide.mcu.externaltools.gnu-tools-for-stm32.13.3.rel1.win32_1.0.0.202411081344/tools/bin/../lib/gcc/arm-none-eabi/13.3.1/../../../../arm-none-eabi/lib/thumb/v6-m/nofp\libc_nano.a(libc_a-fwalk.o)
                              C:/ST/STM32CubeIDE_1.19.0/STM32CubeIDE/plugins/com.st.stm32cube.ide.mcu.externaltools.gnu-tools-for-stm32.13.3.rel1.win32_1.0.0.202411081344/tools/bin/../lib/gcc/arm-none-eabi/13.3.1/../../../../arm-none-eabi/lib/thumb/v6-m/nofp\libc_nano.a(libc_a-findfp.o) (_fwalk_sglue)
C:/ST/STM32CubeIDE_1.19.0/STM32CubeIDE/plugins/com.st.stm32cube.ide.mcu.externaltools.gnu-tools-for-stm32.13.3.rel1.win32_1.0.0.202411081344/tools/bin/../lib/gcc/arm-none-eabi/13.3.1/../../../../arm-none-eabi/lib/thumb/v6-m/nofp\libc_nano.a(libc_a-stdio.o)
                              C:/ST/STM32CubeIDE_1.19.0/STM32CubeIDE/plugins/com.st.stm32cube.ide.mcu.externaltools.gnu-tools-for-stm32.13.3.rel1.win32_1.0.0.202411081344/tools/bin/../lib/gcc/arm-none-eabi/13.3.1/../../../../arm-none-eabi/lib/thumb/v6-m/nofp\libc_nano.a(libc_a-findfp.o) (__sread)
C:/ST/STM32CubeIDE_1.19.0/STM32CubeIDE/plugins/com.st.stm32cube.ide.mcu.externaltools.gnu-tools-for-stm32.13.3.rel1.win32_1.0.0.202411081344/tools/bin/../lib/gcc/arm-none-eabi/13.3.1/../../../../arm-none-eabi/lib/thumb/v6-m/nofp\libc_nano.a(libc_a-memset.o)
                              C:/ST/STM32CubeIDE_1.19.0/STM32CubeIDE/plugins/com.st.stm32cube.ide.mcu.externaltools.gnu-tools-for-stm32.13.3.rel1.win32_1.0.0.202411081344/tools/bin/../lib/gcc/arm-none-eabi/13.3.1/../../../../arm-none-eabi/lib/thumb/v6-m/nofp/crt0.o (memset)
C:/ST/STM32CubeIDE_1.19.0/STM32CubeIDE/plugins/com.st.stm32cube.ide.mcu.externaltools.gnu-tools-for-stm32.13.3.rel1.win32_1.0.0.202411081344/tools/bin/../lib/gcc/arm-none-eabi/13.3.1/../../../../arm-none-eabi/lib/thumb/v6-m/nofp\libc_nano.a(libc_a-closer.o)
                              C:/ST/STM32CubeIDE_1.19.0/STM32CubeIDE/plugins/com.st.stm32cube.ide.mcu.externaltools.gnu-tools-for-stm32.13.3.rel1.win32_1.0.0.202411081344/tools/bin/../lib/gcc/arm-none-eabi/13.3.1/../../../../arm-none-eabi/lib/thumb/v6-m/nofp\libc_nano.a(libc_a-stdio.o) (_close_r)
C:/ST/STM32CubeIDE_1.19.0/STM32CubeIDE/plugins/com.st.stm32cube.ide.mcu.externaltools.gnu-tools-for-stm32.13.3.rel1.win32_1.0.0.202411081344/tools/bin/../lib/gcc/arm-none-eabi/13.3.1/../../../../arm-none-eabi/lib/thumb/v6-m/nofp\libc_nano.a(libc_a-reent.o)
                              C:/ST/STM32CubeIDE_1.19.0/STM32CubeIDE/plugins/com.st.stm32cube.ide.mcu.externaltools.gnu-tools-for-stm32.13.3.rel1.win32_1.0.0.202411081344/tools/bin/../lib/gcc/arm-none-eabi/13.3.1/../../../../arm-none-eabi/lib/thumb/v6-m/nofp\libc_nano.a(libc_a-closer.o) (errno)
C:/ST/STM32CubeIDE_1.19.0/STM32CubeIDE/plugins/com.st.stm32cube.ide.mcu.externaltools.gnu-tools-for-stm32.13.3.rel1.win32_1.0.0.202411081344/tools/bin/../lib/gcc/arm-none-eabi/13.3.1/../../../../arm-none-eabi/lib/thumb/v6-m/nofp\libc_nano.a(libc_a-impure.o)
                              C:/ST/STM32CubeIDE_1.19.0/STM32CubeIDE/plugins/com.st.stm32cube.ide.mcu.externaltools.gnu-tools-for-stm32.13.3.rel1.win32_1.0.0.202411081344/tools/bin/../lib/gcc/arm-none-eabi/13.3.1/../../../../arm-none-eabi/lib/thumb/v6-m/nofp\libc_nano.a(libc_a-reent.o) (_impure_ptr)
C:/ST/STM32CubeIDE_1.19.0/STM32CubeIDE/plugins/com.st.stm32cube.ide.mcu.externaltools.gnu-tools-for-stm32.13.3.rel1.win32_1.0.0.202411081344/tools/bin/../lib/gcc/arm-none-eabi/13.3.1/../../../../arm-none-eabi/lib/thumb/v6-m/nofp\libc_nano.a(libc_a-lseekr.o)
[...]
Memory Configuration

Name             Origin             Length             Attributes
RAM              0x20000000         0x00001000         xrw
FLASH            0x08000000         0x00008000         xr
*default*        0x00000000         0xffffffff

Linker script and memory map

LOAD C:/ST/STM32CubeIDE_1.19.0/STM32CubeIDE/plugins/com.st.stm32cube.ide.mcu.externaltools.gnu-tools-for-stm32.13.3.rel1.win32_1.0.0.202411081344/tools/bin/../lib/gcc/arm-none-eabi/13.3.1/thumb/v6-m/nofp/crti.o
LOAD C:/ST/STM32CubeIDE_1.19.0/STM32CubeIDE/plugins/com.st.stm32cube.ide.mcu.externaltools.gnu-tools-for-stm32.13.3.rel1.win32_1.0.0.202411081344/tools/bin/../lib/gcc/arm-none-eabi/13.3.1/thumb/v6-m/nofp/crtbegin.o
LOAD C:/ST/STM32CubeIDE_1.19.0/STM32CubeIDE/plugins/com.st.stm32cube.ide.mcu.externaltools.gnu-tools-for-stm32.13.3.rel1.win32_1.0.0.202411081344/tools/bin/../lib/gcc/arm-none-eabi/13.3.1/../../../../arm-none-eabi/lib/thumb/v6-m/nofp/crt0.o
LOAD ./Core/Src/app_logic.o
LOAD C:\Users\embedded\AppData\Local\Temp\ccpqV051.ltrans0.ltrans.o
LOAD C:\Users\embedded\AppData\Local\Temp\ccJpz1h0.debug.temp.o
LOAD C:\Users\embedded\AppData\Local\Temp\ccAxCGDa.debug.temp.o
LOAD C:\Users\embedded\AppData\Local\Temp\ccZqv82k.debug.temp.o
LOAD C:\Users\embedded\AppData\Local\Temp\cc6Ce24u.debug.temp.o
LOAD C:\Users\embedded\AppData\Local\Temp\ccc4DFXw.debug.temp.o
LOAD C:\Users\embedded\AppData\Local\Temp\ccu1eqoy.debug.temp.o
LOAD C:\Users\embedded\AppData\Local\Temp\cccIYq9y.debug.temp.o
LOAD C:\Users\embedded\AppData\Local\Temp\ccKfMygA.debug.temp.o
LOAD C:\Users\embedded\AppData\Local\Temp\ccK7OCMA.debug.temp.o
LOAD C:\Users\embedded\AppData\Local\Temp\ccMAEg1E.debug.temp.o
LOAD C:\Users\embedded\AppData\Local\Temp\ccG12DAI.debug.temp.o
LOAD C:\Users\embedded\AppData\Local\Temp\ccQ0OkDL.debug.temp.o
LOAD C:\Users\embedded\AppData\Local\Temp\cc8Plb9N.debug.temp.o
LOAD C:\Users\embedded\AppData\Local\Temp\ccMcqBNQ.debug.temp.o
LOAD C:\Users\embedded\AppData\Local\Temp\cc8nDExX.debug.temp.o
LOAD C:\Users\embedded\AppData\Local\Temp\ccKxPxx3.debug.temp.o
LOAD C:\Users\embedded\AppData\Local\Temp\ccUEzfW8.debug.temp.o
LOAD C:\Users\embedded\AppData\Local\Temp\ccYiyLHe.debug.temp.o
LOAD C:\Users\embedded\AppData\Local\Temp\ccqraZjk.debug.temp.o
LOAD C:\Users\embedded\AppData\Local\Temp\cc8vsv7o.debug.temp.o
LOAD C:\Users\embedded\AppData\Local\Temp\ccmzpXVx.debug.temp.o
LOAD C:\Users\embedded\AppData\Local\Temp\ccmToE6G.debug.temp.o
LOAD C:\Users\embedded\AppData\Local\Temp\ccYcmzoP.debug.temp.o
LOAD C:\Users\embedded\AppData\Local\Temp\ccgarb5W.debug.temp.o
LOAD C:\Users\embedded\AppData\Local\Temp\ccQOzck4.debug.temp.o
LOAD C:\Users\embedded\AppData\Local\Temp\ccs8m8uf.debug.temp.o
LOAD C:\Users\embedded\AppData\Local\Temp\ccSRwZdq.debug.temp.o
LOAD C:\Users\embedded\AppData\Local\Temp\ccql839A.debug.temp.o
LOAD C:\Users\embedded\AppData\Local\Temp\ccguKgEL.debug.temp.o
LOAD C:\Users\embedded\AppData\Local\Temp\cceLeK1U.debug.temp.o
LOAD C:\Users\embedded\AppData\Local\Temp\cccowLM8.debug.temp.o
LOAD C:\Users\embedded\AppData\Local\Temp\ccOrZIBm.debug.temp.o
LOAD C:\Users\embedded\AppData\Local\Temp\ccIwsgCz.debug.temp.o
LOAD C:\Users\embedded\AppData\Local\Temp\cc8tT4WL.debug.temp.o
LOAD C:\Users\embedded\AppData\Local\Temp\cckcQZDY.debug.temp.o
LOAD C:\Users\embedded\AppData\Local\Temp\ccYkrWOa.debug.temp.o
LOAD C:\Users\embedded\AppData\Local\Temp\cckC7GIq.debug.temp.o
LOAD C:\Users\embedded\AppData\Local\Temp\cc6eosaG.debug.temp.o
LOAD C:\Users\embedded\AppData\Local\Temp\cc0B6qPV.debug.temp.o
LOAD C:\Users\embedded\AppData\Local\Temp\cc6Wq71a.debug.temp.o
LOAD C:\Users\embedded\AppData\Local\Temp\ccsebQlp.debug.temp.o
LOAD C:\Users\embedded\AppData\Local\Temp\ccG3EOGH.debug.temp.o
LOAD C:\Users\embedded\AppData\Local\Temp\ccKfJ2n0.debug.temp.o
LOAD C:\Users\embedded\AppData\Local\Temp\ccijN4ti.debug.temp.o
LOAD C:\Users\embedded\AppData\Local\Temp\ccCDhGYz.debug.temp.o
LOAD ./Core/Src/battery.o
LOAD ./Core/Src/ble_jdy29.o
LOAD ./Core/Src/ble_protocol.o
LOAD ./Core/Src/bma253.o
LOAD ./Core/Src/bringup_test.o
LOAD ./Core/Src/button_test.o
LOAD ./Core/Src/buzzer.o
LOAD ./Core/Src/data_storage.o
LOAD ./Core/Src/device_state.o
LOAD ./Core/Src/ee_data.o
LOAD ./Core/Src/ee_store.o
LOAD ./Core/Src/hx711.o
LOAD ./Core/Src/main.o
LOAD ./Core/Src/ntc_temp.o
LOAD ./Core/Src/rtc_manager.o
LOAD ./Core/Src/rtc_pcf8563.o
LOAD ./Core/Src/sensors.o
LOAD ./Core/Src/stm32f0xx_hal_msp.o
LOAD ./Core/Src/stm32f0xx_it.o
LOAD ./Core/Src/syscalls.o
LOAD ./Core/Src/sysmem.o
LOAD ./Core/Src/system_stm32f0xx.o
LOAD ./Core/Src/tds_sensor.o
LOAD ./Core/Src/ws2812b.o
LOAD ./Core/Startup/startup_stm32f030k6tx.o
LOAD ./Drivers/STM32F0xx_HAL_Driver/Src/stm32f0xx_hal.o
LOAD ./Drivers/STM32F0xx_HAL_Driver/Src/stm32f0xx_hal_adc.o
LOAD ./Drivers/STM32F0xx_HAL_Driver/Src/stm32f0xx_hal_adc_ex.o
LOAD ./Drivers/STM32F0xx_HAL_Driver/Src/stm32f0xx_hal_cortex.o
LOAD ./Drivers/STM32F0xx_HAL_Driver/Src/stm32f0xx_hal_dma.o
LOAD ./Drivers/STM32F0xx_HAL_Driver/Src/stm32f0xx_hal_exti.o
LOAD ./Drivers/STM32F0xx_HAL_Driver/Src/stm32f0xx_hal_flash.o
LOAD ./Drivers/STM32F0xx_HAL_Driver/Src/stm32f0xx_hal_flash_ex.o
LOAD ./Drivers/STM32F0xx_HAL_Driver/Src/stm32f0xx_hal_gpio.o
LOAD ./Drivers/STM32F0xx_HAL_Driver/Src/stm32f0xx_hal_i2c.o
LOAD ./Drivers/STM32F0xx_HAL_Driver/Src/stm32f0xx_hal_i2c_ex.o
LOAD ./Drivers/STM32F0xx_HAL_Driver/Src/stm32f0xx_hal_iwdg.o
LOAD ./Drivers/STM32F0xx_HAL_Driver/Src/stm32f0xx_hal_pwr.o
LOAD ./Drivers/STM32F0xx_HAL_Driver/Src/stm32f0xx_hal_pwr_ex.o
LOAD ./Drivers/STM32F0xx_HAL_Driver/Src/stm32f0xx_hal_rcc.o
LOAD ./Drivers/STM32F0xx_HAL_Driver/Src/stm32f0xx_hal_rcc_ex.o
LOAD ./Drivers/STM32F0xx_HAL_Driver/Src/stm32f0xx_hal_tim.o
LOAD ./Drivers/STM32F0xx_HAL_Driver/Src/stm32f0xx_hal_tim_ex.o
LOAD ./Drivers/STM32F0xx_HAL_Driver/Src/stm32f0xx_hal_uart.o
LOAD ./Drivers/STM32F0xx_HAL_Driver/Src/stm32f0xx_hal_uart_ex.o
START GROUP
LOAD C:/ST/STM32CubeIDE_1.19.0/STM32CubeIDE/plugins/com.st.stm32cube.ide.mcu.externaltools.gnu-tools-for-stm32.13.3.rel1.win32_1.0.0.202411081344/tools/bin/../lib/gcc/arm-none-eabi/13.3.1/../../../../arm-none-eabi/lib/thumb/v6-m/nofp\libc_nano.a
LOAD C:/ST/STM32CubeIDE_1.19.0/STM32CubeIDE/plugins/com.st.stm32cube.ide.mcu.externaltools.gnu-tools-for-stm32.13.3.rel1.win32_1.0.0.202411081344/tools/bin/../lib/gcc/arm-none-eabi/13.3.1/../../../../arm-none-eabi/lib/thumb/v6-m/nofp\libm.a
END GROUP
START GROUP
LOAD C:/ST/STM32CubeIDE_1.19.0/STM32CubeIDE/plugins/com.st.stm32cube.ide.mcu.externaltools.gnu-tools-for-stm32.13.3.rel1.win32_1.0.0.202411081344/tools/bin/../lib/gcc/arm-none-eabi/13.3.1/thumb/v6-m/nofp\libgcc.a
LOAD C:/ST/STM32CubeIDE_1.19.0/STM32CubeIDE/plugins/com.st.stm32cube.ide.mcu.externaltools.gnu-tools-for-stm32.13.3.rel1.win32_1.0.0.202411081344/tools/bin/../lib/gcc/arm-none-eabi/13.3.1/../../../../arm-none-eabi/lib/thumb/v6-m/nofp\libc_nano.a
END GROUP
START GROUP
LOAD C:/ST/STM32CubeIDE_1.19.0/STM32CubeIDE/plugins/com.st.stm32cube.ide.mcu.externaltools.gnu-tools-for-stm32.13.3.rel1.win32_1.0.0.202411081344/tools/bin/../lib/gcc/arm-none-eabi/13.3.1/thumb/v6-m/nofp\libgcc.a
LOAD C:/ST/STM32CubeIDE_1.19.0/STM32CubeIDE/plugins/com.st.stm32cube.ide.mcu.externaltools.gnu-tools-for-stm32.13.3.rel1.win32_1.0.0.202411081344/tools/bin/../lib/gcc/arm-none-eabi/13.3.1/../../../../arm-none-eabi/lib/thumb/v6-m/nofp\libc_nano.a
LOAD C:/ST/STM32CubeIDE_1.19.0/STM32CubeIDE/plugins/com.st.stm32cube.ide.mcu.externaltools.gnu-tools-for-stm32.13.3.rel1.win32_1.0.0.202411081344/tools/bin/../lib/gcc/arm-none-eabi/13.3.1/../../../../arm-none-eabi/lib/thumb/v6-m/nofp\libnosys.a
END GROUP
START GROUP
LOAD C:/ST/STM32CubeIDE_1.19.0/STM32CubeIDE/plugins/com.st.stm32cube.ide.mcu.externaltools.gnu-tools-for-stm32.13.3.rel1.win32_1.0.0.202411081344/tools/bin/../lib/gcc/arm-none-eabi/13.3.1/thumb/v6-m/nofp\libgcc.a
LOAD C:/ST/STM32CubeIDE_1.19.0/STM32CubeIDE/plugins/com.st.stm32cube.ide.mcu.externaltools.gnu-tools-for-stm32.13.3.rel1.win32_1.0.0.202411081344/tools/bin/../lib/gcc/arm-none-eabi/13.3.1/../../../../arm-none-eabi/lib/thumb/v6-m/nofp\libc_nano.a
LOAD C:/ST/STM32CubeIDE_1.19.0/STM32CubeIDE/plugins/com.st.stm32cube.ide.mcu.externaltools.gnu-tools-for-stm32.13.3.rel1.win32_1.0.0.202411081344/tools/bin/../lib/gcc/arm-none-eabi/13.3.1/../../../../arm-none-eabi/lib/thumb/v6-m/nofp\libnosys.a
END GROUP
LOAD C:/ST/STM32CubeIDE_1.19.0/STM32CubeIDE/plugins/com.st.stm32cube.ide.mcu.externaltools.gnu-tools-for-stm32.13.3.rel1.win32_1.0.0.202411081344/tools/bin/../lib/gcc/arm-none-eabi/13.3.1/thumb/v6-m/nofp/crtend.o
LOAD C:/ST/STM32CubeIDE_1.19.0/STM32CubeIDE/plugins/com.st.stm32cube.ide.mcu.externaltools.gnu-tools-for-stm32.13.3.rel1.win32_1.0.0.202411081344/tools/bin/../lib/gcc/arm-none-eabi/13.3.1/thumb/v6-m/nofp/crtn.o
                0x20001000                        _estack = (ORIGIN (RAM) + LENGTH (RAM))
                0x00000200                        _Min_Heap_Size = 0x200
                0x00000400                        _Min_Stack_Size = 0x400

.isr_vector     0x08000000       0xc0
                0x08000000                        . = ALIGN (0x4)
 *(.isr_vector)
 .isr_vector    0x08000000       0xc0 ./Core/Startup/startup_stm32f030k6tx.o
                0x08000000                g_pfnVectors
                0x080000c0                        . = ALIGN (0x4)

.text           0x080000c0     0x75f8
                0x080000c0                        . = ALIGN (0x4)
 *(.text)
 .text          0x080000c0       0x48 C:/ST/STM32CubeIDE_1.19.0/STM32CubeIDE/plugins/com.st.stm32cube.ide.mcu.externaltools.gnu-tools-for-stm32.13.3.rel1.win32_1.0.0.202411081344/tools/bin/../lib/gcc/arm-none-eabi/13.3.1/thumb/v6-m/nofp/crtbegin.o
 .text          0x08000108     0x63ac C:\Users\embedded\AppData\Local\Temp\ccpqV051.ltrans0.ltrans.o
                0x08005f88                NMI_Handler
                0x08005f8a                HardFault_Handler
                0x08005f8c                SVC_Handler
                0x08005f8e                PendSV_Handler
                0x08005f90                SysTick_Handler
                0x08005fa0                EXTI0_1_IRQHandler
                0x08005fb4                EXTI4_15_IRQHandler
                0x08005fe0                DMA1_Channel2_3_IRQHandler
                0x080060a4                ADC1_IRQHandler
                0x08006164                USART1_IRQHandler
                0x08006424                _exit
                0x08006430                _read
                0x0800644a                _write
                0x08006464                _close
                0x0800646a                _lseek
                0x0800646e                _sbrk
                0x080064b0                SystemInit
 .text          0x080064b4       0x14 C:/ST/STM32CubeIDE_1.19.0/STM32CubeIDE/plugins/com.st.stm32cube.ide.mcu.externaltools.gnu-tools-for-stm32.13.3.rel1.win32_1.0.0.202411081344/tools/bin/../lib/gcc/arm-none-eabi/13.3.1/../../../../arm-none-eabi/lib/thumb/v6-m/nofp\libc_nano.a(libc_a-strcmp.o)
                0x080064b4                strcmp
 .text          0x080064c8        0xe C:/ST/STM32CubeIDE_1.19.0/STM32CubeIDE/plugins/com.st.stm32cube.ide.mcu.externaltools.gnu-tools-for-stm32.13.3.rel1.win32_1.0.0.202411081344/tools/bin/../lib/gcc/arm-none-eabi/13.3.1/../../../../arm-none-eabi/lib/thumb/v6-m/nofp\libc_nano.a(libc_a-strlen.o)
                0x080064c8                strlen
 *fill*         0x080064d6        0x2 
 .text          0x080064d8       0x14 C:/ST/STM32CubeIDE_1.19.0/STM32CubeIDE/plugins/com.st.stm32cube.ide.mcu.externaltools.gnu-tools-for-stm32.13.3.rel1.win32_1.0.0.202411081344/tools/bin/../lib/gcc/arm-none-eabi/13.3.1/thumb/v6-m/nofp\libgcc.a(_thumb1_case_uqi.o)
                0x080064d8                __gnu_thumb1_case_uqi
 .text          0x080064ec       0x14 C:/ST/STM32CubeIDE_1.19.0/STM32CubeIDE/plugins/com.st.stm32cube.ide.mcu.externaltools.gnu-tools-for-stm32.13.3.rel1.win32_1.0.0.202411081344/tools/bin/../lib/gcc/arm-none-eabi/13.3.1/thumb/v6-m/nofp\libgcc.a(_thumb1_case_uhi.o)
                0x080064ec                __gnu_thumb1_case_uhi
 .text          0x08006500      0x114 C:/ST/STM32CubeIDE_1.19.0/STM32CubeIDE/plugins/com.st.stm32cube.ide.mcu.externaltools.gnu-tools-for-stm32.13.3.rel1.win32_1.0.0.202411081344/tools/bin/../lib/gcc/arm-none-eabi/13.3.1/thumb/v6-m/nofp\libgcc.a(_udivsi3.o)
                0x08006500                __aeabi_uidiv
                0x08006500                __udivsi3
                0x0800660c                __aeabi_uidivmod
 .text          0x08006614      0x1d4 C:/ST/STM32CubeIDE_1.19.0/STM32CubeIDE/plugins/com.st.stm32cube.ide.mcu.externaltools.gnu-tools-for-stm32.13.3.rel1.win32_1.0.0.202411081344/tools/bin/../lib/gcc/arm-none-eabi/13.3.1/thumb/v6-m/nofp\libgcc.a(_divsi3.o)
                0x08006614                __divsi3
                0x08006614                __aeabi_idiv
                0x080067e0                __aeabi_idivmod
 .text          0x080067e8        0x4 C:/ST/STM32CubeIDE_1.19.0/STM32CubeIDE/plugins/com.st.stm32cube.ide.mcu.externaltools.gnu-tools-for-stm32.13.3.rel1.win32_1.0.0.202411081344/tools/bin/../lib/gcc/arm-none-eabi/13.3.1/thumb/v6-m/nofp\libgcc.a(_dvmd_tls.o)
                0x080067e8                __aeabi_idiv0
                0x080067e8                __aeabi_ldiv0
 .text          0x080067ec       0x48 C:/ST/STM32CubeIDE_1.19.0/STM32CubeIDE/plugins/com.st.stm32cube.ide.mcu.externaltools.gnu-tools-for-stm32.13.3.rel1.win32_1.0.0.202411081344/tools/bin/../lib/gcc/arm-none-eabi/13.3.1/thumb/v6-m/nofp\libgcc.a(_aeabi_ldivmod.o)
                0x080067ec                __aeabi_ldivmod
 .text          0x08006834       0x5c C:/ST/STM32CubeIDE_1.19.0/STM32CubeIDE/plugins/com.st.stm32cube.ide.mcu.externaltools.gnu-tools-for-stm32.13.3.rel1.win32_1.0.0.202411081344/tools/bin/../lib/gcc/arm-none-eabi/13.3.1/thumb/v6-m/nofp\libgcc.a(_muldi3.o)
                0x08006834                __muldi3
                0x08006834                __aeabi_lmul
 .text          0x08006890       0x3c C:/ST/STM32CubeIDE_1.19.0/STM32CubeIDE/plugins/com.st.stm32cube.ide.mcu.externaltools.gnu-tools-for-stm32.13.3.rel1.win32_1.0.0.202411081344/tools/bin/../lib/gcc/arm-none-eabi/13.3.1/thumb/v6-m/nofp\libgcc.a(bpabi.o)
                0x08006890                __gnu_ldivmod_helper
 .text          0x080068cc       0x18 C:/ST/STM32CubeIDE_1.19.0/STM32CubeIDE/plugins/com.st.stm32cube.ide.mcu.externaltools.gnu-tools-for-stm32.13.3.rel1.win32_1.0.0.202411081344/tools/bin/../lib/gcc/arm-none-eabi/13.3.1/thumb/v6-m/nofp\libgcc.a(_clzdi2.o)
                0x080068cc                __clzdi2
 .text          0x080068e4      0x1d8 C:/ST/STM32CubeIDE_1.19.0/STM32CubeIDE/plugins/com.st.stm32cube.ide.mcu.externaltools.gnu-tools-for-stm32.13.3.rel1.win32_1.0.0.202411081344/tools/bin/../lib/gcc/arm-none-eabi/13.3.1/thumb/v6-m/nofp\libgcc.a(_divdi3.o)
                0x080068e4                __divdi3
 .text          0x08006abc       0x3c C:/ST/STM32CubeIDE_1.19.0/STM32CubeIDE/plugins/com.st.stm32cube.ide.mcu.externaltools.gnu-tools-for-stm32.13.3.rel1.win32_1.0.0.202411081344/tools/bin/../lib/gcc/arm-none-eabi/13.3.1/thumb/v6-m/nofp\libgcc.a(_clzsi2.o)
                0x08006abc                __clzsi2
 *(.text*)
 .text.startup  0x08006af8      0xab8 C:\Users\embedded\AppData\Local\Temp\ccpqV051.ltrans0.ltrans.o
                0x08006af8                main
 .text.Reset_Handler
                0x080075b0       0x50 ./Core/Startup/startup_stm32f030k6tx.o
                0x080075b0                Reset_Handler
 .text.Default_Handler
                0x08007600        0x2 ./Core/Startup/startup_stm32f030k6tx.o
                0x08007600                TIM1_CC_IRQHandler
                0x08007600                I2C1_IRQHandler
                0x08007600                SPI1_IRQHandler
                0x08007600                EXTI2_3_IRQHandler
                0x08007600                TIM17_IRQHandler
                0x08007600                RTC_IRQHandler
                0x08007600                TIM16_IRQHandler
                0x08007600                TIM3_IRQHandler
                0x08007600                RCC_IRQHandler
                0x08007600                DMA1_Channel1_IRQHandler
                0x08007600                Default_Handler
                0x08007600                TIM14_IRQHandler
                0x08007600                DMA1_Channel4_5_IRQHandler
                0x08007600                WWDG_IRQHandler
                0x08007600                FLASH_IRQHandler
                0x08007600                TIM1_BRK_UP_TRG_COM_IRQHandler
 .text.memset   0x08007602       0x10 C:/ST/STM32CubeIDE_1.19.0/STM32CubeIDE/plugins/com.st.stm32cube.ide.mcu.externaltools.gnu-tools-for-stm32.13.3.rel1.win32_1.0.0.202411081344/tools/bin/../lib/gcc/arm-none-eabi/13.3.1/../../../../arm-none-eabi/lib/thumb/v6-m/nofp\libc_nano.a(libc_a-memset.o)
                0x08007602                memset
 *fill*         0x08007612        0x2 
 .text.__errno  0x08007614        0xc C:/ST/STM32CubeIDE_1.19.0/STM32CubeIDE/plugins/com.st.stm32cube.ide.mcu.externaltools.gnu-tools-for-stm32.13.3.rel1.win32_1.0.0.202411081344/tools/bin/../lib/gcc/arm-none-eabi/13.3.1/../../../../arm-none-eabi/lib/thumb/v6-m/nofp\libc_nano.a(libc_a-errno.o)
                0x08007614                __errno
 .text.__libc_init_array
                0x08007620       0x48 C:/ST/STM32CubeIDE_1.19.0/STM32CubeIDE/plugins/com.st.stm32cube.ide.mcu.externaltools.gnu-tools-for-stm32.13.3.rel1.win32_1.0.0.202411081344/tools/bin/../lib/gcc/arm-none-eabi/13.3.1/../../../../arm-none-eabi/lib/thumb/v6-m/nofp\libc_nano.a(libc_a-init.o)
                0x08007620                __libc_init_array
 .text.memmove  0x08007668       0x24 C:/ST/STM32CubeIDE_1.19.0/STM32CubeIDE/plugins/com.st.stm32cube.ide.mcu.externaltools.gnu-tools-for-stm32.13.3.rel1.win32_1.0.0.202411081344/tools/bin/../lib/gcc/arm-none-eabi/13.3.1/../../../../arm-none-eabi/lib/thumb/v6-m/nofp\libc_nano.a(libc_a-memmove.o)
                0x08007668                memmove
 .text.memcpy   0x0800768c       0x12 C:/ST/STM32CubeIDE_1.19.0/STM32CubeIDE/plugins/com.st.stm32cube.ide.mcu.externaltools.gnu-tools-for-stm32.13.3.rel1.win32_1.0.0.202411081344/tools/bin/../lib/gcc/arm-none-eabi/13.3.1/../../../../arm-none-eabi/lib/thumb/v6-m/nofp\libc_nano.a(libc_a-memcpy-stub.o)
                0x0800768c                memcpy
 *(.glue_7)
 .glue_7        0x0800769e        0x0 linker stubs
 *(.glue_7t)
 .glue_7t       0x0800769e        0x0 linker stubs
 *(.eh_frame)
 *fill*         0x0800769e        0x2 
 .eh_frame      0x080076a0        0x0 C:/ST/STM32CubeIDE_1.19.0/STM32CubeIDE/plugins/com.st.stm32cube.ide.mcu.externaltools.gnu-tools-for-stm32.13.3.rel1.win32_1.0.0.202411081344/tools/bin/../lib/gcc/arm-none-eabi/13.3.1/thumb/v6-m/nofp/crtbegin.o
 *(.init)
 .init          0x080076a0        0x4 C:/ST/STM32CubeIDE_1.19.0/STM32CubeIDE/plugins/com.st.stm32cube.ide.mcu.externaltools.gnu-tools-for-stm32.13.3.rel1.win32_1.0.0.202411081344/tools/bin/../lib/gcc/arm-none-eabi/13.3.1/thumb/v6-m/nofp/crti.o
                0x080076a0                _init
 .init          0x080076a4        0x8 C:/ST/STM32CubeIDE_1.19.0/STM32CubeIDE/plugins/com.st.stm32cube.ide.mcu.externaltools.gnu-tools-for-stm32.13.3.rel1.win32_1.0.0.202411081344/tools/bin/../lib/gcc/arm-none-eabi/13.3.1/thumb/v6-m/nofp/crtn.o
 *(.fini)
 .fini          0x080076ac        0x4 C:/ST/STM32CubeIDE_1.19.0/STM32CubeIDE/plugins/com.st.stm32cube.ide.mcu.externaltools.gnu-tools-for-stm32.13.3.rel1.win32_1.0.0.202411081344/tools/bin/../lib/gcc/arm-none-eabi/13.3.1/thumb/v6-m/nofp/crti.o
                0x080076ac                _fini
 .fini          0x080076b0        0x8 C:/ST/STM32CubeIDE_1.19.0/STM32CubeIDE/plugins/com.st.stm32cube.ide.mcu.externaltools.gnu-tools-for-stm32.13.3.rel1.win32_1.0.0.202411081344/tools/bin/../lib/gcc/arm-none-eabi/13.3.1/thumb/v6-m/nofp/crtn.o
                0x080076b8                        . = ALIGN (0x4)
                0x080076b8                        _etext = .

.vfp11_veneer   0x080076b8        0x0
 .vfp11_veneer  0x080076b8        0x0 linker stubs

.v4_bx          0x080076b8        0x0
 .v4_bx         0x080076b8        0x0 linker stubs

.iplt           0x080076b8        0x0
 .iplt          0x080076b8        0x0 C:/ST/STM32CubeIDE_1.19.0/STM32CubeIDE/plugins/com.st.stm32cube.ide.mcu.externaltools.gnu-tools-for-stm32.13.3.rel1.win32_1.0.0.202411081344/tools/bin/../lib/gcc/arm-none-eabi/13.3.1/thumb/v6-m/nofp/crtbegin.o

.rodata         0x080076b8      0x590
                0x080076b8                        . = ALIGN (0x4)
 *(.rodata)
 .rodata        0x080076b8      0x1be C:\Users\embedded\AppData\Local\Temp\ccpqV051.ltrans0.ltrans.o
 *(.rodata*)
 .rodata.str1.1
                0x08007876      0x3cf C:\Users\embedded\AppData\Local\Temp\ccpqV051.ltrans0.ltrans.o
                                0x3f4 (size before relaxing)
                0x08007c48                        . = ALIGN (0x4)
 *fill*         0x08007c45        0x3 

.ARM.extab      0x08007c48        0x0
                0x08007c48                        . = ALIGN (0x4)
 *(.ARM.extab* .gnu.linkonce.armextab.*)
                0x08007c48                        . = ALIGN (0x4)

.ARM            0x08007c48        0x8
                0x08007c48                        . = ALIGN (0x4)
                0x08007c48                        __exidx_start = .
 *(.ARM.exidx*)
 .ARM.exidx     0x08007c48        0x8 C:/ST/STM32CubeIDE_1.19.0/STM32CubeIDE/plugins/com.st.stm32cube.ide.mcu.externaltools.gnu-tools-for-stm32.13.3.rel1.win32_1.0.0.202411081344/tools/bin/../lib/gcc/arm-none-eabi/13.3.1/thumb/v6-m/nofp\libgcc.a(_divdi3.o)
                0x08007c50                        __exidx_end = .
                0x08007c50                        . = ALIGN (0x4)

.preinit_array  0x08007c50        0x0
                0x08007c50                        . = ALIGN (0x4)
                0x08007c50                        PROVIDE (__preinit_array_start = .)
 *(.preinit_array*)
                0x08007c50                        PROVIDE (__preinit_array_end = .)
                0x08007c50                        . = ALIGN (0x4)

.init_array     0x08007c50        0x4
                0x08007c50                        . = ALIGN (0x4)
                0x08007c50                        PROVIDE (__init_array_start = .)
 *(SORT_BY_NAME(.init_array.*))
 *(.init_array*)
 .init_array    0x08007c50        0x4 C:/ST/STM32CubeIDE_1.19.0/STM32CubeIDE/plugins/com.st.stm32cube.ide.mcu.externaltools.gnu-tools-for-stm32.13.3.rel1.win32_1.0.0.202411081344/tools/bin/../lib/gcc/arm-none-eabi/13.3.1/thumb/v6-m/nofp/crtbegin.o
                0x08007c54                        PROVIDE (__init_array_end = .)
                0x08007c54                        . = ALIGN (0x4)

.fini_array     0x08007c54        0x4
                0x08007c54                        . = ALIGN (0x4)
                [!provide]                        PROVIDE (__fini_array_start = .)
 *(SORT_BY_NAME(.fini_array.*))
 *(.fini_array*)
 .fini_array    0x08007c54        0x4 C:/ST/STM32CubeIDE_1.19.0/STM32CubeIDE/plugins/com.st.stm32cube.ide.mcu.externaltools.gnu-tools-for-stm32.13.3.rel1.win32_1.0.0.202411081344/tools/bin/../lib/gcc/arm-none-eabi/13.3.1/thumb/v6-m/nofp/crtbegin.o
                [!provide]                        PROVIDE (__fini_array_end = .)
                0x08007c58                        . = ALIGN (0x4)
                0x08007c58                        _sidata = LOADADDR (.data)

.rel.dyn        0x08007c58        0x0
 .rel.iplt      0x08007c58        0x0 C:/ST/STM32CubeIDE_1.19.0/STM32CubeIDE/plugins/com.st.stm32cube.ide.mcu.externaltools.gnu-tools-for-stm32.13.3.rel1.win32_1.0.0.202411081344/tools/bin/../lib/gcc/arm-none-eabi/13.3.1/thumb/v6-m/nofp/crtbegin.o

.data           0x20000000       0x60 load address 0x08007c58
                0x20000000                        . = ALIGN (0x4)
                0x20000000                        _sdata = .
 *(.data)
 .data          0x20000000        0xe C:\Users\embedded\AppData\Local\Temp\ccpqV051.ltrans0.ltrans.o
 *(.data*)
 *fill*         0x2000000e        0x2 
 .data._impure_ptr
                0x20000010        0x4 C:/ST/STM32CubeIDE_1.19.0/STM32CubeIDE/plugins/com.st.stm32cube.ide.mcu.externaltools.gnu-tools-for-stm32.13.3.rel1.win32_1.0.0.202411081344/tools/bin/../lib/gcc/arm-none-eabi/13.3.1/../../../../arm-none-eabi/lib/thumb/v6-m/nofp\libc_nano.a(libc_a-impure.o)
                0x20000010                _impure_ptr
 .data._impure_data
                0x20000014       0x4c C:/ST/STM32CubeIDE_1.19.0/STM32CubeIDE/plugins/com.st.stm32cube.ide.mcu.externaltools.gnu-tools-for-stm32.13.3.rel1.win32_1.0.0.202411081344/tools/bin/../lib/gcc/arm-none-eabi/13.3.1/../../../../arm-none-eabi/lib/thumb/v6-m/nofp\libc_nano.a(libc_a-impure.o)
                0x20000014                _impure_data
 *(.RamFunc)
 *(.RamFunc*)
                0x20000060                        . = ALIGN (0x4)
                0x20000060                        _edata = .

.igot.plt       0x20000060        0x0 load address 0x08007cb8
 .igot.plt      0x20000060        0x0 C:/ST/STM32CubeIDE_1.19.0/STM32CubeIDE/plugins/com.st.stm32cube.ide.mcu.externaltools.gnu-tools-for-stm32.13.3.rel1.win32_1.0.0.202411081344/tools/bin/../lib/gcc/arm-none-eabi/13.3.1/thumb/v6-m/nofp/crtbegin.o
                0x20000060                        . = ALIGN (0x4)

.bss            0x20000060      0x994 load address 0x08007cb8
                0x20000060                        _sbss = .
                0x20000060                        __bss_start__ = _sbss
 *(.bss)
 .bss           0x20000060       0x1c C:/ST/STM32CubeIDE_1.19.0/STM32CubeIDE/plugins/com.st.stm32cube.ide.mcu.externaltools.gnu-tools-for-stm32.13.3.rel1.win32_1.0.0.202411081344/tools/bin/../lib/gcc/arm-none-eabi/13.3.1/thumb/v6-m/nofp/crtbegin.o
 *fill*         0x2000007c        0x4 
 .bss           0x20000080      0x83c C:\Users\embedded\AppData\Local\Temp\ccpqV051.ltrans0.ltrans.o
 *(.bss*)
 .bss.__sf      0x200008bc      0x138 C:/ST/STM32CubeIDE_1.19.0/STM32CubeIDE/plugins/com.st.stm32cube.ide.mcu.externaltools.gnu-tools-for-stm32.13.3.rel1.win32_1.0.0.202411081344/tools/bin/../lib/gcc/arm-none-eabi/13.3.1/../../../../arm-none-eabi/lib/thumb/v6-m/nofp\libc_nano.a(libc_a-findfp.o)
                0x200008bc                __sf
 *(COMMON)
                0x200009f4                        . = ALIGN (0x4)
                0x200009f4                        _ebss = .
                0x200009f4                        __bss_end__ = _ebss

._user_heap_stack
                0x200009f4      0x604 load address 0x08007cb8
                0x200009f8                        . = ALIGN (0x8)
 *fill*         0x200009f4        0x4 
                [!provide]                        PROVIDE (end = .)
                0x200009f8                        PROVIDE (_end = .)
                0x20000bf8                        . = (. + _Min_Heap_Size)
 *fill*         0x200009f8      0x200 
                0x20000ff8                        . = (. + _Min_Stack_Size)
 *fill*         0x20000bf8      0x400 
                0x20000ff8                        . = ALIGN (0x8)

/DISCARD/
 libc.a(*)
 libm.a(*)
 libgcc.a(*)

.ARM.attributes
                0x00000000       0x28
 *(.ARM.attributes)
 .ARM.attributes
                0x00000000       0x1e C:/ST/STM32CubeIDE_1.19.0/STM32CubeIDE/plugins/com.st.stm32cube.ide.mcu.externaltools.gnu-tools-for-stm32.13.3.rel1.win32_1.0.0.202411081344/tools/bin/../lib/gcc/arm-none-eabi/13.3.1/thumb/v6-m/nofp/crti.o
 .ARM.attributes
                0x0000001e       0x2c C:/ST/STM32CubeIDE_1.19.0/STM32CubeIDE/plugins/com.st.stm32cube.ide.mcu.externaltools.gnu-tools-for-stm32.13.3.rel1.win32_1.0.0.202411081344/tools/bin/../lib/gcc/arm-none-eabi/13.3.1/thumb/v6-m/nofp/crtbegin.o
 .ARM.attributes
                0x0000004a       0x2a C:\Users\embedded\AppData\Local\Temp\ccpqV051.ltrans0.ltrans.o
 .ARM.attributes
                0x00000074       0x21 ./Core/Startup/startup_stm32f030k6tx.o
 .ARM.attributes
                0x00000095       0x2c C:/ST/STM32CubeIDE_1.19.0/STM32CubeIDE/plugins/com.st.stm32cube.ide.mcu.externaltools.gnu-tools-for-stm32.13.3.rel1.win32_1.0.0.202411081344/tools/bin/../lib/gcc/arm-none-eabi/13.3.1/../../../../arm-none-eabi/lib/thumb/v6-m/nofp\libc_nano.a(libc_a-findfp.o)
 .ARM.attributes
                0x000000c1       0x2c C:/ST/STM32CubeIDE_1.19.0/STM32CubeIDE/plugins/com.st.stm32cube.ide.mcu.externaltools.gnu-tools-for-stm32.13.3.rel1.win32_1.0.0.202411081344/tools/bin/../lib/gcc/arm-none-eabi/13.3.1/../../../../arm-none-eabi/lib/thumb/v6-m/nofp\libc_nano.a(libc_a-memset.o)
 .ARM.attributes
                0x000000ed       0x2c C:/ST/STM32CubeIDE_1.19.0/STM32CubeIDE/plugins/com.st.stm32cube.ide.mcu.externaltools.gnu-tools-for-stm32.13.3.rel1.win32_1.0.0.202411081344/tools/bin/../lib/gcc/arm-none-eabi/13.3.1/../../../../arm-none-eabi/lib/thumb/v6-m/nofp\libc_nano.a(libc_a-impure.o)
 .ARM.attributes
                0x00000119       0x2c C:/ST/STM32CubeIDE_1.19.0/STM32CubeIDE/plugins/com.st.stm32cube.ide.mcu.externaltools.gnu-tools-for-stm32.13.3.rel1.win32_1.0.0.202411081344/tools/bin/../lib/gcc/arm-none-eabi/13.3.1/../../../../arm-none-eabi/lib/thumb/v6-m/nofp\libc_nano.a(libc_a-errno.o)
 .ARM.attributes
                0x00000145       0x2c C:/ST/STM32CubeIDE_1.19.0/STM32CubeIDE/plugins/com.st.stm32cube.ide.mcu.externaltools.gnu-tools-for-stm32.13.3.rel1.win32_1.0.0.202411081344/tools/bin/../lib/gcc/arm-none-eabi/13.3.1/../../../../arm-none-eabi/lib/thumb/v6-m/nofp\libc_nano.a(libc_a-init.o)
 .ARM.attributes
                0x00000171       0x2c C:/ST/STM32CubeIDE_1.19.0/STM32CubeIDE/plugins/com.st.stm32cube.ide.mcu.externaltools.gnu-tools-for-stm32.13.3.rel1.win32_1.0.0.202411081344/tools/bin/../lib/gcc/arm-none-eabi/13.3.1/../../../../arm-none-eabi/lib/thumb/v6-m/nofp\libc_nano.a(libc_a-memmove.o)
 .ARM.attributes
                0x0000019d       0x1c C:/ST/STM32CubeIDE_1.19.0/STM32CubeIDE/plugins/com.st.stm32cube.ide.mcu.externaltools.gnu-tools-for-stm32.13.3.rel1.win32_1.0.0.202411081344/tools/bin/../lib/gcc/arm-none-eabi/13.3.1/../../../../arm-none-eabi/lib/thumb/v6-m/nofp\libc_nano.a(libc_a-strcmp.o)
 .ARM.attributes
                0x000001b9       0x2c C:/ST/STM32CubeIDE_1.19.0/STM32CubeIDE/plugins/com.st.stm32cube.ide.mcu.externaltools.gnu-tools-for-stm32.13.3.rel1.win32_1.0.0.202411081344/tools/bin/../lib/gcc/arm-none-eabi/13.3.1/../../../../arm-none-eabi/lib/thumb/v6-m/nofp\libc_nano.a(libc_a-memcpy-stub.o)
 .ARM.attributes
                0x000001e5       0x1c C:/ST/STM32CubeIDE_1.19.0/STM32CubeIDE/plugins/com.st.stm32cube.ide.mcu.externaltools.gnu-tools-for-stm32.13.3.rel1.win32_1.0.0.202411081344/tools/bin/../lib/gcc/arm-none-eabi/13.3.1/../../../../arm-none-eabi/lib/thumb/v6-m/nofp\libc_nano.a(libc_a-strlen.o)
 .ARM.attributes
                0x00000201       0x1e C:/ST/STM32CubeIDE_1.19.0/STM32CubeIDE/plugins/com.st.stm32cube.ide.mcu.externaltools.gnu-tools-for-stm32.13.3.rel1.win32_1.0.0.202411081344/tools/bin/../lib/gcc/arm-none-eabi/13.3.1/thumb/v6-m/nofp\libgcc.a(_thumb1_case_uqi.o)
 .ARM.attributes
                0x0000021f       0x1e C:/ST/STM32CubeIDE_1.19.0/STM32CubeIDE/plugins/com.st.stm32cube.ide.mcu.externaltools.gnu-tools-for-stm32.13.3.rel1.win32_1.0.0.202411081344/tools/bin/../lib/gcc/arm-none-eabi/13.3.1/thumb/v6-m/nofp\libgcc.a(_thumb1_case_uhi.o)
 .ARM.attributes
                0x0000023d       0x1e C:/ST/STM32CubeIDE_1.19.0/STM32CubeIDE/plugins/com.st.stm32cube.ide.mcu.externaltools.gnu-tools-for-stm32.13.3.rel1.win32_1.0.0.202411081344/tools/bin/../lib/gcc/arm-none-eabi/13.3.1/thumb/v6-m/nofp\libgcc.a(_udivsi3.o)
 .ARM.attributes
                0x0000025b       0x1e C:/ST/STM32CubeIDE_1.19.0/STM32CubeIDE/plugins/com.st.stm32cube.ide.mcu.externaltools.gnu-tools-for-stm32.13.3.rel1.win32_1.0.0.202411081344/tools/bin/../lib/gcc/arm-none-eabi/13.3.1/thumb/v6-m/nofp\libgcc.a(_divsi3.o)
 .ARM.attributes
                0x00000279       0x1e C:/ST/STM32CubeIDE_1.19.0/STM32CubeIDE/plugins/com.st.stm32cube.ide.mcu.externaltools.gnu-tools-for-stm32.13.3.rel1.win32_1.0.0.202411081344/tools/bin/../lib/gcc/arm-none-eabi/13.3.1/thumb/v6-m/nofp\libgcc.a(_dvmd_tls.o)
 .ARM.attributes
                0x00000297       0x1e C:/ST/STM32CubeIDE_1.19.0/STM32CubeIDE/plugins/com.st.stm32cube.ide.mcu.externaltools.gnu-tools-for-stm32.13.3.rel1.win32_1.0.0.202411081344/tools/bin/../lib/gcc/arm-none-eabi/13.3.1/thumb/v6-m/nofp\libgcc.a(_aeabi_ldivmod.o)
 .ARM.attributes
                0x000002b5       0x2c C:/ST/STM32CubeIDE_1.19.0/STM32CubeIDE/plugins/com.st.stm32cube.ide.mcu.externaltools.gnu-tools-for-stm32.13.3.rel1.win32_1.0.0.202411081344/tools/bin/../lib/gcc/arm-none-eabi/13.3.1/thumb/v6-m/nofp\libgcc.a(_muldi3.o)
 .ARM.attributes
                0x000002e1       0x2c C:/ST/STM32CubeIDE_1.19.0/STM32CubeIDE/plugins/com.st.stm32cube.ide.mcu.externaltools.gnu-tools-for-stm32.13.3.rel1.win32_1.0.0.202411081344/tools/bin/../lib/gcc/arm-none-eabi/13.3.1/thumb/v6-m/nofp\libgcc.a(bpabi.o)
 .ARM.attributes
                0x0000030d       0x1e C:/ST/STM32CubeIDE_1.19.0/STM32CubeIDE/plugins/com.st.stm32cube.ide.mcu.externaltools.gnu-tools-for-stm32.13.3.rel1.win32_1.0.0.202411081344/tools/bin/../lib/gcc/arm-none-eabi/13.3.1/thumb/v6-m/nofp\libgcc.a(_clzdi2.o)
 .ARM.attributes
                0x0000032b       0x2c C:/ST/STM32CubeIDE_1.19.0/STM32CubeIDE/plugins/com.st.stm32cube.ide.mcu.externaltools.gnu-tools-for-stm32.13.3.rel1.win32_1.0.0.202411081344/tools/bin/../lib/gcc/arm-none-eabi/13.3.1/thumb/v6-m/nofp\libgcc.a(_divdi3.o)
 .ARM.attributes
                0x00000357       0x1e C:/ST/STM32CubeIDE_1.19.0/STM32CubeIDE/plugins/com.st.stm32cube.ide.mcu.externaltools.gnu-tools-for-stm32.13.3.rel1.win32_1.0.0.202411081344/tools/bin/../lib/gcc/arm-none-eabi/13.3.1/thumb/v6-m/nofp\libgcc.a(_clzsi2.o)
 .ARM.attributes
                0x00000375       0x1e C:/ST/STM32CubeIDE_1.19.0/STM32CubeIDE/plugins/com.st.stm32cube.ide.mcu.externaltools.gnu-tools-for-stm32.13.3.rel1.win32_1.0.0.202411081344/tools/bin/../lib/gcc/arm-none-eabi/13.3.1/thumb/v6-m/nofp/crtn.o
OUTPUT(water_bottle_1.elf elf32-littlearm)
LOAD linker stubs
LOAD C:/ST/STM32CubeIDE_1.19.0/STM32CubeIDE/plugins/com.st.stm32cube.ide.mcu.externaltools.gnu-tools-for-stm32.13.3.rel1.win32_1.0.0.202411081344/tools/bin/../lib/gcc/arm-none-eabi/13.3.1/../../../../arm-none-eabi/lib/thumb/v6-m/nofp\libc.a
LOAD C:/ST/STM32CubeIDE_1.19.0/STM32CubeIDE/plugins/com.st.stm32cube.ide.mcu.externaltools.gnu-tools-for-stm32.13.3.rel1.win32_1.0.0.202411081344/tools/bin/../lib/gcc/arm-none-eabi/13.3.1/../../../../arm-none-eabi/lib/thumb/v6-m/nofp\libm.a
LOAD C:/ST/STM32CubeIDE_1.19.0/STM32CubeIDE/plugins/com.st.stm32cube.ide.mcu.externaltools.gnu-tools-for-stm32.13.3.rel1.win32_1.0.0.202411081344/tools/bin/../lib/gcc/arm-none-eabi/13.3.1/thumb/v6-m/nofp\libgcc.a

.debug_info     0x00000000    0x251a8
 .debug_info    0x00000000     0xcf05 C:\Users\embedded\AppData\Local\Temp\ccpqV051.ltrans0.ltrans.o
 .debug_info    0x0000cf05     0x36f4 C:\Users\embedded\AppData\Local\Temp\ccJpz1h0.debug.temp.o
                0x0000cf05                app_logic.c.64de47d7
 .debug_info    0x000105f9      0x9b2 C:\Users\embedded\AppData\Local\Temp\ccAxCGDa.debug.temp.o
                0x000105f9                battery.c.a9ea9126
 .debug_info    0x00010fab      0xae1 C:\Users\embedded\AppData\Local\Temp\ccZqv82k.debug.temp.o
                0x00010fab                ble_jdy29.c.83f0e89a
 .debug_info    0x00011a8c      0x6c9 C:\Users\embedded\AppData\Local\Temp\cc6Ce24u.debug.temp.o
                0x00011a8c                ble_protocol.c.5facba14
 .debug_info    0x00012155      0x8b1 C:\Users\embedded\AppData\Local\Temp\ccKfMygA.debug.temp.o
                0x00012155                buzzer.c.1eeec5d7
 .debug_info    0x00012a06      0x899 C:\Users\embedded\AppData\Local\Temp\ccK7OCMA.debug.temp.o
                0x00012a06                data_storage.c.6a2c13db
 .debug_info    0x0001329f      0x465 C:\Users\embedded\AppData\Local\Temp\ccMAEg1E.debug.temp.o
                0x0001329f                device_state.c.f392b79b
 .debug_info    0x00013704      0x9a6 C:\Users\embedded\AppData\Local\Temp\ccQ0OkDL.debug.temp.o
                0x00013704                ee_store.c.c90ec4be
 .debug_info    0x000140aa      0x51c C:\Users\embedded\AppData\Local\Temp\cc8Plb9N.debug.temp.o
                0x000140aa                hx711.c.5f45e7bf
 .debug_info    0x000145c6     0x1901 C:\Users\embedded\AppData\Local\Temp\ccMcqBNQ.debug.temp.o
                0x000145c6                main.c.05a6b8fd
 .debug_info    0x00015ec7      0x7a5 C:\Users\embedded\AppData\Local\Temp\cc8nDExX.debug.temp.o
                0x00015ec7                ntc_temp.c.75820051
 .debug_info    0x0001666c      0xa93 C:\Users\embedded\AppData\Local\Temp\ccKxPxx3.debug.temp.o
                0x0001666c                rtc_manager.c.37242cd6
 .debug_info    0x000170ff     0x1364 C:\Users\embedded\AppData\Local\Temp\ccqraZjk.debug.temp.o
                0x000170ff                stm32f0xx_hal_msp.c.67fc09cb
 .debug_info    0x00018463      0x8f6 C:\Users\embedded\AppData\Local\Temp\cc8vsv7o.debug.temp.o
                0x00018463                stm32f0xx_it.c.c36017c2
 .debug_info    0x00018d59      0x584 C:\Users\embedded\AppData\Local\Temp\ccmzpXVx.debug.temp.o
                0x00018d59                syscalls.c.2219a6e3
 .debug_info    0x000192dd      0x144 C:\Users\embedded\AppData\Local\Temp\ccmToE6G.debug.temp.o
                0x000192dd                sysmem.c.069f431d
 .debug_info    0x00019421      0x208 C:\Users\embedded\AppData\Local\Temp\ccYcmzoP.debug.temp.o
                0x00019421                system_stm32f0xx.c.5c0fa355
 .debug_info    0x00019629      0x9e6 C:\Users\embedded\AppData\Local\Temp\ccgarb5W.debug.temp.o
                0x00019629                tds_sensor.c.cc8f2046
 .debug_info    0x0001a00f      0xb34 C:\Users\embedded\AppData\Local\Temp\ccQOzck4.debug.temp.o
                0x0001a00f                ws2812b.c.1268e935
 .debug_info    0x0001ab43      0x53d C:\Users\embedded\AppData\Local\Temp\ccs8m8uf.debug.temp.o
                0x0001ab43                stm32f0xx_hal.c.09a0d9da
 .debug_info    0x0001b080      0xaa8 C:\Users\embedded\AppData\Local\Temp\ccSRwZdq.debug.temp.o
                0x0001b080                stm32f0xx_hal_adc.c.dfbf60be
 .debug_info    0x0001bb28      0x559 C:\Users\embedded\AppData\Local\Temp\ccql839A.debug.temp.o
                0x0001bb28                stm32f0xx_hal_adc_ex.c.b38eb596
 .debug_info    0x0001c081      0x51a C:\Users\embedded\AppData\Local\Temp\ccguKgEL.debug.temp.o
                0x0001c081                stm32f0xx_hal_cortex.c.c69d2d14
 .debug_info    0x0001c59b      0x5fa C:\Users\embedded\AppData\Local\Temp\cceLeK1U.debug.temp.o
                0x0001c59b                stm32f0xx_hal_dma.c.af7f9fda
 .debug_info    0x0001cb95      0x425 C:\Users\embedded\AppData\Local\Temp\ccOrZIBm.debug.temp.o
                0x0001cb95                stm32f0xx_hal_flash.c.757f0756
 .debug_info    0x0001cfba      0x5c0 C:\Users\embedded\AppData\Local\Temp\ccIwsgCz.debug.temp.o
                0x0001cfba                stm32f0xx_hal_flash_ex.c.a6061fff
 .debug_info    0x0001d57a      0x51c C:\Users\embedded\AppData\Local\Temp\cc8tT4WL.debug.temp.o
                0x0001d57a                stm32f0xx_hal_gpio.c.6d9a0353
 .debug_info    0x0001da96     0x1a0b C:\Users\embedded\AppData\Local\Temp\cckcQZDY.debug.temp.o
                0x0001da96                stm32f0xx_hal_i2c.c.260d24ed
 .debug_info    0x0001f4a1      0x786 C:\Users\embedded\AppData\Local\Temp\ccYkrWOa.debug.temp.o
                0x0001f4a1                stm32f0xx_hal_i2c_ex.c.96a9afa6
 .debug_info    0x0001fc27      0x74a C:\Users\embedded\AppData\Local\Temp\cc6Wq71a.debug.temp.o
                0x0001fc27                stm32f0xx_hal_rcc.c.2e469fc3
 .debug_info    0x00020371      0x30c C:\Users\embedded\AppData\Local\Temp\ccsebQlp.debug.temp.o
                0x00020371                stm32f0xx_hal_rcc_ex.c.97affc97
 .debug_info    0x0002067d     0x20db C:\Users\embedded\AppData\Local\Temp\ccG3EOGH.debug.temp.o
                0x0002067d                stm32f0xx_hal_tim.c.521c9eb5
 .debug_info    0x00022758     0x1177 C:\Users\embedded\AppData\Local\Temp\ccKfJ2n0.debug.temp.o
                0x00022758                stm32f0xx_hal_tim_ex.c.29c6ad0f
 .debug_info    0x000238cf     0x18a9 C:\Users\embedded\AppData\Local\Temp\ccijN4ti.debug.temp.o
                0x000238cf                stm32f0xx_hal_uart.c.ad3272ca
 .debug_info    0x00025178       0x30 ./Core/Startup/startup_stm32f030k6tx.o

.debug_abbrev   0x00000000     0x3f5e
 .debug_abbrev  0x00000000      0x33f C:\Users\embedded\AppData\Local\Temp\ccpqV051.ltrans0.ltrans.o
 .debug_abbrev  0x0000033f      0x356 C:\Users\embedded\AppData\Local\Temp\ccJpz1h0.debug.temp.o
 .debug_abbrev  0x00000695      0x18d C:\Users\embedded\AppData\Local\Temp\ccAxCGDa.debug.temp.o
 .debug_abbrev  0x00000822      0x1f6 C:\Users\embedded\AppData\Local\Temp\ccZqv82k.debug.temp.o
 .debug_abbrev  0x00000a18      0x117 C:\Users\embedded\AppData\Local\Temp\cc6Ce24u.debug.temp.o
 .debug_abbrev  0x00000b2f      0x1fe C:\Users\embedded\AppData\Local\Temp\ccKfMygA.debug.temp.o
 .debug_abbrev  0x00000d2d      0x1e2 C:\Users\embedded\AppData\Local\Temp\ccK7OCMA.debug.temp.o
 .debug_abbrev  0x00000f0f      0x19b C:\Users\embedded\AppData\Local\Temp\ccMAEg1E.debug.temp.o
 .debug_abbrev  0x000010aa      0x219 C:\Users\embedded\AppData\Local\Temp\ccQ0OkDL.debug.temp.o
 .debug_abbrev  0x000012c3      0x1d6 C:\Users\embedded\AppData\Local\Temp\cc8Plb9N.debug.temp.o
 .debug_abbrev  0x00001499      0x2ac C:\Users\embedded\AppData\Local\Temp\ccMcqBNQ.debug.temp.o
 .debug_abbrev  0x00001745      0x1a0 C:\Users\embedded\AppData\Local\Temp\cc8nDExX.debug.temp.o
 .debug_abbrev  0x000018e5      0x1fb C:\Users\embedded\AppData\Local\Temp\ccKxPxx3.debug.temp.o
 .debug_abbrev  0x00001ae0      0x23d C:\Users\embedded\AppData\Local\Temp\ccqraZjk.debug.temp.o
 .debug_abbrev  0x00001d1d      0x170 C:\Users\embedded\AppData\Local\Temp\cc8vsv7o.debug.temp.o
 .debug_abbrev  0x00001e8d      0x152 C:\Users\embedded\AppData\Local\Temp\ccmzpXVx.debug.temp.o
 .debug_abbrev  0x00001fdf       0xac C:\Users\embedded\AppData\Local\Temp\ccmToE6G.debug.temp.o
 .debug_abbrev  0x0000208b      0x102 C:\Users\embedded\AppData\Local\Temp\ccYcmzoP.debug.temp.o
 .debug_abbrev  0x0000218d      0x19c C:\Users\embedded\AppData\Local\Temp\ccgarb5W.debug.temp.o
 .debug_abbrev  0x00002329      0x280 C:\Users\embedded\AppData\Local\Temp\ccQOzck4.debug.temp.o
 .debug_abbrev  0x000025a9      0x207 C:\Users\embedded\AppData\Local\Temp\ccs8m8uf.debug.temp.o
 .debug_abbrev  0x000027b0      0x1a5 C:\Users\embedded\AppData\Local\Temp\ccSRwZdq.debug.temp.o
 .debug_abbrev  0x00002955      0x128 C:\Users\embedded\AppData\Local\Temp\ccql839A.debug.temp.o
 .debug_abbrev  0x00002a7d      0x1d9 C:\Users\embedded\AppData\Local\Temp\ccguKgEL.debug.temp.o
 .debug_abbrev  0x00002c56      0x185 C:\Users\embedded\AppData\Local\Temp\cceLeK1U.debug.temp.o
 .debug_abbrev  0x00002ddb      0x196 C:\Users\embedded\AppData\Local\Temp\ccOrZIBm.debug.temp.o
 .debug_abbrev  0x00002f71      0x183 C:\Users\embedded\AppData\Local\Temp\ccIwsgCz.debug.temp.o
 .debug_abbrev  0x000030f4      0x181 C:\Users\embedded\AppData\Local\Temp\cc8tT4WL.debug.temp.o
 .debug_abbrev  0x00003275      0x1e6 C:\Users\embedded\AppData\Local\Temp\cckcQZDY.debug.temp.o
 .debug_abbrev  0x0000345b      0x1ac C:\Users\embedded\AppData\Local\Temp\ccYkrWOa.debug.temp.o
 .debug_abbrev  0x00003607      0x208 C:\Users\embedded\AppData\Local\Temp\cc6Wq71a.debug.temp.o
 .debug_abbrev  0x0000380f      0x147 C:\Users\embedded\AppData\Local\Temp\ccsebQlp.debug.temp.o
 .debug_abbrev  0x00003956      0x203 C:\Users\embedded\AppData\Local\Temp\ccG3EOGH.debug.temp.o
 .debug_abbrev  0x00003b59      0x213 C:\Users\embedded\AppData\Local\Temp\ccKfJ2n0.debug.temp.o
 .debug_abbrev  0x00003d6c      0x1ce C:\Users\embedded\AppData\Local\Temp\ccijN4ti.debug.temp.o
 .debug_abbrev  0x00003f3a       0x24 ./Core/Startup/startup_stm32f030k6tx.o

.debug_loclists
                0x00000000     0x821e
 .debug_loclists
                0x00000000     0x821e C:\Users\embedded\AppData\Local\Temp\ccpqV051.ltrans0.ltrans.o

.debug_aranges  0x00000000       0x50
 .debug_aranges
                0x00000000       0x28 C:\Users\embedded\AppData\Local\Temp\ccpqV051.ltrans0.ltrans.o
 .debug_aranges
                0x00000028       0x28 ./Core/Startup/startup_stm32f030k6tx.o

.debug_rnglists
                0x00000000     0x13df
 .debug_rnglists
                0x00000000     0x13c6 C:\Users\embedded\AppData\Local\Temp\ccpqV051.ltrans0.ltrans.o
 .debug_rnglists
                0x000013c6       0x19 ./Core/Startup/startup_stm32f030k6tx.o

.debug_line     0x00000000     0xd41a
 .debug_line    0x00000000     0xa9e7 C:\Users\embedded\AppData\Local\Temp\ccpqV051.ltrans0.ltrans.o
 .debug_line    0x0000a9e7      0x1b1 C:\Users\embedded\AppData\Local\Temp\ccJpz1h0.debug.temp.o
 .debug_line    0x0000ab98      0x12b C:\Users\embedded\AppData\Local\Temp\ccAxCGDa.debug.temp.o
 .debug_line    0x0000acc3      0x17a C:\Users\embedded\AppData\Local\Temp\ccZqv82k.debug.temp.o
 .debug_line    0x0000ae3d      0x175 C:\Users\embedded\AppData\Local\Temp\cc6Ce24u.debug.temp.o
 .debug_line    0x0000afb2      0x126 C:\Users\embedded\AppData\Local\Temp\ccKfMygA.debug.temp.o
 .debug_line    0x0000b0d8      0x175 C:\Users\embedded\AppData\Local\Temp\ccK7OCMA.debug.temp.o
 .debug_line    0x0000b24d      0x17a C:\Users\embedded\AppData\Local\Temp\ccMAEg1E.debug.temp.o
 .debug_line    0x0000b3c7      0x170 C:\Users\embedded\AppData\Local\Temp\ccQ0OkDL.debug.temp.o
 .debug_line    0x0000b537      0x12b C:\Users\embedded\AppData\Local\Temp\cc8Plb9N.debug.temp.o
 .debug_line    0x0000b662      0x1b6 C:\Users\embedded\AppData\Local\Temp\ccMcqBNQ.debug.temp.o
 .debug_line    0x0000b818      0x126 C:\Users\embedded\AppData\Local\Temp\cc8nDExX.debug.temp.o
 .debug_line    0x0000b93e      0x170 C:\Users\embedded\AppData\Local\Temp\ccKxPxx3.debug.temp.o
 .debug_line    0x0000baae      0x126 C:\Users\embedded\AppData\Local\Temp\ccqraZjk.debug.temp.o
 .debug_line    0x0000bbd4      0x12b C:\Users\embedded\AppData\Local\Temp\cc8vsv7o.debug.temp.o
 .debug_line    0x0000bcff      0x134 C:\Users\embedded\AppData\Local\Temp\ccmzpXVx.debug.temp.o
 .debug_line    0x0000be33       0xb2 C:\Users\embedded\AppData\Local\Temp\ccmToE6G.debug.temp.o
 .debug_line    0x0000bee5      0x121 C:\Users\embedded\AppData\Local\Temp\ccYcmzoP.debug.temp.o
 .debug_line    0x0000c006      0x12b C:\Users\embedded\AppData\Local\Temp\ccgarb5W.debug.temp.o
 .debug_line    0x0000c131      0x17f C:\Users\embedded\AppData\Local\Temp\ccQOzck4.debug.temp.o
 .debug_line    0x0000c2b0      0x121 C:\Users\embedded\AppData\Local\Temp\ccs8m8uf.debug.temp.o
 .debug_line    0x0000c3d1      0x121 C:\Users\embedded\AppData\Local\Temp\ccSRwZdq.debug.temp.o
 .debug_line    0x0000c4f2      0x121 C:\Users\embedded\AppData\Local\Temp\ccql839A.debug.temp.o
 .debug_line    0x0000c613      0x121 C:\Users\embedded\AppData\Local\Temp\ccguKgEL.debug.temp.o
 .debug_line    0x0000c734      0x121 C:\Users\embedded\AppData\Local\Temp\cceLeK1U.debug.temp.o
 .debug_line    0x0000c855      0x121 C:\Users\embedded\AppData\Local\Temp\ccOrZIBm.debug.temp.o
 .debug_line    0x0000c976      0x121 C:\Users\embedded\AppData\Local\Temp\ccIwsgCz.debug.temp.o
 .debug_line    0x0000ca97      0x121 C:\Users\embedded\AppData\Local\Temp\cc8tT4WL.debug.temp.o
 .debug_line    0x0000cbb8      0x121 C:\Users\embedded\AppData\Local\Temp\cckcQZDY.debug.temp.o
 .debug_line    0x0000ccd9      0x121 C:\Users\embedded\AppData\Local\Temp\ccYkrWOa.debug.temp.o
 .debug_line    0x0000cdfa      0x121 C:\Users\embedded\AppData\Local\Temp\cc6Wq71a.debug.temp.o
 .debug_line    0x0000cf1b      0x121 C:\Users\embedded\AppData\Local\Temp\ccsebQlp.debug.temp.o
 .debug_line    0x0000d03c      0x121 C:\Users\embedded\AppData\Local\Temp\ccG3EOGH.debug.temp.o
 .debug_line    0x0000d15d      0x121 C:\Users\embedded\AppData\Local\Temp\ccKfJ2n0.debug.temp.o
 .debug_line    0x0000d27e      0x121 C:\Users\embedded\AppData\Local\Temp\ccijN4ti.debug.temp.o
 .debug_line    0x0000d39f       0x7b ./Core/Startup/startup_stm32f030k6tx.o

.debug_str      0x00000000    0x6d978
 .debug_str     0x00000000      0x1b7 C:\Users\embedded\AppData\Local\Temp\ccpqV051.ltrans0.ltrans.o
 .debug_str     0x00000000    0x662e7 C:\Users\embedded\AppData\Local\Temp\ccJpz1h0.debug.temp.o
 .debug_str     0x00000000    0x6027e C:\Users\embedded\AppData\Local\Temp\ccAxCGDa.debug.temp.o
 .debug_str     0x00000000    0x639d3 C:\Users\embedded\AppData\Local\Temp\ccZqv82k.debug.temp.o
 .debug_str     0x00000000    0x63388 C:\Users\embedded\AppData\Local\Temp\cc6Ce24u.debug.temp.o
 .debug_str     0x00000000    0x600ec C:\Users\embedded\AppData\Local\Temp\ccKfMygA.debug.temp.o
 .debug_str     0x00000000    0x633ed C:\Users\embedded\AppData\Local\Temp\ccK7OCMA.debug.temp.o
 .debug_str     0x00000000    0x6329a C:\Users\embedded\AppData\Local\Temp\ccMAEg1E.debug.temp.o
 .debug_str     0x00000000    0x6320d C:\Users\embedded\AppData\Local\Temp\ccQ0OkDL.debug.temp.o
 .debug_str     0x00000000    0x6000b C:\Users\embedded\AppData\Local\Temp\cc8Plb9N.debug.temp.o
 .debug_str     0x00000000    0x651e2 C:\Users\embedded\AppData\Local\Temp\ccMcqBNQ.debug.temp.o
 .debug_str     0x00000000    0x5fee4 C:\Users\embedded\AppData\Local\Temp\cc8nDExX.debug.temp.o
 .debug_str     0x00000000    0x63289 C:\Users\embedded\AppData\Local\Temp\ccKxPxx3.debug.temp.o
 .debug_str     0x00000000    0x60a7d C:\Users\embedded\AppData\Local\Temp\ccqraZjk.debug.temp.o
 .debug_str     0x00000000    0x602a8 C:\Users\embedded\AppData\Local\Temp\cc8vsv7o.debug.temp.o
 .debug_str     0x00000000     0x98d7 C:\Users\embedded\AppData\Local\Temp\ccmzpXVx.debug.temp.o
 .debug_str     0x00000000     0x7675 C:\Users\embedded\AppData\Local\Temp\ccmToE6G.debug.temp.o
 .debug_str     0x00000000    0x5f977 C:\Users\embedded\AppData\Local\Temp\ccYcmzoP.debug.temp.o
 .debug_str     0x00000000    0x60292 C:\Users\embedded\AppData\Local\Temp\ccgarb5W.debug.temp.o
 .debug_str     0x00000000    0x636ba C:\Users\embedded\AppData\Local\Temp\ccQOzck4.debug.temp.o
 .debug_str     0x00000000    0x5fed6 C:\Users\embedded\AppData\Local\Temp\ccs8m8uf.debug.temp.o
 .debug_str     0x00000000    0x60084 C:\Users\embedded\AppData\Local\Temp\ccSRwZdq.debug.temp.o
 .debug_str     0x00000000    0x5fcfe C:\Users\embedded\AppData\Local\Temp\ccql839A.debug.temp.o
 .debug_str     0x00000000    0x5fcc7 C:\Users\embedded\AppData\Local\Temp\ccguKgEL.debug.temp.o
 .debug_str     0x00000000    0x5fd1d C:\Users\embedded\AppData\Local\Temp\cceLeK1U.debug.temp.o
 .debug_str     0x00000000    0x5fc22 C:\Users\embedded\AppData\Local\Temp\ccOrZIBm.debug.temp.o
 .debug_str     0x00000000    0x5fd74 C:\Users\embedded\AppData\Local\Temp\ccIwsgCz.debug.temp.o
 .debug_str     0x00000000    0x5fb18 C:\Users\embedded\AppData\Local\Temp\cc8tT4WL.debug.temp.o
 .debug_str     0x00000000    0x60cd5 C:\Users\embedded\AppData\Local\Temp\cckcQZDY.debug.temp.o
 .debug_str     0x00000000    0x5fea6 C:\Users\embedded\AppData\Local\Temp\ccYkrWOa.debug.temp.o
 .debug_str     0x00000000    0x5fdb3 C:\Users\embedded\AppData\Local\Temp\cc6Wq71a.debug.temp.o
 .debug_str     0x00000000    0x5fac0 C:\Users\embedded\AppData\Local\Temp\ccsebQlp.debug.temp.o
 .debug_str     0x00000000    0x60d8d C:\Users\embedded\AppData\Local\Temp\ccG3EOGH.debug.temp.o
 .debug_str     0x00000000    0x60599 C:\Users\embedded\AppData\Local\Temp\ccKfJ2n0.debug.temp.o
 .debug_str     0x00000000    0x60690 C:\Users\embedded\AppData\Local\Temp\ccijN4ti.debug.temp.o
 .debug_str     0x00000000    0x6d978 ./Core/Startup/startup_stm32f030k6tx.o
                                 0x66 (size before relaxing)

.comment        0x00000000       0x43
 .comment       0x00000000       0x43 C:\Users\embedded\AppData\Local\Temp\ccpqV051.ltrans0.ltrans.o
                                 0x44 (size before relaxing)

.debug_frame    0x00000000     0x1010
 .debug_frame   0x00000000      0xd14 C:\Users\embedded\AppData\Local\Temp\ccpqV051.ltrans0.ltrans.o
 .debug_frame   0x00000d14      0x138 C:/ST/STM32CubeIDE_1.19.0/STM32CubeIDE/plugins/com.st.stm32cube.ide.mcu.externaltools.gnu-tools-for-stm32.13.3.rel1.win32_1.0.0.202411081344/tools/bin/../lib/gcc/arm-none-eabi/13.3.1/../../../../arm-none-eabi/lib/thumb/v6-m/nofp\libc_nano.a(libc_a-findfp.o)
 .debug_frame   0x00000e4c       0x20 C:/ST/STM32CubeIDE_1.19.0/STM32CubeIDE/plugins/com.st.stm32cube.ide.mcu.externaltools.gnu-tools-for-stm32.13.3.rel1.win32_1.0.0.202411081344/tools/bin/../lib/gcc/arm-none-eabi/13.3.1/../../../../arm-none-eabi/lib/thumb/v6-m/nofp\libc_nano.a(libc_a-memset.o)
 .debug_frame   0x00000e6c       0x20 C:/ST/STM32CubeIDE_1.19.0/STM32CubeIDE/plugins/com.st.stm32cube.ide.mcu.externaltools.gnu-tools-for-stm32.13.3.rel1.win32_1.0.0.202411081344/tools/bin/../lib/gcc/arm-none-eabi/13.3.1/../../../../arm-none-eabi/lib/thumb/v6-m/nofp\libc_nano.a(libc_a-errno.o)
 .debug_frame   0x00000e8c       0x2c C:/ST/STM32CubeIDE_1.19.0/STM32CubeIDE/plugins/com.st.stm32cube.ide.mcu.externaltools.gnu-tools-for-stm32.13.3.rel1.win32_1.0.0.202411081344/tools/bin/../lib/gcc/arm-none-eabi/13.3.1/../../../../arm-none-eabi/lib/thumb/v6-m/nofp\libc_nano.a(libc_a-init.o)
 .debug_frame   0x00000eb8       0x28 C:/ST/STM32CubeIDE_1.19.0/STM32CubeIDE/plugins/com.st.stm32cube.ide.mcu.externaltools.gnu-tools-for-stm32.13.3.rel1.win32_1.0.0.202411081344/tools/bin/../lib/gcc/arm-none-eabi/13.3.1/../../../../arm-none-eabi/lib/thumb/v6-m/nofp\libc_nano.a(libc_a-memmove.o)
 .debug_frame   0x00000ee0       0x20 C:/ST/STM32CubeIDE_1.19.0/STM32CubeIDE/plugins/com.st.stm32cube.ide.mcu.externaltools.gnu-tools-for-stm32.13.3.rel1.win32_1.0.0.202411081344/tools/bin/../lib/gcc/arm-none-eabi/13.3.1/../../../../arm-none-eabi/lib/thumb/v6-m/nofp\libc_nano.a(libc_a-strcmp.o)
 .debug_frame   0x00000f00       0x28 C:/ST/STM32CubeIDE_1.19.0/STM32CubeIDE/plugins/com.st.stm32cube.ide.mcu.externaltools.gnu-tools-for-stm32.13.3.rel1.win32_1.0.0.202411081344/tools/bin/../lib/gcc/arm-none-eabi/13.3.1/../../../../arm-none-eabi/lib/thumb/v6-m/nofp\libc_nano.a(libc_a-memcpy-stub.o)
 .debug_frame   0x00000f28       0x20 C:/ST/STM32CubeIDE_1.19.0/STM32CubeIDE/plugins/com.st.stm32cube.ide.mcu.externaltools.gnu-tools-for-stm32.13.3.rel1.win32_1.0.0.202411081344/tools/bin/../lib/gcc/arm-none-eabi/13.3.1/thumb/v6-m/nofp\libgcc.a(_udivsi3.o)
 .debug_frame   0x00000f48       0x20 C:/ST/STM32CubeIDE_1.19.0/STM32CubeIDE/plugins/com.st.stm32cube.ide.mcu.externaltools.gnu-tools-for-stm32.13.3.rel1.win32_1.0.0.202411081344/tools/bin/../lib/gcc/arm-none-eabi/13.3.1/thumb/v6-m/nofp\libgcc.a(_divsi3.o)
 .debug_frame   0x00000f68       0x34 C:/ST/STM32CubeIDE_1.19.0/STM32CubeIDE/plugins/com.st.stm32cube.ide.mcu.externaltools.gnu-tools-for-stm32.13.3.rel1.win32_1.0.0.202411081344/tools/bin/../lib/gcc/arm-none-eabi/13.3.1/thumb/v6-m/nofp\libgcc.a(_muldi3.o)
 .debug_frame   0x00000f9c       0x38 C:/ST/STM32CubeIDE_1.19.0/STM32CubeIDE/plugins/com.st.stm32cube.ide.mcu.externaltools.gnu-tools-for-stm32.13.3.rel1.win32_1.0.0.202411081344/tools/bin/../lib/gcc/arm-none-eabi/13.3.1/thumb/v6-m/nofp\libgcc.a(bpabi.o)
 .debug_frame   0x00000fd4       0x3c C:/ST/STM32CubeIDE_1.19.0/STM32CubeIDE/plugins/com.st.stm32cube.ide.mcu.externaltools.gnu-tools-for-stm32.13.3.rel1.win32_1.0.0.202411081344/tools/bin/../lib/gcc/arm-none-eabi/13.3.1/thumb/v6-m/nofp\libgcc.a(_divdi3.o)

.debug_macro    0x00000000    0x14d3c
 .debug_macro   0x00000000      0x372 C:\Users\embedded\AppData\Local\Temp\ccJpz1h0.debug.temp.o
 .debug_macro   0x00000372      0xab4 C:\Users\embedded\AppData\Local\Temp\ccJpz1h0.debug.temp.o
 .debug_macro   0x00000e26      0x139 C:\Users\embedded\AppData\Local\Temp\ccJpz1h0.debug.temp.o
 .debug_macro   0x00000f5f       0x2e C:\Users\embedded\AppData\Local\Temp\ccJpz1h0.debug.temp.o
 .debug_macro   0x00000f8d       0x22 C:\Users\embedded\AppData\Local\Temp\ccJpz1h0.debug.temp.o
 .debug_macro   0x00000faf       0x22 C:\Users\embedded\AppData\Local\Temp\ccJpz1h0.debug.temp.o
 .debug_macro   0x00000fd1       0x8e C:\Users\embedded\AppData\Local\Temp\ccJpz1h0.debug.temp.o
 .debug_macro   0x0000105f       0x51 C:\Users\embedded\AppData\Local\Temp\ccJpz1h0.debug.temp.o
 .debug_macro   0x000010b0      0x103 C:\Users\embedded\AppData\Local\Temp\ccJpz1h0.debug.temp.o
 .debug_macro   0x000011b3       0x6a C:\Users\embedded\AppData\Local\Temp\ccJpz1h0.debug.temp.o
 .debug_macro   0x0000121d      0x1df C:\Users\embedded\AppData\Local\Temp\ccJpz1h0.debug.temp.o
 .debug_macro   0x000013fc       0x1c C:\Users\embedded\AppData\Local\Temp\ccJpz1h0.debug.temp.o
 .debug_macro   0x00001418       0x22 C:\Users\embedded\AppData\Local\Temp\ccJpz1h0.debug.temp.o
 .debug_macro   0x0000143a       0xaf C:\Users\embedded\AppData\Local\Temp\ccJpz1h0.debug.temp.o
 .debug_macro   0x000014e9      0x391 C:\Users\embedded\AppData\Local\Temp\ccJpz1h0.debug.temp.o
 .debug_macro   0x0000187a     0x6e6e C:\Users\embedded\AppData\Local\Temp\ccJpz1h0.debug.temp.o
 .debug_macro   0x000086e8       0x66 C:\Users\embedded\AppData\Local\Temp\ccJpz1h0.debug.temp.o
 .debug_macro   0x0000874e     0x34da C:\Users\embedded\AppData\Local\Temp\ccJpz1h0.debug.temp.o
 .debug_macro   0x0000bc28      0x190 C:\Users\embedded\AppData\Local\Temp\ccJpz1h0.debug.temp.o
 .debug_macro   0x0000bdb8       0x55 C:\Users\embedded\AppData\Local\Temp\ccJpz1h0.debug.temp.o
 .debug_macro   0x0000be0d      0x924 C:\Users\embedded\AppData\Local\Temp\ccJpz1h0.debug.temp.o
 .debug_macro   0x0000c731       0xe5 C:\Users\embedded\AppData\Local\Temp\ccJpz1h0.debug.temp.o
 .debug_macro   0x0000c816      0x1ae C:\Users\embedded\AppData\Local\Temp\ccJpz1h0.debug.temp.o
 .debug_macro   0x0000c9c4       0xb3 C:\Users\embedded\AppData\Local\Temp\ccJpz1h0.debug.temp.o
 .debug_macro   0x0000ca77      0x1a0 C:\Users\embedded\AppData\Local\Temp\ccJpz1h0.debug.temp.o
 .debug_macro   0x0000cc17      0x1ed C:\Users\embedded\AppData\Local\Temp\ccJpz1h0.debug.temp.o
 .debug_macro   0x0000ce04       0x34 C:\Users\embedded\AppData\Local\Temp\ccJpz1h0.debug.temp.o
 .debug_macro   0x0000ce38       0x43 C:\Users\embedded\AppData\Local\Temp\ccJpz1h0.debug.temp.o
 .debug_macro   0x0000ce7b       0x28 C:\Users\embedded\AppData\Local\Temp\ccJpz1h0.debug.temp.o
 .debug_macro   0x0000cea3      0x33d C:\Users\embedded\AppData\Local\Temp\ccJpz1h0.debug.temp.o
 .debug_macro   0x0000d1e0       0xbc C:\Users\embedded\AppData\Local\Temp\ccJpz1h0.debug.temp.o
 .debug_macro   0x0000d29c       0xb0 C:\Users\embedded\AppData\Local\Temp\ccJpz1h0.debug.temp.o
 .debug_macro   0x0000d34c      0x15a C:\Users\embedded\AppData\Local\Temp\ccJpz1h0.debug.temp.o
 .debug_macro   0x0000d4a6      0x22c C:\Users\embedded\AppData\Local\Temp\ccJpz1h0.debug.temp.o
 .debug_macro   0x0000d6d2       0x61 C:\Users\embedded\AppData\Local\Temp\ccJpz1h0.debug.temp.o
 .debug_macro   0x0000d733       0xa5 C:\Users\embedded\AppData\Local\Temp\ccJpz1h0.debug.temp.o
 .debug_macro   0x0000d7d8       0x4c C:\Users\embedded\AppData\Local\Temp\ccJpz1h0.debug.temp.o
 .debug_macro   0x0000d824       0x2b C:\Users\embedded\AppData\Local\Temp\ccJpz1h0.debug.temp.o
 .debug_macro   0x0000d84f      0x8f4 C:\Users\embedded\AppData\Local\Temp\ccJpz1h0.debug.temp.o
 .debug_macro   0x0000e143       0x28 C:\Users\embedded\AppData\Local\Temp\ccJpz1h0.debug.temp.o
 .debug_macro   0x0000e16b      0x56d C:\Users\embedded\AppData\Local\Temp\ccJpz1h0.debug.temp.o
 .debug_macro   0x0000e6d8       0x3e C:\Users\embedded\AppData\Local\Temp\ccJpz1h0.debug.temp.o
 .debug_macro   0x0000e716       0xf1 C:\Users\embedded\AppData\Local\Temp\ccJpz1h0.debug.temp.o
 .debug_macro   0x0000e807      0x14e C:\Users\embedded\AppData\Local\Temp\ccJpz1h0.debug.temp.o
 .debug_macro   0x0000e955       0xa0 C:\Users\embedded\AppData\Local\Temp\ccJpz1h0.debug.temp.o
 .debug_macro   0x0000e9f5       0xc4 C:\Users\embedded\AppData\Local\Temp\ccJpz1h0.debug.temp.o
 .debug_macro   0x0000eab9       0x64 C:\Users\embedded\AppData\Local\Temp\ccJpz1h0.debug.temp.o
 .debug_macro   0x0000eb1d       0x3a C:\Users\embedded\AppData\Local\Temp\ccJpz1h0.debug.temp.o
 .debug_macro   0x0000eb57       0x16 C:\Users\embedded\AppData\Local\Temp\ccJpz1h0.debug.temp.o
 .debug_macro   0x0000eb6d       0x28 C:\Users\embedded\AppData\Local\Temp\ccJpz1h0.debug.temp.o
 .debug_macro   0x0000eb95       0x2e C:\Users\embedded\AppData\Local\Temp\ccJpz1h0.debug.temp.o
 .debug_macro   0x0000ebc3       0x1c C:\Users\embedded\AppData\Local\Temp\ccJpz1h0.debug.temp.o
 .debug_macro   0x0000ebdf       0x61 C:\Users\embedded\AppData\Local\Temp\ccJpz1h0.debug.temp.o
 .debug_macro   0x0000ec40       0x24 C:\Users\embedded\AppData\Local\Temp\ccJpz1h0.debug.temp.o
 .debug_macro   0x0000ec64       0x43 C:\Users\embedded\AppData\Local\Temp\ccJpz1h0.debug.temp.o
 .debug_macro   0x0000eca7       0x34 C:\Users\embedded\AppData\Local\Temp\ccJpz1h0.debug.temp.o
 .debug_macro   0x0000ecdb      0x370 C:\Users\embedded\AppData\Local\Temp\ccJpz1h0.debug.temp.o
 .debug_macro   0x0000f04b       0x16 C:\Users\embedded\AppData\Local\Temp\ccJpz1h0.debug.temp.o
 .debug_macro   0x0000f061       0x4a C:\Users\embedded\AppData\Local\Temp\ccJpz1h0.debug.temp.o
 .debug_macro   0x0000f0ab       0x34 C:\Users\embedded\AppData\Local\Temp\ccJpz1h0.debug.temp.o
 .debug_macro   0x0000f0df       0x10 C:\Users\embedded\AppData\Local\Temp\ccJpz1h0.debug.temp.o
 .debug_macro   0x0000f0ef       0x58 C:\Users\embedded\AppData\Local\Temp\ccJpz1h0.debug.temp.o
 .debug_macro   0x0000f147       0x8e C:\Users\embedded\AppData\Local\Temp\ccJpz1h0.debug.temp.o
 .debug_macro   0x0000f1d5       0x1c C:\Users\embedded\AppData\Local\Temp\ccJpz1h0.debug.temp.o
 .debug_macro   0x0000f1f1      0x185 C:\Users\embedded\AppData\Local\Temp\ccJpz1h0.debug.temp.o
 .debug_macro   0x0000f376       0x10 C:\Users\embedded\AppData\Local\Temp\ccJpz1h0.debug.temp.o
 .debug_macro   0x0000f386       0x3c C:\Users\embedded\AppData\Local\Temp\ccJpz1h0.debug.temp.o
 .debug_macro   0x0000f3c2       0x20 C:\Users\embedded\AppData\Local\Temp\ccJpz1h0.debug.temp.o
 .debug_macro   0x0000f3e2       0x2e C:\Users\embedded\AppData\Local\Temp\ccJpz1h0.debug.temp.o
 .debug_macro   0x0000f410       0x16 C:\Users\embedded\AppData\Local\Temp\ccJpz1h0.debug.temp.o
 .debug_macro   0x0000f426       0x52 C:\Users\embedded\AppData\Local\Temp\ccJpz1h0.debug.temp.o
 .debug_macro   0x0000f478      0x1ed C:\Users\embedded\AppData\Local\Temp\ccAxCGDa.debug.temp.o
 .debug_macro   0x0000f665       0x28 C:\Users\embedded\AppData\Local\Temp\ccAxCGDa.debug.temp.o
 .debug_macro   0x0000f68d      0x2c4 C:\Users\embedded\AppData\Local\Temp\ccZqv82k.debug.temp.o
 .debug_macro   0x0000f951       0x16 C:\Users\embedded\AppData\Local\Temp\ccZqv82k.debug.temp.o
 .debug_macro   0x0000f967      0x2c1 C:\Users\embedded\AppData\Local\Temp\cc6Ce24u.debug.temp.o
 .debug_macro   0x0000fc28      0x148 C:\Users\embedded\AppData\Local\Temp\cc6Ce24u.debug.temp.o
 .debug_macro   0x0000fd70      0x1f7 C:\Users\embedded\AppData\Local\Temp\ccKfMygA.debug.temp.o
 .debug_macro   0x0000ff67      0x2c1 C:\Users\embedded\AppData\Local\Temp\ccK7OCMA.debug.temp.o
 .debug_macro   0x00010228      0x2c6 C:\Users\embedded\AppData\Local\Temp\ccMAEg1E.debug.temp.o
 .debug_macro   0x000104ee      0x2b2 C:\Users\embedded\AppData\Local\Temp\ccQ0OkDL.debug.temp.o
 .debug_macro   0x000107a0       0x4c C:\Users\embedded\AppData\Local\Temp\ccQ0OkDL.debug.temp.o
 .debug_macro   0x000107ec      0x209 C:\Users\embedded\AppData\Local\Temp\cc8Plb9N.debug.temp.o
 .debug_macro   0x000109f5       0x34 C:\Users\embedded\AppData\Local\Temp\cc8Plb9N.debug.temp.o
 .debug_macro   0x00010a29      0x351 C:\Users\embedded\AppData\Local\Temp\ccMcqBNQ.debug.temp.o
 .debug_macro   0x00010d7a       0x9a C:\Users\embedded\AppData\Local\Temp\ccMcqBNQ.debug.temp.o
 .debug_macro   0x00010e14       0xa6 C:\Users\embedded\AppData\Local\Temp\ccMcqBNQ.debug.temp.o
 .debug_macro   0x00010eba      0x1f6 C:\Users\embedded\AppData\Local\Temp\cc8nDExX.debug.temp.o
 .debug_macro   0x000110b0       0x22 C:\Users\embedded\AppData\Local\Temp\cc8nDExX.debug.temp.o
 .debug_macro   0x000110d2      0x30c C:\Users\embedded\AppData\Local\Temp\ccKxPxx3.debug.temp.o
 .debug_macro   0x000113de       0x10 C:\Users\embedded\AppData\Local\Temp\ccKxPxx3.debug.temp.o
 .debug_macro   0x000113ee      0x1e4 C:\Users\embedded\AppData\Local\Temp\ccqraZjk.debug.temp.o
 .debug_macro   0x000115d2      0x1ee C:\Users\embedded\AppData\Local\Temp\cc8vsv7o.debug.temp.o
 .debug_macro   0x000117c0      0x274 C:\Users\embedded\AppData\Local\Temp\ccmzpXVx.debug.temp.o
 .debug_macro   0x00011a34       0x5b C:\Users\embedded\AppData\Local\Temp\ccmzpXVx.debug.temp.o
 .debug_macro   0x00011a8f       0x94 C:\Users\embedded\AppData\Local\Temp\ccmzpXVx.debug.temp.o
 .debug_macro   0x00011b23       0x57 C:\Users\embedded\AppData\Local\Temp\ccmzpXVx.debug.temp.o
 .debug_macro   0x00011b7a       0x10 C:\Users\embedded\AppData\Local\Temp\ccmzpXVx.debug.temp.o
 .debug_macro   0x00011b8a       0x10 C:\Users\embedded\AppData\Local\Temp\ccmzpXVx.debug.temp.o
 .debug_macro   0x00011b9a       0x10 C:\Users\embedded\AppData\Local\Temp\ccmzpXVx.debug.temp.o
 .debug_macro   0x00011baa       0x10 C:\Users\embedded\AppData\Local\Temp\ccmzpXVx.debug.temp.o
 .debug_macro   0x00011bba       0x1c C:\Users\embedded\AppData\Local\Temp\ccmzpXVx.debug.temp.o
 .debug_macro   0x00011bd6       0x52 C:\Users\embedded\AppData\Local\Temp\ccmzpXVx.debug.temp.o
 .debug_macro   0x00011c28       0x22 C:\Users\embedded\AppData\Local\Temp\ccmzpXVx.debug.temp.o
 .debug_macro   0x00011c4a       0x10 C:\Users\embedded\AppData\Local\Temp\ccmzpXVx.debug.temp.o
 .debug_macro   0x00011c5a       0x52 C:\Users\embedded\AppData\Local\Temp\ccmzpXVx.debug.temp.o
 .debug_macro   0x00011cac       0xcf C:\Users\embedded\AppData\Local\Temp\ccmzpXVx.debug.temp.o
 .debug_macro   0x00011d7b       0x1c C:\Users\embedded\AppData\Local\Temp\ccmzpXVx.debug.temp.o
 .debug_macro   0x00011d97       0x3d C:\Users\embedded\AppData\Local\Temp\ccmzpXVx.debug.temp.o
 .debug_macro   0x00011dd4       0x35 C:\Users\embedded\AppData\Local\Temp\ccmzpXVx.debug.temp.o
 .debug_macro   0x00011e09      0x12c C:\Users\embedded\AppData\Local\Temp\ccmzpXVx.debug.temp.o
 .debug_macro   0x00011f35       0x16 C:\Users\embedded\AppData\Local\Temp\ccmzpXVx.debug.temp.o
 .debug_macro   0x00011f4b       0x16 C:\Users\embedded\AppData\Local\Temp\ccmzpXVx.debug.temp.o
 .debug_macro   0x00011f61       0x29 C:\Users\embedded\AppData\Local\Temp\ccmzpXVx.debug.temp.o
 .debug_macro   0x00011f8a       0x10 C:\Users\embedded\AppData\Local\Temp\ccmzpXVx.debug.temp.o
 .debug_macro   0x00011f9a      0x242 C:\Users\embedded\AppData\Local\Temp\ccmzpXVx.debug.temp.o
 .debug_macro   0x000121dc       0x1c C:\Users\embedded\AppData\Local\Temp\ccmzpXVx.debug.temp.o
 .debug_macro   0x000121f8       0x10 C:\Users\embedded\AppData\Local\Temp\ccmzpXVx.debug.temp.o
 .debug_macro   0x00012208       0x10 C:\Users\embedded\AppData\Local\Temp\ccmzpXVx.debug.temp.o
 .debug_macro   0x00012218       0x16 C:\Users\embedded\AppData\Local\Temp\ccmzpXVx.debug.temp.o
 .debug_macro   0x0001222e      0x146 C:\Users\embedded\AppData\Local\Temp\ccmzpXVx.debug.temp.o
 .debug_macro   0x00012374      0x18a C:\Users\embedded\AppData\Local\Temp\ccmzpXVx.debug.temp.o
 .debug_macro   0x000124fe       0x16 C:\Users\embedded\AppData\Local\Temp\ccmzpXVx.debug.temp.o
 .debug_macro   0x00012514       0xce C:\Users\embedded\AppData\Local\Temp\ccmzpXVx.debug.temp.o
 .debug_macro   0x000125e2      0x112 C:\Users\embedded\AppData\Local\Temp\ccmToE6G.debug.temp.o
 .debug_macro   0x000126f4      0x23c C:\Users\embedded\AppData\Local\Temp\ccmToE6G.debug.temp.o
 .debug_macro   0x00012930      0x1d5 C:\Users\embedded\AppData\Local\Temp\ccYcmzoP.debug.temp.o
 .debug_macro   0x00012b05      0x1f3 C:\Users\embedded\AppData\Local\Temp\ccgarb5W.debug.temp.o
 .debug_macro   0x00012cf8       0x10 C:\Users\embedded\AppData\Local\Temp\ccgarb5W.debug.temp.o
 .debug_macro   0x00012d08      0x2f2 C:\Users\embedded\AppData\Local\Temp\ccQOzck4.debug.temp.o
 .debug_macro   0x00012ffa       0x5e C:\Users\embedded\AppData\Local\Temp\ccQOzck4.debug.temp.o
 .debug_macro   0x00013058      0x1f9 C:\Users\embedded\AppData\Local\Temp\ccs8m8uf.debug.temp.o
 .debug_macro   0x00013251      0x1f9 C:\Users\embedded\AppData\Local\Temp\ccSRwZdq.debug.temp.o
 .debug_macro   0x0001344a      0x1e1 C:\Users\embedded\AppData\Local\Temp\ccql839A.debug.temp.o
 .debug_macro   0x0001362b      0x1d5 C:\Users\embedded\AppData\Local\Temp\ccguKgEL.debug.temp.o
 .debug_macro   0x00013800      0x1d5 C:\Users\embedded\AppData\Local\Temp\cceLeK1U.debug.temp.o
 .debug_macro   0x000139d5      0x1d5 C:\Users\embedded\AppData\Local\Temp\ccOrZIBm.debug.temp.o
 .debug_macro   0x00013baa      0x1e7 C:\Users\embedded\AppData\Local\Temp\ccIwsgCz.debug.temp.o
 .debug_macro   0x00013d91      0x1dc C:\Users\embedded\AppData\Local\Temp\cc8tT4WL.debug.temp.o
 .debug_macro   0x00013f6d      0x2a1 C:\Users\embedded\AppData\Local\Temp\cckcQZDY.debug.temp.o
 .debug_macro   0x0001420e      0x1d5 C:\Users\embedded\AppData\Local\Temp\ccYkrWOa.debug.temp.o
 .debug_macro   0x000143e3      0x1e7 C:\Users\embedded\AppData\Local\Temp\cc6Wq71a.debug.temp.o
 .debug_macro   0x000145ca      0x1d5 C:\Users\embedded\AppData\Local\Temp\ccsebQlp.debug.temp.o
 .debug_macro   0x0001479f      0x1d6 C:\Users\embedded\AppData\Local\Temp\ccG3EOGH.debug.temp.o
 .debug_macro   0x00014975      0x1d5 C:\Users\embedded\AppData\Local\Temp\ccKfJ2n0.debug.temp.o
 .debug_macro   0x00014b4a      0x1f2 C:\Users\embedded\AppData\Local\Temp\ccijN4ti.debug.temp.o

.debug_line_str
                0x00000000      0xec0
 .debug_line_str
                0x00000000      0x8cc C:\Users\embedded\AppData\Local\Temp\ccJpz1h0.debug.temp.o
 .debug_line_str
                0x00000000      0x712 C:\Users\embedded\AppData\Local\Temp\ccAxCGDa.debug.temp.o
 .debug_line_str
                0x00000000      0x84c C:\Users\embedded\AppData\Local\Temp\ccZqv82k.debug.temp.o
 .debug_line_str
                0x00000000      0x84e C:\Users\embedded\AppData\Local\Temp\cc6Ce24u.debug.temp.o
 .debug_line_str
                0x00000000      0x708 C:\Users\embedded\AppData\Local\Temp\ccKfMygA.debug.temp.o
 .debug_line_str
                0x00000000      0x846 C:\Users\embedded\AppData\Local\Temp\ccK7OCMA.debug.temp.o
 .debug_line_str
                0x00000000      0x852 C:\Users\embedded\AppData\Local\Temp\ccMAEg1E.debug.temp.o
 .debug_line_str
                0x00000000      0x833 C:\Users\embedded\AppData\Local\Temp\ccQ0OkDL.debug.temp.o
 .debug_line_str
                0x00000000      0x70c C:\Users\embedded\AppData\Local\Temp\cc8Plb9N.debug.temp.o
 .debug_line_str
                0x00000000      0x8cf C:\Users\embedded\AppData\Local\Temp\ccMcqBNQ.debug.temp.o
 .debug_line_str
                0x00000000      0x70e C:\Users\embedded\AppData\Local\Temp\cc8nDExX.debug.temp.o
 .debug_line_str
                0x00000000      0x83c C:\Users\embedded\AppData\Local\Temp\ccKxPxx3.debug.temp.o
 .debug_line_str
                0x00000000      0x71c C:\Users\embedded\AppData\Local\Temp\ccqraZjk.debug.temp.o
 .debug_line_str
                0x00000000      0x721 C:\Users\embedded\AppData\Local\Temp\cc8vsv7o.debug.temp.o
 .debug_line_str
                0x00000000      0x5c6 C:\Users\embedded\AppData\Local\Temp\ccmzpXVx.debug.temp.o
 .debug_line_str
                0x00000000      0x506 C:\Users\embedded\AppData\Local\Temp\ccmToE6G.debug.temp.o
 .debug_line_str
                0x00000000      0x713 C:\Users\embedded\AppData\Local\Temp\ccYcmzoP.debug.temp.o
 .debug_line_str
                0x00000000      0x71b C:\Users\embedded\AppData\Local\Temp\ccgarb5W.debug.temp.o
 .debug_line_str
                0x00000000      0x842 C:\Users\embedded\AppData\Local\Temp\ccQOzck4.debug.temp.o
 .debug_line_str
                0x00000000      0x73d C:\Users\embedded\AppData\Local\Temp\ccs8m8uf.debug.temp.o
 .debug_line_str
                0x00000000      0x745 C:\Users\embedded\AppData\Local\Temp\ccSRwZdq.debug.temp.o
 .debug_line_str
                0x00000000      0x74b C:\Users\embedded\AppData\Local\Temp\ccql839A.debug.temp.o
 .debug_line_str
                0x00000000      0x74b C:\Users\embedded\AppData\Local\Temp\ccguKgEL.debug.temp.o
 .debug_line_str
                0x00000000      0x745 C:\Users\embedded\AppData\Local\Temp\cceLeK1U.debug.temp.o
 .debug_line_str
                0x00000000      0x749 C:\Users\embedded\AppData\Local\Temp\ccOrZIBm.debug.temp.o
 .debug_line_str
                0x00000000      0x74f C:\Users\embedded\AppData\Local\Temp\ccIwsgCz.debug.temp.o
 .debug_line_str
                0x00000000      0x747 C:\Users\embedded\AppData\Local\Temp\cc8tT4WL.debug.temp.o
 .debug_line_str
                0x00000000      0x745 C:\Users\embedded\AppData\Local\Temp\cckcQZDY.debug.temp.o
 .debug_line_str
                0x00000000      0x74b C:\Users\embedded\AppData\Local\Temp\ccYkrWOa.debug.temp.o
 .debug_line_str
                0x00000000      0x745 C:\Users\embedded\AppData\Local\Temp\cc6Wq71a.debug.temp.o
 .debug_line_str
                0x00000000      0x74b C:\Users\embedded\AppData\Local\Temp\ccsebQlp.debug.temp.o
 .debug_line_str
                0x00000000      0x745 C:\Users\embedded\AppData\Local\Temp\ccG3EOGH.debug.temp.o
 .debug_line_str
                0x00000000      0x74b C:\Users\embedded\AppData\Local\Temp\ccKfJ2n0.debug.temp.o
 .debug_line_str
                0x00000000      0x747 C:\Users\embedded\AppData\Local\Temp\ccijN4ti.debug.temp.o
 .debug_line_str
                0x00000000      0xec0 ./Core/Startup/startup_stm32f030k6tx.o
                                 0x4a (size before relaxing)
