../Core/Src/app_logic.c:339:14:s_app	0	static
../Core/Src/app_logic.c:326:14:s_u2s	48	static
../Core/Src/app_logic.c:334:14:s_i2s	8	static
../Core/Src/app_logic.c:346:12:s_csv.constprop	20	static
../Core/Src/app_logic.c:6:6:App_Init	24	static
../Core/Src/app_logic.c:124:6:App_TaskTDS	8	static
../Core/Src/app_logic.c:143:6:App_TaskTemp	8	static
../Core/Src/app_logic.c:162:6:App_TaskBattery	16	static
../Core/Src/app_logic.c:248:6:App_TaskDailyRollup	24	static
../Core/Src/app_logic.c:263:9:App_CalcHydrationScore	8	static
../Core/Src/app_logic.c:105:6:App_RecordDrinkEvent	40	static
../Core/Src/app_logic.c:86:6:App_CheckDrinkEvent	16	static
../Core/Src/app_logic.c:71:6:App_TaskWeight	16	static
../Core/Src/app_logic.c:210:6:App_TaskReminder	24	static
../Core/Src/app_logic.c:273:6:App_SendACK	48	static
../Core/Src/app_logic.c:473:6:App_Cmd_Timestamp	16	static
../Core/Src/app_logic.c:484:6:App_Cmd_InputData	16	static
../Core/Src/app_logic.c:493:6:App_Cmd_Calibration	32	static
../Core/Src/app_logic.c:365:6:App_HandleStringCommand	112	static
../Core/Src/app_logic.c:511:6:App_Cmd_LampMode	40	static
../Core/Src/app_logic.c:538:6:App_Cmd_SoftReset	8	static
../Core/Src/app_logic.c:545:6:App_Cmd_FactoryReset	8	static
../Core/Src/app_logic.c:557:6:App_Cmd_HistoricalAggregates	80	static
../Core/Src/app_logic.c:581:6:App_Cmd_RegisterDevice	16	static
../Core/Src/app_logic.c:595:6:App_Cmd_UnpairDevice	16	static
../Core/Src/app_logic.c:603:6:App_Cmd_SensorLogs	80	static
../Core/Src/app_logic.c:627:6:App_Cmd_SyncAck	16	static
../Core/Src/app_logic.c:640:6:App_Cmd_DeviceStatus	64	static
../Core/Src/app_logic.c:658:6:App_Cmd_GetConfig	48	static
../Core/Src/app_logic.c:665:6:App_Cmd_GetErrors	56	static
../Core/Src/app_logic.c:674:6:App_Cmd_Ping	48	static
../Core/Src/app_logic.c:281:6:App_HandleBLECommand	16	static
../Core/Src/app_logic.c:189:6:App_TaskBLE	104	static
../Core/Src/app_logic.c:52:6:App_Run	16	static
../Core/Src/app_logic.c:681:6:App_ResetDailyConsumed	0	static
