../Core/Src/app_logic.c:366:16:parse_int	20	static
../Core/Src/app_logic.c:404:13:append_int	48	static
../Core/Src/app_logic.c:415:16:starts_with	12	static
../Core/Src/app_logic.c:379:13:send_ok	64	static
../Core/Src/app_logic.c:390:13:send_err	72	static
../Core/Src/app_logic.c:6:6:App_Init	24	static
../Core/Src/app_logic.c:172:6:App_TaskTDS	8	static
../Core/Src/app_logic.c:191:6:App_TaskTemp	8	static
../Core/Src/app_logic.c:210:6:App_TaskBattery	16	static
../Core/Src/app_logic.c:312:6:App_TaskDailyRollup	24	static
../Core/Src/app_logic.c:327:9:App_CalcHydrationScore	8	static
../Core/Src/app_logic.c:153:6:App_RecordDrinkEvent	40	static
../Core/Src/app_logic.c:103:6:App_CheckDrinkEvent	32	static
../Core/Src/app_logic.c:88:6:App_TaskWeight	16	static
../Core/Src/app_logic.c:271:6:App_TaskReminder	24	static
../Core/Src/app_logic.c:432:6:App_Cmd_GetLive	96	static
../Core/Src/app_logic.c:600:6:App_HandleBLELine	112	static
../Core/Src/app_logic.c:237:6:App_TaskBLE	104	static
../Core/Src/app_logic.c:63:6:App_Run	16	static
../Core/Src/app_logic.c:661:6:App_ResetDailyConsumed	0	static
