../Core/Src/ble_jdy29.c:13:6:BLE_Init	16	static
../Core/Src/ble_jdy29.c:27:6:BLE_StartReceive	8	static
../Core/Src/ble_jdy29.c:40:6:BLE_RxISR	16	static
../Core/Src/ble_jdy29.c:119:9:BLE_GetPacket	16	static
../Core/Src/ble_jdy29.c:129:19:BLE_SendPacket	8	static
../Core/Src/ble_jdy29.c:138:9:BLE_GetLine	12	static
../Core/Src/ble_jdy29.c:155:19:BLE_SendStr	16	static
../Core/Src/ble_jdy29.c:161:19:BLE_SendBytes	8	static
../Core/Src/ble_jdy29.c:168:6:BLE_PollState	8	static
../Core/Src/ble_jdy29.c:175:9:BLE_IsConnected	8	static
../Core/Src/ble_jdy29.c:191:19:BLE_AT_SetName	48	static
../Core/Src/ble_jdy29.c:209:19:BLE_AT_SetBaud	8	static
