../Core/Src/ble_jdy29.c:59:6:BLE_Init	8	static
../Core/Src/ble_jdy29.c:102:6:BLE_StartReceive	8	static
../Core/Src/ble_jdy29.c:124:6:BLE_RxISR	24	static
../Core/Src/ble_jdy29.c:171:6:BLE_RecoverFromError	8	static
../Core/Src/ble_jdy29.c:194:9:BLE_GetLine	24	static
../Core/Src/ble_jdy29.c:214:19:BLE_SendLine	16	static
../Core/Src/ble_jdy29.c:222:19:BLE_SendStr	16	static
../Core/Src/ble_jdy29.c:229:6:BLE_PollState	8	static
../Core/Src/ble_jdy29.c:236:9:BLE_IsConnected	8	static
../Core/Src/ble_jdy29.c:251:19:BLE_AT_SetName	48	static
../Core/Src/ble_jdy29.c:84:6:BLE_Configure	16	static
../Core/Src/ble_jdy29.c:267:19:BLE_AT_SetBaud	8	static
