../Core/Src/data_storage.c:19:26:Flash_WriteBytes.isra	24	static
../Core/Src/data_storage.c:6:26:Flash_ErasePage.isra	24	static
../Core/Src/data_storage.c:40:10:Storage_CRC32	20	static
../Core/Src/data_storage.c:52:6:Storage_DefaultPrefs	0	static
../Core/Src/data_storage.c:69:6:Storage_Init	0	static
../Core/Src/data_storage.c:72:6:Storage_LoadSettings	8	static
../Core/Src/data_storage.c:85:6:Storage_SaveSettings	80	static
../Core/Src/data_storage.c:97:6:Storage_EraseSettings	8	static
../Core/Src/data_storage.c:103:6:Storage_AddDrinkEvent	16	static
../Core/Src/data_storage.c:114:6:Storage_FlushDrinkLog	16	static
../Core/Src/data_storage.c:123:6:Storage_LoadDrinkLog	8	static
../Core/Src/data_storage.c:130:6:Storage_MarkSynced	12	static
../Core/Src/data_storage.c:139:6:Storage_UpdateDailySummary	40	static
../Core/Src/data_storage.c:178:6:Storage_FlushDailySummary	16	static
../Core/Src/data_storage.c:187:6:Storage_LoadDailySummary	8	static
../Core/Src/data_storage.c:195:6:Storage_PurgeDailySummaryOlderThan	40	static
../Core/Src/data_storage.c:206:6:Storage_FactoryReset	8	static
