../Core/Src/ws2812b.c:313:14:ScaleBright	40	static
../Core/Src/ws2812b.c:153:6:WS2812B_Init	32	static
../Core/Src/ws2812b.c:182:6:WS2812B_Send	24	static
../Core/Src/ws2812b.c:320:13:SendIfDirty	8	static
../Core/Src/ws2812b.c:203:6:WS2812B_SendBlocking	8	static
../Core/Src/ws2812b.c:219:6:WS2812B_DMAComplete_Callback	8	static
../Core/Src/ws2812b.c:230:6:HAL_TIM_PWM_PulseFinishedCallback	8	static
../Core/Src/ws2812b.c:244:6:HAL_TIM_PWM_PulseFinishedHalfCpltCallback	0	static
../Core/Src/ws2812b.c:254:6:WS2812B_SetAll	40	static
../Core/Src/ws2812b.c:265:6:WS2812B_SetPixel	24	static
../Core/Src/ws2812b.c:280:6:WS2812B_SetPattern	8	static
../Core/Src/ws2812b.c:292:6:WS2812B_SetLampColor	16	static
../Core/Src/ws2812b.c:293:6:WS2812B_SetSolidColor	16	static
../Core/Src/ws2812b.c:299:6:WS2812B_SetCustomReminderColor	16	static
../Core/Src/ws2812b.c:300:6:WS2812B_SetChargingLevel	0	static
../Core/Src/ws2812b.c:306:9:WS2812B_IsBusy	0	static
../Core/Src/ws2812b.c:331:6:WS2812B_Update	72	static
../Core/Src/ws2812b.c:509:6:WS2812B_SelfTest	40	static
