../Core/Src/ws2812b.c:306:14:ScaleBright	40	static
../Core/Src/ws2812b.c:152:6:WS2812B_Init	32	static
../Core/Src/ws2812b.c:181:6:WS2812B_Send	24	static
../Core/Src/ws2812b.c:313:13:SendIfDirty	8	static
../Core/Src/ws2812b.c:202:6:WS2812B_SendBlocking	8	static
../Core/Src/ws2812b.c:218:6:WS2812B_DMAComplete_Callback	8	static
../Core/Src/ws2812b.c:229:6:HAL_TIM_PWM_PulseFinishedCallback	8	static
../Core/Src/ws2812b.c:243:6:HAL_TIM_PWM_PulseFinishedHalfCpltCallback	0	static
../Core/Src/ws2812b.c:253:6:WS2812B_SetAll	40	static
../Core/Src/ws2812b.c:264:6:WS2812B_SetPixel	24	static
../Core/Src/ws2812b.c:279:6:WS2812B_SetPattern	8	static
../Core/Src/ws2812b.c:291:6:WS2812B_SetLampColor	16	static
../Core/Src/ws2812b.c:292:6:WS2812B_SetCustomReminderColor	16	static
../Core/Src/ws2812b.c:293:6:WS2812B_SetChargingLevel	0	static
../Core/Src/ws2812b.c:299:9:WS2812B_IsBusy	0	static
../Core/Src/ws2812b.c:324:6:WS2812B_Update	72	static
../Core/Src/ws2812b.c:498:6:WS2812B_SelfTest	40	static
